NeuralNet(
  (network): Sequential(
    (0): Linear(in_features=2, out_features=48, bias=True)
    (1): Tanh()
    (2): Linear(in_features=48, out_features=48, bias=True)
    (3): Tanh()
    (4): Linear(in_features=48, out_features=48, bias=True)
    (5): Tanh()
    (6): Linear(in_features=48, out_features=48, bias=True)
    (7): Tanh()
    (8): Linear(in_features=48, out_features=2, bias=True)
  )
)
starting Adam training
It: 100, Time: 3.56, mse_0: 4.8637e+02, mse_f: 5.1855e+02, total loss: 1.5437e+03, Error u,v: 3.3937e-01, 2.9312e-01
It: 200, Time: 2.29, mse_0: 1.9325e+02, mse_f: 1.8235e+02, total loss: 4.3342e+02, Error u,v: 2.4685e-01, 2.2251e-01
It: 300, Time: 2.80, mse_0: 4.7208e+01, mse_f: 1.2584e+02, total loss: 1.9706e+02, Error u,v: 1.6106e-01, 9.7158e-02
It: 400, Time: 2.61, mse_0: 3.3987e+01, mse_f: 6.4815e+01, total loss: 1.0759e+02, Error u,v: 1.4851e-01, 7.7291e-02
It: 500, Time: 2.39, mse_0: 2.4796e+01, mse_f: 2.9742e+01, total loss: 6.2174e+01, Error u,v: 1.4141e-01, 7.5874e-02
It: 600, Time: 2.49, mse_0: 1.5516e+01, mse_f: 2.1612e+01, total loss: 3.8768e+01, Error u,v: 1.1672e-01, 6.8787e-02
It: 700, Time: 2.62, mse_0: 8.3507e+00, mse_f: 1.9679e+01, total loss: 2.8696e+01, Error u,v: 9.1804e-02, 4.9323e-02
It: 800, Time: 2.61, mse_0: 5.6991e+00, mse_f: 1.5337e+01, total loss: 2.1423e+01, Error u,v: 8.9977e-02, 4.3344e-02
It: 900, Time: 2.73, mse_0: 4.4162e+00, mse_f: 1.1290e+01, total loss: 1.6067e+01, Error u,v: 7.5725e-02, 3.8573e-02
It: 1000, Time: 2.49, mse_0: 3.0345e+00, mse_f: 8.1506e+00, total loss: 1.1458e+01, Error u,v: 6.8753e-02, 3.2858e-02
It: 1100, Time: 2.55, mse_0: 2.2724e+00, mse_f: 5.4179e+00, total loss: 7.8271e+00, Error u,v: 6.0292e-02, 2.9053e-02
It: 1200, Time: 2.59, mse_0: 1.6889e+00, mse_f: 3.8240e+00, total loss: 5.6036e+00, Error u,v: 5.0958e-02, 2.5551e-02
It: 1300, Time: 2.74, mse_0: 1.2727e+00, mse_f: 3.1055e+00, total loss: 4.4399e+00, Error u,v: 4.4452e-02, 2.2731e-02
It: 1400, Time: 2.71, mse_0: 9.7912e-01, mse_f: 2.6092e+00, total loss: 3.6321e+00, Error u,v: 3.9467e-02, 2.0321e-02
It: 1500, Time: 2.55, mse_0: 7.5939e-01, mse_f: 2.2178e+00, total loss: 3.0077e+00, Error u,v: 3.5653e-02, 1.8381e-02
It: 1600, Time: 2.59, mse_0: 6.3844e-01, mse_f: 1.8473e+00, total loss: 2.5097e+00, Error u,v: 3.2923e-02, 1.7146e-02
It: 1700, Time: 2.48, mse_0: 5.5725e-01, mse_f: 1.5255e+00, total loss: 2.1027e+00, Error u,v: 3.0323e-02, 1.6207e-02
It: 1800, Time: 3.02, mse_0: 4.9181e-01, mse_f: 1.2674e+00, total loss: 1.7758e+00, Error u,v: 2.7948e-02, 1.5417e-02
It: 1900, Time: 3.21, mse_0: 4.3375e-01, mse_f: 1.0661e+00, total loss: 1.5138e+00, Error u,v: 2.5745e-02, 1.4648e-02
It: 2000, Time: 2.34, mse_0: 3.8462e-01, mse_f: 9.0846e-01, total loss: 1.3054e+00, Error u,v: 2.3777e-02, 1.3899e-02
It: 2100, Time: 2.41, mse_0: 3.4292e-01, mse_f: 7.8459e-01, total loss: 1.1384e+00, Error u,v: 2.2003e-02, 1.3214e-02
It: 2200, Time: 3.08, mse_0: 3.0608e-01, mse_f: 6.8515e-01, total loss: 1.0009e+00, Error u,v: 2.0478e-02, 1.2594e-02
It: 2300, Time: 3.31, mse_0: 2.7259e-01, mse_f: 6.0294e-01, total loss: 8.8423e-01, Error u,v: 1.9115e-02, 1.2011e-02
It: 2400, Time: 2.61, mse_0: 2.4205e-01, mse_f: 5.3384e-01, total loss: 7.8374e-01, Error u,v: 1.7879e-02, 1.1441e-02
It: 2500, Time: 2.88, mse_0: 2.1370e-01, mse_f: 4.7617e-01, total loss: 6.9701e-01, Error u,v: 1.6724e-02, 1.0877e-02
It: 2600, Time: 2.51, mse_0: 1.8792e-01, mse_f: 4.2781e-01, total loss: 6.2232e-01, Error u,v: 1.5631e-02, 1.0324e-02
It: 2700, Time: 2.38, mse_0: 1.6493e-01, mse_f: 3.8692e-01, total loss: 5.5803e-01, Error u,v: 1.4582e-02, 9.7800e-03
It: 2800, Time: 2.17, mse_0: 1.4455e-01, mse_f: 3.5211e-01, total loss: 5.0253e-01, Error u,v: 1.3580e-02, 9.2467e-03
It: 2900, Time: 2.56, mse_0: 1.2660e-01, mse_f: 3.2212e-01, total loss: 4.5433e-01, Error u,v: 1.2624e-02, 8.7271e-03
It: 3000, Time: 2.36, mse_0: 4.3459e-01, mse_f: 4.7332e-01, total loss: 1.7546e+00, Error u,v: 1.3539e-02, 1.2158e-02
It: 3100, Time: 2.43, mse_0: 1.9381e-01, mse_f: 3.2584e-01, total loss: 7.7881e-01, Error u,v: 1.1132e-02, 8.0710e-03
It: 3200, Time: 2.18, mse_0: 9.1637e-02, mse_f: 2.5436e-01, total loss: 3.5206e-01, Error u,v: 1.0815e-02, 8.2122e-03
It: 3300, Time: 2.49, mse_0: 1.2264e-01, mse_f: 2.5926e-01, total loss: 4.6811e-01, Error u,v: 9.7347e-03, 7.0883e-03
It: 3400, Time: 2.54, mse_0: 7.9567e-02, mse_f: 2.3196e-01, total loss: 3.5215e-01, Error u,v: 9.1182e-03, 6.9050e-03
It: 3500, Time: 2.54, mse_0: 6.8938e-02, mse_f: 2.0982e-01, total loss: 2.9246e-01, Error u,v: 8.3706e-03, 6.2349e-03
It: 3600, Time: 2.38, mse_0: 5.7214e-02, mse_f: 1.9361e-01, total loss: 2.5695e-01, Error u,v: 7.7841e-03, 5.8412e-03
It: 3700, Time: 2.83, mse_0: 5.2995e-02, mse_f: 1.8197e-01, total loss: 2.4383e-01, Error u,v: 7.2548e-03, 5.4759e-03
It: 3800, Time: 2.87, mse_0: 1.9454e-01, mse_f: 2.9750e-01, total loss: 8.8608e-01, Error u,v: 7.9365e-03, 8.1097e-03
It: 3900, Time: 2.43, mse_0: 1.4344e-01, mse_f: 2.4192e-01, total loss: 6.6665e-01, Error u,v: 6.8104e-03, 5.7280e-03
It: 4000, Time: 2.38, mse_0: 8.3719e-02, mse_f: 1.7879e-01, total loss: 3.5427e-01, Error u,v: 6.1989e-03, 4.7756e-03
It: 4100, Time: 2.36, mse_0: 6.4516e-02, mse_f: 1.6985e-01, total loss: 3.3355e-01, Error u,v: 5.9813e-03, 5.1605e-03
It: 4200, Time: 2.75, mse_0: 3.9932e-01, mse_f: 4.2647e-01, total loss: 1.7594e+00, Error u,v: 6.5631e-03, 7.1168e-03
It: 4300, Time: 2.21, mse_0: 1.3369e-01, mse_f: 2.0716e-01, total loss: 6.2735e-01, Error u,v: 5.4087e-03, 4.7258e-03
It: 4400, Time: 2.38, mse_0: 4.4556e-02, mse_f: 1.3048e-01, total loss: 2.0821e-01, Error u,v: 5.1042e-03, 4.1796e-03
It: 4500, Time: 2.44, mse_0: 8.6722e-02, mse_f: 1.5195e-01, total loss: 3.6720e-01, Error u,v: 4.7247e-03, 3.9356e-03
It: 4600, Time: 2.66, mse_0: 3.3865e-02, mse_f: 1.1668e-01, total loss: 1.7187e-01, Error u,v: 4.6070e-03, 3.9491e-03
It: 4700, Time: 2.61, mse_0: 1.7097e-01, mse_f: 1.8248e-01, total loss: 6.8234e-01, Error u,v: 4.8804e-03, 4.7550e-03
It: 4800, Time: 2.35, mse_0: 1.1992e-01, mse_f: 1.6683e-01, total loss: 5.6321e-01, Error u,v: 4.6684e-03, 4.7427e-03
It: 4900, Time: 2.33, mse_0: 5.1095e-02, mse_f: 1.8740e-01, total loss: 4.2311e-01, Error u,v: 4.2112e-03, 3.3573e-03
It: 5000, Time: 2.49, mse_0: 7.0285e-01, mse_f: 1.0339e+00, total loss: 3.3007e+00, Error u,v: 5.4288e-03, 9.2927e-03
It: 5100, Time: 2.29, mse_0: 1.5271e-01, mse_f: 3.2081e-01, total loss: 7.2453e-01, Error u,v: 4.2430e-03, 5.4240e-03
It: 5200, Time: 2.40, mse_0: 4.5226e-02, mse_f: 1.7263e-01, total loss: 2.9595e-01, Error u,v: 4.6808e-03, 4.1708e-03
It: 5300, Time: 2.57, mse_0: 2.5181e-02, mse_f: 1.0381e-01, total loss: 1.8897e-01, Error u,v: 3.5930e-03, 2.6758e-03
It: 5400, Time: 2.32, mse_0: 1.3934e-02, mse_f: 8.1390e-02, total loss: 1.0418e-01, Error u,v: 3.2587e-03, 2.7358e-03
It: 5500, Time: 2.55, mse_0: 3.4055e-01, mse_f: 2.2990e-01, total loss: 1.3029e+00, Error u,v: 5.0455e-03, 5.6057e-03
It: 5600, Time: 2.79, mse_0: 2.8372e-02, mse_f: 7.7422e-02, total loss: 1.5676e-01, Error u,v: 4.0012e-03, 3.5689e-03
It: 5700, Time: 2.82, mse_0: 3.8623e-02, mse_f: 1.6313e-01, total loss: 2.5464e-01, Error u,v: 2.8055e-03, 3.6560e-03
It: 5800, Time: 2.74, mse_0: 9.0358e-02, mse_f: 8.4899e-02, total loss: 3.6618e-01, Error u,v: 3.3198e-03, 2.6973e-03
It: 5900, Time: 2.71, mse_0: 1.8303e-02, mse_f: 1.1253e-01, total loss: 1.4840e-01, Error u,v: 2.6926e-03, 3.0477e-03
It: 6000, Time: 2.57, mse_0: 2.3835e-02, mse_f: 1.0050e-01, total loss: 1.7897e-01, Error u,v: 3.5324e-03, 2.9119e-03
It: 6100, Time: 2.69, mse_0: 1.6393e-02, mse_f: 9.3625e-02, total loss: 1.2044e-01, Error u,v: 2.8766e-03, 1.8528e-03
It: 6200, Time: 2.41, mse_0: 2.1038e-02, mse_f: 9.3872e-02, total loss: 1.5357e-01, Error u,v: 2.6974e-03, 2.8999e-03
It: 6300, Time: 2.80, mse_0: 8.6899e-02, mse_f: 2.3376e-01, total loss: 5.0796e-01, Error u,v: 2.9803e-03, 4.3801e-03
It: 6400, Time: 2.46, mse_0: 7.2258e-02, mse_f: 6.7024e-02, total loss: 3.7856e-01, Error u,v: 3.9898e-03, 3.3568e-03
It: 6500, Time: 2.48, mse_0: 1.2636e-01, mse_f: 2.3470e-01, total loss: 5.6259e-01, Error u,v: 2.7508e-03, 3.7334e-03
It: 6600, Time: 2.72, mse_0: 3.7515e-02, mse_f: 1.2631e-01, total loss: 2.0134e-01, Error u,v: 2.3656e-03, 1.7678e-03
It: 6700, Time: 2.61, mse_0: 4.3549e-02, mse_f: 1.1885e-01, total loss: 2.3751e-01, Error u,v: 2.4688e-03, 1.6847e-03
It: 6800, Time: 2.62, mse_0: 2.5467e-02, mse_f: 1.0272e-01, total loss: 1.7526e-01, Error u,v: 2.1964e-03, 2.8536e-03
It: 6900, Time: 2.61, mse_0: 1.9152e-01, mse_f: 2.6905e-01, total loss: 8.1950e-01, Error u,v: 3.0158e-03, 4.0918e-03
It: 7000, Time: 2.42, mse_0: 7.3127e-02, mse_f: 1.1504e-01, total loss: 3.5954e-01, Error u,v: 2.2367e-03, 2.8216e-03
It: 7100, Time: 2.39, mse_0: 1.2370e-01, mse_f: 6.6808e-02, total loss: 5.4914e-01, Error u,v: 4.9476e-03, 3.5416e-03
It: 7200, Time: 2.35, mse_0: 1.4399e-01, mse_f: 5.1508e-02, total loss: 5.8962e-01, Error u,v: 3.9042e-03, 3.4902e-03
It: 7300, Time: 2.48, mse_0: 7.5489e-02, mse_f: 6.1283e-02, total loss: 3.7934e-01, Error u,v: 3.9176e-03, 2.5281e-03
It: 7400, Time: 2.29, mse_0: 2.7911e-02, mse_f: 9.9231e-02, total loss: 1.7929e-01, Error u,v: 2.0755e-03, 1.6862e-03
It: 7500, Time: 2.38, mse_0: 1.3052e-01, mse_f: 1.5874e-01, total loss: 5.3908e-01, Error u,v: 2.6891e-03, 3.6860e-03
It: 7600, Time: 2.77, mse_0: 1.3813e-01, mse_f: 1.5306e-01, total loss: 5.7753e-01, Error u,v: 2.5227e-03, 3.4735e-03
It: 7700, Time: 2.39, mse_0: 2.2202e-02, mse_f: 9.3507e-02, total loss: 1.5716e-01, Error u,v: 1.7617e-03, 2.4808e-03
It: 7800, Time: 2.73, mse_0: 1.5528e-01, mse_f: 1.0515e-01, total loss: 6.7899e-01, Error u,v: 4.3477e-03, 3.4911e-03
It: 7900, Time: 2.71, mse_0: 2.7331e-02, mse_f: 1.3608e-01, total loss: 1.9724e-01, Error u,v: 1.7655e-03, 1.8524e-03
It: 8000, Time: 2.68, mse_0: 1.6805e-02, mse_f: 6.4423e-02, total loss: 1.1975e-01, Error u,v: 1.9303e-03, 2.0031e-03
It: 8100, Time: 2.32, mse_0: 1.2291e-01, mse_f: 5.6636e-02, total loss: 4.8499e-01, Error u,v: 4.2190e-03, 3.0431e-03
It: 8200, Time: 2.44, mse_0: 1.1428e-01, mse_f: 1.4095e-01, total loss: 5.1332e-01, Error u,v: 2.9261e-03, 3.1913e-03
It: 8300, Time: 2.61, mse_0: 2.4399e-02, mse_f: 6.8045e-02, total loss: 1.3108e-01, Error u,v: 1.3022e-03, 1.1607e-03
It: 8400, Time: 2.54, mse_0: 8.2610e-02, mse_f: 1.3077e-01, total loss: 4.1581e-01, Error u,v: 3.4658e-03, 2.6304e-03
It: 8500, Time: 2.46, mse_0: 1.2992e-01, mse_f: 6.9039e-02, total loss: 5.6654e-01, Error u,v: 4.2948e-03, 2.9332e-03
It: 8600, Time: 2.59, mse_0: 1.0763e-02, mse_f: 6.2385e-02, total loss: 8.8641e-02, Error u,v: 1.3385e-03, 1.1818e-03
It: 8700, Time: 2.46, mse_0: 1.1041e-01, mse_f: 1.7005e-01, total loss: 4.8489e-01, Error u,v: 2.4039e-03, 3.5210e-03
It: 8800, Time: 2.80, mse_0: 1.1319e-01, mse_f: 9.8529e-02, total loss: 5.8156e-01, Error u,v: 4.5194e-03, 3.0756e-03
It: 8900, Time: 2.55, mse_0: 6.2913e-02, mse_f: 6.2565e-02, total loss: 2.6282e-01, Error u,v: 2.3792e-03, 1.7144e-03
It: 9000, Time: 2.49, mse_0: 2.6896e-02, mse_f: 1.0326e-01, total loss: 1.6144e-01, Error u,v: 1.2322e-03, 1.4937e-03
It: 9100, Time: 2.81, mse_0: 2.5022e-02, mse_f: 3.8709e-02, total loss: 1.2208e-01, Error u,v: 1.6616e-03, 2.4157e-03
It: 9200, Time: 2.91, mse_0: 1.4758e-01, mse_f: 1.6948e-01, total loss: 6.0355e-01, Error u,v: 2.5946e-03, 3.5775e-03
It: 9300, Time: 2.83, mse_0: 3.6730e-02, mse_f: 3.2594e-02, total loss: 1.6533e-01, Error u,v: 1.3473e-03, 2.0177e-03
It: 9400, Time: 2.88, mse_0: 4.2768e-02, mse_f: 1.4749e-01, total loss: 2.5616e-01, Error u,v: 1.3880e-03, 2.7471e-03
It: 9500, Time: 2.90, mse_0: 9.5538e-02, mse_f: 4.4721e-02, total loss: 4.3712e-01, Error u,v: 4.1111e-03, 2.6363e-03
It: 9600, Time: 2.71, mse_0: 1.3834e-01, mse_f: 1.2476e-01, total loss: 5.6468e-01, Error u,v: 2.9979e-03, 3.6175e-03
It: 9700, Time: 2.46, mse_0: 6.4769e-02, mse_f: 1.1397e-01, total loss: 2.8534e-01, Error u,v: 1.3693e-03, 2.0457e-03
It: 9800, Time: 2.79, mse_0: 3.2295e-02, mse_f: 1.3237e-01, total loss: 1.9779e-01, Error u,v: 1.5399e-03, 1.5462e-03
It: 9900, Time: 2.88, mse_0: 1.1892e-01, mse_f: 9.1885e-02, total loss: 4.7797e-01, Error u,v: 2.8724e-03, 3.4548e-03
It: 10000, Time: 2.57, mse_0: 6.9798e-02, mse_f: 2.7754e-02, total loss: 3.0002e-01, Error u,v: 2.9997e-03, 1.9125e-03
It: 10100, Time: 2.95, mse_0: 8.2912e-03, mse_f: 4.0244e-02, total loss: 6.6091e-02, Error u,v: 1.1701e-03, 1.0621e-03
It: 10200, Time: 2.75, mse_0: 4.5062e-02, mse_f: 8.7439e-02, total loss: 2.1145e-01, Error u,v: 2.7426e-03, 1.8881e-03
It: 10300, Time: 2.45, mse_0: 7.0252e-03, mse_f: 3.7202e-02, total loss: 5.1800e-02, Error u,v: 8.8567e-04, 1.4819e-03
It: 10400, Time: 2.46, mse_0: 6.6880e-02, mse_f: 8.5754e-02, total loss: 2.7418e-01, Error u,v: 1.9166e-03, 2.9378e-03
It: 10500, Time: 3.08, mse_0: 1.2668e-01, mse_f: 1.6123e-01, total loss: 5.3339e-01, Error u,v: 2.5655e-03, 3.0553e-03
It: 10600, Time: 3.29, mse_0: 4.6897e-02, mse_f: 3.9732e-02, total loss: 2.0185e-01, Error u,v: 1.5311e-03, 1.8873e-03
It: 10700, Time: 2.77, mse_0: 2.3698e-02, mse_f: 9.3496e-02, total loss: 1.5389e-01, Error u,v: 1.9627e-03, 1.7723e-03
It: 10800, Time: 2.90, mse_0: 9.7025e-02, mse_f: 3.5064e-02, total loss: 3.9875e-01, Error u,v: 3.2716e-03, 2.8619e-03
It: 10900, Time: 2.47, mse_0: 3.6827e-02, mse_f: 1.5790e-02, total loss: 1.5557e-01, Error u,v: 1.5698e-03, 1.6958e-03
It: 11000, Time: 2.20, mse_0: 2.6099e-02, mse_f: 8.1270e-02, total loss: 1.3818e-01, Error u,v: 1.5378e-03, 1.7668e-03
It: 11100, Time: 2.21, mse_0: 5.7280e-02, mse_f: 1.0577e-01, total loss: 2.8162e-01, Error u,v: 3.0577e-03, 2.1393e-03
It: 11200, Time: 2.16, mse_0: 1.1871e-01, mse_f: 1.0270e-01, total loss: 4.8643e-01, Error u,v: 3.0705e-03, 3.3094e-03
It: 11300, Time: 2.24, mse_0: 9.6150e-02, mse_f: 6.0624e-02, total loss: 3.7823e-01, Error u,v: 2.3843e-03, 2.8437e-03
It: 11400, Time: 2.23, mse_0: 4.1601e-02, mse_f: 8.2915e-02, total loss: 1.9975e-01, Error u,v: 1.4600e-03, 1.7901e-03
It: 11500, Time: 2.30, mse_0: 6.7683e-02, mse_f: 4.7719e-02, total loss: 2.8197e-01, Error u,v: 2.3120e-03, 2.8669e-03
It: 11600, Time: 2.28, mse_0: 4.0061e-02, mse_f: 6.6748e-02, total loss: 2.1044e-01, Error u,v: 1.9104e-03, 1.5934e-03
It: 11700, Time: 2.37, mse_0: 2.0701e-02, mse_f: 8.6041e-02, total loss: 1.3606e-01, Error u,v: 1.2476e-03, 1.6104e-03
It: 11800, Time: 2.42, mse_0: 5.3277e-02, mse_f: 5.2650e-02, total loss: 2.6390e-01, Error u,v: 2.9588e-03, 2.1287e-03
It: 11900, Time: 2.28, mse_0: 7.0654e-02, mse_f: 1.2612e-01, total loss: 3.0228e-01, Error u,v: 2.3085e-03, 2.3734e-03
It: 12000, Time: 2.40, mse_0: 1.0045e-01, mse_f: 9.0468e-02, total loss: 4.1379e-01, Error u,v: 2.3750e-03, 3.1444e-03
starting L-BFGS training
It: 100, Time: 3.34, mse_0: 2.2780e-03, mse_f: 1.8164e-02, total loss: 2.0789e-02, Error u,v: 9.4059e-04, 9.3797e-04
It: 200, Time: 3.94, mse_0: 9.1645e-04, mse_f: 9.7367e-03, total loss: 1.0787e-02, Error u,v: 8.3995e-04, 6.0581e-04
It: 300, Time: 3.81, mse_0: 6.8037e-04, mse_f: 8.7627e-03, total loss: 9.5760e-03, Error u,v: 6.2387e-04, 5.3833e-04
It: 400, Time: 4.14, mse_0: 6.7013e-04, mse_f: 8.2200e-03, total loss: 9.0146e-03, Error u,v: 5.1536e-04, 5.2146e-04
It: 500, Time: 3.97, mse_0: 7.4244e-04, mse_f: 7.7187e-03, total loss: 8.5983e-03, Error u,v: 5.1810e-04, 5.3660e-04
It: 600, Time: 4.29, mse_0: 7.1214e-04, mse_f: 7.3765e-03, total loss: 8.2056e-03, Error u,v: 5.0609e-04, 5.1903e-04
It: 700, Time: 4.31, mse_0: 6.7065e-04, mse_f: 7.0953e-03, total loss: 7.8802e-03, Error u,v: 4.8565e-04, 5.0934e-04
It: 800, Time: 4.27, mse_0: 6.8811e-04, mse_f: 6.5806e-03, total loss: 7.3914e-03, Error u,v: 5.0741e-04, 5.1227e-04
It: 900, Time: 4.35, mse_0: 6.3267e-04, mse_f: 6.0207e-03, total loss: 6.7531e-03, Error u,v: 4.8988e-04, 4.9989e-04
It: 1000, Time: 4.15, mse_0: 6.2832e-04, mse_f: 5.5199e-03, total loss: 6.2561e-03, Error u,v: 4.9433e-04, 4.8903e-04
It: 1100, Time: 4.13, mse_0: 6.1170e-04, mse_f: 5.0578e-03, total loss: 5.7696e-03, Error u,v: 4.5954e-04, 4.7829e-04
It: 1200, Time: 4.49, mse_0: 5.6380e-04, mse_f: 4.6018e-03, total loss: 5.2972e-03, Error u,v: 4.6239e-04, 4.5915e-04
It: 1300, Time: 4.49, mse_0: 5.1334e-04, mse_f: 4.2466e-03, total loss: 4.8790e-03, Error u,v: 4.9000e-04, 4.5388e-04
It: 1400, Time: 4.69, mse_0: 4.6797e-04, mse_f: 3.9774e-03, total loss: 4.5649e-03, Error u,v: 4.5129e-04, 4.3598e-04
It: 1500, Time: 4.91, mse_0: 4.8127e-04, mse_f: 3.7217e-03, total loss: 4.3150e-03, Error u,v: 4.3547e-04, 4.3150e-04
It: 1600, Time: 4.58, mse_0: 4.8204e-04, mse_f: 3.4887e-03, total loss: 4.0630e-03, Error u,v: 4.0075e-04, 4.2283e-04
It: 1700, Time: 4.55, mse_0: 4.7330e-04, mse_f: 3.3235e-03, total loss: 3.8740e-03, Error u,v: 3.8298e-04, 4.1376e-04
It: 1800, Time: 4.78, mse_0: 5.0219e-04, mse_f: 3.1831e-03, total loss: 3.7439e-03, Error u,v: 3.7890e-04, 4.0881e-04
It: 1900, Time: 3.99, mse_0: 4.9378e-04, mse_f: 3.0457e-03, total loss: 3.5995e-03, Error u,v: 3.7925e-04, 4.1141e-04
It: 2000, Time: 3.76, mse_0: 4.7339e-04, mse_f: 2.9333e-03, total loss: 3.4653e-03, Error u,v: 3.8139e-04, 4.1393e-04
It: 2100, Time: 4.14, mse_0: 4.4957e-04, mse_f: 2.7922e-03, total loss: 3.2940e-03, Error u,v: 3.6750e-04, 4.0804e-04
It: 2200, Time: 4.22, mse_0: 4.3751e-04, mse_f: 2.6720e-03, total loss: 3.1666e-03, Error u,v: 3.5877e-04, 3.9993e-04
It: 2300, Time: 4.51, mse_0: 4.3338e-04, mse_f: 2.5902e-03, total loss: 3.0791e-03, Error u,v: 3.5461e-04, 3.9652e-04
It: 2400, Time: 4.20, mse_0: 4.1361e-04, mse_f: 2.5262e-03, total loss: 2.9947e-03, Error u,v: 3.4724e-04, 3.8694e-04
It: 2500, Time: 3.93, mse_0: 3.9024e-04, mse_f: 2.4790e-03, total loss: 2.9182e-03, Error u,v: 3.3954e-04, 3.7896e-04
It: 2600, Time: 4.07, mse_0: 3.7350e-04, mse_f: 2.4338e-03, total loss: 2.8629e-03, Error u,v: 3.3016e-04, 3.7314e-04
It: 2700, Time: 4.13, mse_0: 3.6551e-04, mse_f: 2.3778e-03, total loss: 2.8011e-03, Error u,v: 3.2923e-04, 3.7021e-04
It: 2800, Time: 3.88, mse_0: 3.7068e-04, mse_f: 2.3140e-03, total loss: 2.7446e-03, Error u,v: 3.3177e-04, 3.7330e-04
It: 2900, Time: 4.13, mse_0: 3.5613e-04, mse_f: 2.2262e-03, total loss: 2.6265e-03, Error u,v: 3.3923e-04, 3.7040e-04
It: 3000, Time: 4.10, mse_0: 3.6374e-04, mse_f: 2.1802e-03, total loss: 2.5789e-03, Error u,v: 3.4127e-04, 3.6891e-04
It: 3100, Time: 3.91, mse_0: 3.6414e-04, mse_f: 2.1445e-03, total loss: 2.5417e-03, Error u,v: 3.3978e-04, 3.6934e-04
It: 3200, Time: 4.20, mse_0: 3.5807e-04, mse_f: 2.0869e-03, total loss: 2.4787e-03, Error u,v: 3.3508e-04, 3.6272e-04
It: 3300, Time: 4.18, mse_0: 3.6558e-04, mse_f: 2.0286e-03, total loss: 2.4233e-03, Error u,v: 3.3287e-04, 3.6314e-04
It: 3400, Time: 4.37, mse_0: 3.4801e-04, mse_f: 1.9888e-03, total loss: 2.3653e-03, Error u,v: 3.1991e-04, 3.5447e-04
It: 3500, Time: 4.14, mse_0: 3.1661e-04, mse_f: 1.9281e-03, total loss: 2.2721e-03, Error u,v: 3.0680e-04, 3.3373e-04
It: 3600, Time: 4.14, mse_0: 3.1380e-04, mse_f: 1.8646e-03, total loss: 2.2161e-03, Error u,v: 2.9932e-04, 3.3006e-04
It: 3700, Time: 4.23, mse_0: 2.8759e-04, mse_f: 1.8354e-03, total loss: 2.1607e-03, Error u,v: 2.9437e-04, 3.2207e-04
It: 3800, Time: 4.25, mse_0: 2.6775e-04, mse_f: 1.7435e-03, total loss: 2.0508e-03, Error u,v: 2.7721e-04, 3.1140e-04
It: 3900, Time: 4.57, mse_0: 2.6036e-04, mse_f: 1.6859e-03, total loss: 1.9880e-03, Error u,v: 2.6474e-04, 3.0062e-04
It: 4000, Time: 4.10, mse_0: 2.4195e-04, mse_f: 1.6449e-03, total loss: 1.9277e-03, Error u,v: 2.5861e-04, 2.9199e-04
It: 4100, Time: 4.15, mse_0: 2.3318e-04, mse_f: 1.6097e-03, total loss: 1.8834e-03, Error u,v: 2.5031e-04, 2.8146e-04
It: 4200, Time: 4.21, mse_0: 2.3913e-04, mse_f: 1.5669e-03, total loss: 1.8430e-03, Error u,v: 2.5401e-04, 2.8115e-04
It: 4300, Time: 4.06, mse_0: 2.4240e-04, mse_f: 1.5337e-03, total loss: 1.8087e-03, Error u,v: 2.4898e-04, 2.7403e-04
It: 4400, Time: 4.10, mse_0: 2.5110e-04, mse_f: 1.4892e-03, total loss: 1.7724e-03, Error u,v: 2.4785e-04, 2.7340e-04
It: 4500, Time: 4.06, mse_0: 2.5173e-04, mse_f: 1.4557e-03, total loss: 1.7361e-03, Error u,v: 2.5633e-04, 2.7465e-04
It: 4600, Time: 4.14, mse_0: 2.4482e-04, mse_f: 1.4287e-03, total loss: 1.7046e-03, Error u,v: 2.4336e-04, 2.6696e-04
It: 4700, Time: 4.39, mse_0: 2.4162e-04, mse_f: 1.3968e-03, total loss: 1.6677e-03, Error u,v: 2.3732e-04, 2.6480e-04
It: 4800, Time: 4.35, mse_0: 2.3067e-04, mse_f: 1.3434e-03, total loss: 1.6074e-03, Error u,v: 2.1553e-04, 2.4880e-04
It: 4900, Time: 4.28, mse_0: 2.2208e-04, mse_f: 1.3160e-03, total loss: 1.5691e-03, Error u,v: 2.1748e-04, 2.4614e-04
It: 5000, Time: 4.39, mse_0: 2.1674e-04, mse_f: 1.2869e-03, total loss: 1.5305e-03, Error u,v: 2.2042e-04, 2.4509e-04
It: 5100, Time: 4.23, mse_0: 2.1123e-04, mse_f: 1.2611e-03, total loss: 1.5028e-03, Error u,v: 2.2093e-04, 2.4454e-04
It: 5200, Time: 4.15, mse_0: 1.9824e-04, mse_f: 1.2054e-03, total loss: 1.4325e-03, Error u,v: 2.2474e-04, 2.4565e-04
It: 5300, Time: 4.09, mse_0: 1.9516e-04, mse_f: 1.1778e-03, total loss: 1.3964e-03, Error u,v: 2.2451e-04, 2.4088e-04
It: 5400, Time: 4.18, mse_0: 1.8747e-04, mse_f: 1.1483e-03, total loss: 1.3602e-03, Error u,v: 2.0677e-04, 2.3413e-04
It: 5500, Time: 4.27, mse_0: 1.6941e-04, mse_f: 1.1393e-03, total loss: 1.3292e-03, Error u,v: 2.0059e-04, 2.2458e-04
It: 5600, Time: 4.05, mse_0: 1.5708e-04, mse_f: 1.1199e-03, total loss: 1.2964e-03, Error u,v: 1.9017e-04, 2.1225e-04
It: 5700, Time: 4.12, mse_0: 1.5100e-04, mse_f: 1.0903e-03, total loss: 1.2623e-03, Error u,v: 1.7949e-04, 2.0695e-04
It: 5800, Time: 3.85, mse_0: 1.5343e-04, mse_f: 1.0532e-03, total loss: 1.2283e-03, Error u,v: 1.8693e-04, 2.0859e-04
It: 5900, Time: 3.91, mse_0: 1.5383e-04, mse_f: 1.0224e-03, total loss: 1.1972e-03, Error u,v: 1.8796e-04, 2.0763e-04
It: 6000, Time: 4.29, mse_0: 1.5114e-04, mse_f: 9.9342e-04, total loss: 1.1661e-03, Error u,v: 1.8579e-04, 2.0509e-04
It: 6100, Time: 4.49, mse_0: 1.4572e-04, mse_f: 9.7435e-04, total loss: 1.1414e-03, Error u,v: 1.8737e-04, 2.0360e-04
It: 6200, Time: 4.15, mse_0: 1.4028e-04, mse_f: 9.4480e-04, total loss: 1.1011e-03, Error u,v: 1.7829e-04, 1.9879e-04
It: 6300, Time: 4.45, mse_0: 1.4113e-04, mse_f: 9.1927e-04, total loss: 1.0742e-03, Error u,v: 1.7206e-04, 1.9609e-04
It: 6400, Time: 4.16, mse_0: 1.3995e-04, mse_f: 8.8896e-04, total loss: 1.0429e-03, Error u,v: 1.7012e-04, 1.9122e-04
It: 6500, Time: 4.48, mse_0: 1.3566e-04, mse_f: 8.5415e-04, total loss: 1.0026e-03, Error u,v: 1.6659e-04, 1.8592e-04
It: 6600, Time: 4.22, mse_0: 1.2825e-04, mse_f: 8.2299e-04, total loss: 9.6858e-04, Error u,v: 1.6149e-04, 1.8506e-04
It: 6700, Time: 4.27, mse_0: 1.2532e-04, mse_f: 8.0781e-04, total loss: 9.5601e-04, Error u,v: 1.6113e-04, 1.8137e-04
It: 6800, Time: 4.10, mse_0: 1.2474e-04, mse_f: 7.7724e-04, total loss: 9.1528e-04, Error u,v: 1.5899e-04, 1.8327e-04
It: 6900, Time: 4.12, mse_0: 1.1787e-04, mse_f: 7.5904e-04, total loss: 8.8828e-04, Error u,v: 1.5322e-04, 1.7906e-04
It: 7000, Time: 4.17, mse_0: 1.1721e-04, mse_f: 7.4342e-04, total loss: 8.7030e-04, Error u,v: 1.5183e-04, 1.7580e-04
It: 7100, Time: 3.99, mse_0: 1.1474e-04, mse_f: 7.2656e-04, total loss: 8.5165e-04, Error u,v: 1.5053e-04, 1.7467e-04
It: 7200, Time: 4.21, mse_0: 1.0488e-04, mse_f: 7.0817e-04, total loss: 8.2273e-04, Error u,v: 1.5170e-04, 1.7305e-04
It: 7300, Time: 4.36, mse_0: 9.6687e-05, mse_f: 6.9965e-04, total loss: 8.0699e-04, Error u,v: 1.5379e-04, 1.7517e-04
It: 7400, Time: 4.13, mse_0: 9.1875e-05, mse_f: 6.8524e-04, total loss: 7.8906e-04, Error u,v: 1.5447e-04, 1.7044e-04
It: 7500, Time: 4.16, mse_0: 9.0528e-05, mse_f: 6.7364e-04, total loss: 7.7541e-04, Error u,v: 1.5495e-04, 1.7107e-04
It: 7600, Time: 4.05, mse_0: 8.6868e-05, mse_f: 6.6829e-04, total loss: 7.6570e-04, Error u,v: 1.5097e-04, 1.6976e-04
It: 7700, Time: 3.93, mse_0: 8.4341e-05, mse_f: 6.6280e-04, total loss: 7.5866e-04, Error u,v: 1.5133e-04, 1.6971e-04
It: 7800, Time: 4.09, mse_0: 8.4351e-05, mse_f: 6.5117e-04, total loss: 7.4641e-04, Error u,v: 1.5132e-04, 1.6467e-04
It: 7900, Time: 4.15, mse_0: 7.9764e-05, mse_f: 6.4194e-04, total loss: 7.3228e-04, Error u,v: 1.4191e-04, 1.5823e-04
It: 8000, Time: 3.91, mse_0: 7.5568e-05, mse_f: 6.2932e-04, total loss: 7.1589e-04, Error u,v: 1.3793e-04, 1.5164e-04
Error u: 1.379348e-04
Error v: 1.516415e-04
u3_pred.shape=  (257, 31)
u0_t.shape =  (257,)
Error u: 1.379348e-04
Error v: 1.516415e-04
u_pred.shape after=  (257, 31)
NeuralNet(
  (network): Sequential(
    (0): Linear(in_features=2, out_features=48, bias=True)
    (1): Tanh()
    (2): Linear(in_features=48, out_features=48, bias=True)
    (3): Tanh()
    (4): Linear(in_features=48, out_features=48, bias=True)
    (5): Tanh()
    (6): Linear(in_features=48, out_features=48, bias=True)
    (7): Tanh()
    (8): Linear(in_features=48, out_features=2, bias=True)
  )
)
starting Adam training
It: 100, Time: 2.27, mse_0: 1.6861e+02, mse_f: 2.5579e+02, total loss: 5.7998e+02, Error u,v: 2.3563e-01, 2.1771e-01
It: 200, Time: 2.25, mse_0: 4.1836e+01, mse_f: 1.0393e+02, total loss: 1.7401e+02, Error u,v: 1.5400e-01, 1.9055e-01
It: 300, Time: 2.24, mse_0: 2.6998e+01, mse_f: 7.6202e+01, total loss: 1.1731e+02, Error u,v: 1.5511e-01, 1.8927e-01
It: 400, Time: 2.23, mse_0: 3.0143e+01, mse_f: 3.4421e+01, total loss: 6.8170e+01, Error u,v: 1.5183e-01, 1.8345e-01
It: 500, Time: 2.30, mse_0: 1.9227e+01, mse_f: 2.3493e+01, total loss: 4.4971e+01, Error u,v: 1.3166e-01, 1.6521e-01
It: 600, Time: 2.19, mse_0: 1.2862e+01, mse_f: 1.9472e+01, total loss: 3.3042e+01, Error u,v: 1.1994e-01, 1.4605e-01
It: 700, Time: 2.26, mse_0: 1.1638e+01, mse_f: 1.4646e+01, total loss: 2.6924e+01, Error u,v: 1.1260e-01, 1.3662e-01
It: 800, Time: 2.16, mse_0: 9.9972e+00, mse_f: 1.0877e+01, total loss: 2.1042e+01, Error u,v: 1.0744e-01, 1.2853e-01
It: 900, Time: 2.18, mse_0: 8.5590e+00, mse_f: 8.2534e+00, total loss: 1.6874e+01, Error u,v: 1.0447e-01, 1.1870e-01
It: 1000, Time: 2.20, mse_0: 7.1305e+00, mse_f: 6.9021e+00, total loss: 1.4067e+01, Error u,v: 9.9745e-02, 1.0935e-01
It: 1100, Time: 2.18, mse_0: 5.9430e+00, mse_f: 5.8526e+00, total loss: 1.1822e+01, Error u,v: 9.3198e-02, 1.0142e-01
It: 1200, Time: 2.15, mse_0: 5.0041e+00, mse_f: 5.0651e+00, total loss: 1.0091e+01, Error u,v: 8.7282e-02, 9.4839e-02
It: 1300, Time: 2.21, mse_0: 4.2450e+00, mse_f: 4.4222e+00, total loss: 8.6861e+00, Error u,v: 8.2091e-02, 8.8119e-02
It: 1400, Time: 2.40, mse_0: 3.6315e+00, mse_f: 3.8811e+00, total loss: 7.5294e+00, Error u,v: 7.7287e-02, 8.2219e-02
It: 1500, Time: 2.49, mse_0: 3.0893e+00, mse_f: 3.4472e+00, total loss: 6.5517e+00, Error u,v: 7.2730e-02, 7.6609e-02
It: 1600, Time: 2.45, mse_0: 2.6665e+00, mse_f: 3.0225e+00, total loss: 5.7014e+00, Error u,v: 6.8590e-02, 7.1565e-02
It: 1700, Time: 2.22, mse_0: 2.2960e+00, mse_f: 2.6420e+00, total loss: 4.9484e+00, Error u,v: 6.4592e-02, 6.6812e-02
It: 1800, Time: 2.23, mse_0: 1.9658e+00, mse_f: 2.3019e+00, total loss: 4.2767e+00, Error u,v: 6.0693e-02, 6.2246e-02
It: 1900, Time: 2.19, mse_0: 1.6762e+00, mse_f: 1.9923e+00, total loss: 3.6762e+00, Error u,v: 5.6824e-02, 5.7777e-02
It: 2000, Time: 2.14, mse_0: 1.4169e+00, mse_f: 1.7108e+00, total loss: 3.1344e+00, Error u,v: 5.3003e-02, 5.3403e-02
It: 2100, Time: 2.09, mse_0: 1.1873e+00, mse_f: 1.4523e+00, total loss: 2.6455e+00, Error u,v: 4.9196e-02, 4.9079e-02
It: 2200, Time: 2.30, mse_0: 9.8205e-01, mse_f: 1.2253e+00, total loss: 2.2125e+00, Error u,v: 4.5380e-02, 4.4754e-02
It: 2300, Time: 2.14, mse_0: 7.9941e-01, mse_f: 1.0376e+00, total loss: 1.8415e+00, Error u,v: 4.1590e-02, 4.0526e-02
It: 2400, Time: 2.10, mse_0: 6.4336e-01, mse_f: 8.8606e-01, total loss: 1.5334e+00, Error u,v: 3.7918e-02, 3.6499e-02
It: 2500, Time: 2.25, mse_0: 5.1509e-01, mse_f: 7.6459e-01, total loss: 1.2831e+00, Error u,v: 3.4457e-02, 3.2780e-02
It: 2600, Time: 2.29, mse_0: 4.1446e-01, mse_f: 6.6256e-01, total loss: 1.0801e+00, Error u,v: 3.1305e-02, 2.9480e-02
It: 2700, Time: 2.14, mse_0: 3.3495e-01, mse_f: 5.7672e-01, total loss: 9.1438e-01, Error u,v: 2.8426e-02, 2.6556e-02
It: 2800, Time: 2.20, mse_0: 2.7024e-01, mse_f: 5.0620e-01, total loss: 7.7890e-01, Error u,v: 2.5750e-02, 2.3893e-02
It: 2900, Time: 2.30, mse_0: 2.1792e-01, mse_f: 4.4765e-01, total loss: 6.6781e-01, Error u,v: 2.3284e-02, 2.1477e-02
It: 3000, Time: 2.37, mse_0: 1.7559e-01, mse_f: 3.9838e-01, total loss: 5.7603e-01, Error u,v: 2.1026e-02, 1.9293e-02
It: 3100, Time: 2.40, mse_0: 1.4173e-01, mse_f: 3.5586e-01, total loss: 4.9946e-01, Error u,v: 1.8985e-02, 1.7347e-02
It: 3200, Time: 2.28, mse_0: 1.1499e-01, mse_f: 3.1842e-01, total loss: 4.3512e-01, Error u,v: 1.7165e-02, 1.5633e-02
It: 3300, Time: 2.33, mse_0: 2.1045e-01, mse_f: 5.9602e-01, total loss: 1.0477e+00, Error u,v: 1.7485e-02, 1.4485e-02
It: 3400, Time: 2.40, mse_0: 1.6234e-01, mse_f: 4.6965e-01, total loss: 8.0200e-01, Error u,v: 1.4920e-02, 1.3370e-02
It: 3500, Time: 2.38, mse_0: 1.0517e-01, mse_f: 3.2933e-01, total loss: 4.8945e-01, Error u,v: 1.3700e-02, 1.2343e-02
It: 3600, Time: 2.38, mse_0: 7.2419e-02, mse_f: 2.4800e-01, total loss: 3.5264e-01, Error u,v: 1.2526e-02, 1.1258e-02
It: 3700, Time: 2.43, mse_0: 4.9897e-02, mse_f: 1.9895e-01, total loss: 2.5016e-01, Error u,v: 1.1432e-02, 1.0301e-02
It: 3800, Time: 2.46, mse_0: 4.3071e-02, mse_f: 1.8559e-01, total loss: 2.3398e-01, Error u,v: 1.0459e-02, 9.4091e-03
It: 3900, Time: 2.29, mse_0: 3.5670e-02, mse_f: 1.6642e-01, total loss: 2.0295e-01, Error u,v: 9.5782e-03, 8.6012e-03
It: 4000, Time: 2.25, mse_0: 1.0751e-01, mse_f: 3.4165e-01, total loss: 6.1233e-01, Error u,v: 9.3094e-03, 8.0842e-03
It: 4100, Time: 2.20, mse_0: 4.2776e-02, mse_f: 1.7591e-01, total loss: 2.5462e-01, Error u,v: 8.9188e-03, 7.5343e-03
It: 4200, Time: 2.27, mse_0: 2.9027e-02, mse_f: 1.4298e-01, total loss: 1.8009e-01, Error u,v: 7.7428e-03, 6.9149e-03
It: 4300, Time: 2.28, mse_0: 9.9674e-02, mse_f: 3.0775e-01, total loss: 5.4820e-01, Error u,v: 8.2394e-03, 6.4699e-03
It: 4400, Time: 2.25, mse_0: 5.4586e-02, mse_f: 1.9319e-01, total loss: 3.1270e-01, Error u,v: 6.9817e-03, 6.0549e-03
It: 4500, Time: 2.32, mse_0: 7.4364e-02, mse_f: 2.3605e-01, total loss: 4.3501e-01, Error u,v: 7.3027e-03, 5.7037e-03
It: 4600, Time: 2.12, mse_0: 2.0860e-02, mse_f: 1.1248e-01, total loss: 1.4980e-01, Error u,v: 6.0326e-03, 5.3046e-03
It: 4700, Time: 2.16, mse_0: 1.2936e-02, mse_f: 9.0930e-02, total loss: 1.0489e-01, Error u,v: 5.7126e-03, 5.0150e-03
It: 4800, Time: 2.13, mse_0: 2.1342e-02, mse_f: 1.0304e-01, total loss: 1.4146e-01, Error u,v: 5.3634e-03, 4.7107e-03
It: 4900, Time: 2.12, mse_0: 1.3681e-01, mse_f: 3.0232e-01, total loss: 8.5923e-01, Error u,v: 8.3215e-03, 5.8388e-03
It: 5000, Time: 2.16, mse_0: 7.1589e-02, mse_f: 2.0160e-01, total loss: 4.8981e-01, Error u,v: 6.0354e-03, 4.7740e-03
It: 5100, Time: 2.28, mse_0: 2.2882e-02, mse_f: 1.7397e-01, total loss: 2.3197e-01, Error u,v: 4.6754e-03, 4.2108e-03
It: 5200, Time: 2.24, mse_0: 1.7980e-02, mse_f: 1.3004e-01, total loss: 1.6359e-01, Error u,v: 4.5629e-03, 3.9231e-03
It: 5300, Time: 2.25, mse_0: 5.0345e-02, mse_f: 1.8836e-01, total loss: 3.2269e-01, Error u,v: 4.9171e-03, 3.7005e-03
It: 5400, Time: 2.29, mse_0: 6.3265e-02, mse_f: 9.3591e-02, total loss: 2.9338e-01, Error u,v: 5.0620e-03, 3.4496e-03
It: 5500, Time: 2.33, mse_0: 7.6330e-02, mse_f: 1.6868e-01, total loss: 3.8059e-01, Error u,v: 5.5497e-03, 3.3287e-03
It: 5600, Time: 2.24, mse_0: 6.9743e-02, mse_f: 2.3236e-01, total loss: 4.2576e-01, Error u,v: 4.9292e-03, 3.1967e-03
It: 5700, Time: 2.20, mse_0: 3.9254e-02, mse_f: 1.1548e-01, total loss: 2.7460e-01, Error u,v: 4.7099e-03, 3.4687e-03
It: 5800, Time: 2.42, mse_0: 6.6210e-02, mse_f: 7.9720e-02, total loss: 3.1746e-01, Error u,v: 5.1669e-03, 2.9107e-03
It: 5900, Time: 2.27, mse_0: 7.0940e-02, mse_f: 2.9609e-01, total loss: 4.7046e-01, Error u,v: 4.6559e-03, 2.9183e-03
It: 6000, Time: 2.39, mse_0: 1.7771e-02, mse_f: 7.7338e-02, total loss: 1.2452e-01, Error u,v: 3.0653e-03, 2.7076e-03
It: 6100, Time: 2.26, mse_0: 2.3586e-02, mse_f: 1.3388e-01, total loss: 1.9447e-01, Error u,v: 2.7731e-03, 2.7967e-03
It: 6200, Time: 2.27, mse_0: 2.0693e-02, mse_f: 1.6918e-01, total loss: 2.3021e-01, Error u,v: 3.0046e-03, 2.8030e-03
It: 6300, Time: 2.37, mse_0: 3.0838e-02, mse_f: 9.1598e-02, total loss: 1.7170e-01, Error u,v: 3.4444e-03, 2.2663e-03
It: 6400, Time: 2.28, mse_0: 3.8084e-02, mse_f: 6.8411e-02, total loss: 2.2383e-01, Error u,v: 4.3375e-03, 2.6002e-03
It: 6500, Time: 2.28, mse_0: 6.5485e-02, mse_f: 1.0761e-01, total loss: 3.0787e-01, Error u,v: 4.7594e-03, 2.0533e-03
It: 6600, Time: 2.23, mse_0: 3.2285e-02, mse_f: 1.7062e-01, total loss: 2.4602e-01, Error u,v: 3.0507e-03, 2.1996e-03
It: 6700, Time: 2.23, mse_0: 1.9121e-01, mse_f: 2.8633e-01, total loss: 8.7207e-01, Error u,v: 2.6633e-03, 2.2705e-03
It: 6800, Time: 2.22, mse_0: 1.6009e-01, mse_f: 1.1469e-01, total loss: 6.8152e-01, Error u,v: 6.6160e-03, 2.5185e-03
It: 6900, Time: 2.24, mse_0: 4.3088e-02, mse_f: 6.7412e-02, total loss: 1.9817e-01, Error u,v: 4.3969e-03, 1.7911e-03
It: 7000, Time: 2.31, mse_0: 3.9906e-02, mse_f: 7.4167e-02, total loss: 2.3822e-01, Error u,v: 2.5193e-03, 1.7126e-03
It: 7100, Time: 2.33, mse_0: 1.0597e-02, mse_f: 6.8692e-02, total loss: 1.0955e-01, Error u,v: 2.8422e-03, 2.3180e-03
It: 7200, Time: 2.35, mse_0: 1.1092e-02, mse_f: 9.9270e-02, total loss: 1.3963e-01, Error u,v: 1.8701e-03, 1.6057e-03
It: 7300, Time: 2.32, mse_0: 1.0640e-02, mse_f: 9.0787e-02, total loss: 1.1953e-01, Error u,v: 1.7202e-03, 1.6509e-03
It: 7400, Time: 2.40, mse_0: 2.7015e-02, mse_f: 1.3063e-01, total loss: 2.2409e-01, Error u,v: 2.8756e-03, 2.0456e-03
It: 7500, Time: 2.30, mse_0: 2.8364e-02, mse_f: 1.5953e-01, total loss: 2.6777e-01, Error u,v: 2.8758e-03, 2.4805e-03
It: 7600, Time: 2.25, mse_0: 3.7419e-02, mse_f: 3.6259e-02, total loss: 1.7022e-01, Error u,v: 4.0737e-03, 1.9102e-03
It: 7700, Time: 2.29, mse_0: 6.3891e-02, mse_f: 9.2437e-02, total loss: 3.0248e-01, Error u,v: 4.2215e-03, 2.1136e-03
It: 7800, Time: 2.37, mse_0: 1.7725e-02, mse_f: 1.2554e-01, total loss: 1.8510e-01, Error u,v: 2.0412e-03, 1.8324e-03
It: 7900, Time: 2.32, mse_0: 1.1777e-02, mse_f: 6.4190e-02, total loss: 1.1557e-01, Error u,v: 2.3546e-03, 2.0331e-03
It: 8000, Time: 2.30, mse_0: 3.2057e-02, mse_f: 1.2051e-01, total loss: 2.0859e-01, Error u,v: 3.2423e-03, 1.5562e-03
It: 8100, Time: 2.23, mse_0: 2.7311e-02, mse_f: 1.3596e-01, total loss: 2.0898e-01, Error u,v: 2.5386e-03, 1.4924e-03
It: 8200, Time: 2.34, mse_0: 7.4179e-02, mse_f: 9.7030e-02, total loss: 3.6292e-01, Error u,v: 4.4434e-03, 1.5866e-03
It: 8300, Time: 2.24, mse_0: 3.2949e-02, mse_f: 1.8193e-01, total loss: 2.6393e-01, Error u,v: 2.7469e-03, 1.4847e-03
It: 8400, Time: 2.20, mse_0: 1.8554e-02, mse_f: 5.9156e-02, total loss: 1.0643e-01, Error u,v: 2.4888e-03, 9.9493e-04
It: 8500, Time: 2.23, mse_0: 2.2570e-03, mse_f: 1.3112e-02, total loss: 1.8810e-02, Error u,v: 1.1706e-03, 1.0478e-03
It: 8600, Time: 2.45, mse_0: 6.1363e-02, mse_f: 1.2338e-01, total loss: 3.0160e-01, Error u,v: 3.5168e-03, 1.1042e-03
It: 8700, Time: 2.46, mse_0: 7.3802e-02, mse_f: 1.4473e-01, total loss: 3.7616e-01, Error u,v: 4.0986e-03, 1.3804e-03
It: 8800, Time: 2.34, mse_0: 7.7294e-03, mse_f: 6.9303e-02, total loss: 9.0451e-02, Error u,v: 1.2941e-03, 1.5218e-03
It: 8900, Time: 2.32, mse_0: 7.1565e-02, mse_f: 1.5749e-01, total loss: 3.6101e-01, Error u,v: 3.8184e-03, 9.8719e-04
It: 9000, Time: 2.37, mse_0: 4.7227e-02, mse_f: 1.2789e-01, total loss: 2.7078e-01, Error u,v: 3.5544e-03, 1.0739e-03
starting L-BFGS training
It: 100, Time: 3.26, mse_0: 6.9298e-04, mse_f: 9.8964e-03, total loss: 1.0656e-02, Error u,v: 8.9806e-04, 7.4168e-04
It: 200, Time: 3.95, mse_0: 5.2158e-04, mse_f: 9.4896e-03, total loss: 1.0059e-02, Error u,v: 5.3184e-04, 2.8688e-04
It: 300, Time: 4.10, mse_0: 4.9906e-04, mse_f: 8.9130e-03, total loss: 9.4628e-03, Error u,v: 4.9655e-04, 2.2775e-04
It: 400, Time: 4.05, mse_0: 4.5635e-04, mse_f: 8.2276e-03, total loss: 8.7363e-03, Error u,v: 5.0569e-04, 2.7592e-04
It: 500, Time: 4.11, mse_0: 4.4622e-04, mse_f: 7.6073e-03, total loss: 8.1047e-03, Error u,v: 4.7832e-04, 2.6067e-04
It: 600, Time: 4.06, mse_0: 4.1601e-04, mse_f: 7.0702e-03, total loss: 7.5304e-03, Error u,v: 4.3998e-04, 2.5074e-04
It: 700, Time: 4.02, mse_0: 3.7492e-04, mse_f: 6.5952e-03, total loss: 7.0155e-03, Error u,v: 4.1828e-04, 2.7065e-04
It: 800, Time: 3.80, mse_0: 3.8937e-04, mse_f: 6.0641e-03, total loss: 6.4963e-03, Error u,v: 4.1005e-04, 2.8185e-04
It: 900, Time: 3.89, mse_0: 3.8299e-04, mse_f: 5.6769e-03, total loss: 6.0947e-03, Error u,v: 4.2292e-04, 2.7482e-04
It: 1000, Time: 3.82, mse_0: 4.0104e-04, mse_f: 5.3525e-03, total loss: 5.7837e-03, Error u,v: 4.2181e-04, 2.5480e-04
It: 1100, Time: 4.44, mse_0: 4.3603e-04, mse_f: 4.9277e-03, total loss: 5.4011e-03, Error u,v: 4.2768e-04, 2.5878e-04
It: 1200, Time: 4.15, mse_0: 4.1400e-04, mse_f: 4.5704e-03, total loss: 5.0061e-03, Error u,v: 4.1114e-04, 2.5291e-04
It: 1300, Time: 4.12, mse_0: 3.7835e-04, mse_f: 4.1902e-03, total loss: 4.5942e-03, Error u,v: 3.9363e-04, 2.2930e-04
It: 1400, Time: 4.18, mse_0: 3.4636e-04, mse_f: 3.9888e-03, total loss: 4.3535e-03, Error u,v: 3.7193e-04, 2.0426e-04
It: 1500, Time: 4.46, mse_0: 3.2158e-04, mse_f: 3.8025e-03, total loss: 4.1457e-03, Error u,v: 3.6694e-04, 2.1591e-04
It: 1600, Time: 4.19, mse_0: 3.2469e-04, mse_f: 3.5803e-03, total loss: 3.9251e-03, Error u,v: 3.9153e-04, 2.4921e-04
It: 1700, Time: 4.04, mse_0: 3.1501e-04, mse_f: 3.4250e-03, total loss: 3.7553e-03, Error u,v: 3.9412e-04, 2.7772e-04
It: 1800, Time: 4.20, mse_0: 2.9463e-04, mse_f: 3.2979e-03, total loss: 3.6058e-03, Error u,v: 3.8052e-04, 2.7146e-04
It: 1900, Time: 4.01, mse_0: 2.8790e-04, mse_f: 3.1841e-03, total loss: 3.4844e-03, Error u,v: 3.6506e-04, 2.7391e-04
It: 2000, Time: 4.22, mse_0: 2.8563e-04, mse_f: 3.0586e-03, total loss: 3.3596e-03, Error u,v: 3.5016e-04, 2.4009e-04
It: 2100, Time: 4.21, mse_0: 2.8485e-04, mse_f: 2.9304e-03, total loss: 3.2309e-03, Error u,v: 3.3826e-04, 1.8778e-04
It: 2200, Time: 4.04, mse_0: 2.9156e-04, mse_f: 2.7819e-03, total loss: 3.0896e-03, Error u,v: 3.4126e-04, 1.5857e-04
It: 2300, Time: 4.39, mse_0: 2.9035e-04, mse_f: 2.6427e-03, total loss: 2.9476e-03, Error u,v: 3.4912e-04, 1.8482e-04
It: 2400, Time: 4.53, mse_0: 2.6812e-04, mse_f: 2.5597e-03, total loss: 2.8404e-03, Error u,v: 3.6018e-04, 2.2359e-04
It: 2500, Time: 4.34, mse_0: 2.5886e-04, mse_f: 2.4852e-03, total loss: 2.7623e-03, Error u,v: 3.4863e-04, 2.1590e-04
It: 2600, Time: 4.10, mse_0: 2.5934e-04, mse_f: 2.4073e-03, total loss: 2.6838e-03, Error u,v: 3.6144e-04, 2.2145e-04
It: 2700, Time: 4.04, mse_0: 2.6451e-04, mse_f: 2.3229e-03, total loss: 2.6022e-03, Error u,v: 3.7232e-04, 2.2922e-04
It: 2800, Time: 4.10, mse_0: 2.6007e-04, mse_f: 2.2141e-03, total loss: 2.4876e-03, Error u,v: 3.8566e-04, 2.3860e-04
It: 2900, Time: 3.85, mse_0: 2.4966e-04, mse_f: 2.1284e-03, total loss: 2.3882e-03, Error u,v: 3.5232e-04, 2.0527e-04
It: 3000, Time: 4.37, mse_0: 2.3767e-04, mse_f: 2.0740e-03, total loss: 2.3226e-03, Error u,v: 3.6049e-04, 2.0734e-04
It: 3100, Time: 4.26, mse_0: 2.3719e-04, mse_f: 2.0076e-03, total loss: 2.2564e-03, Error u,v: 3.6960e-04, 2.2056e-04
It: 3200, Time: 3.95, mse_0: 2.2573e-04, mse_f: 1.9559e-03, total loss: 2.1933e-03, Error u,v: 3.6610e-04, 2.3095e-04
It: 3300, Time: 4.22, mse_0: 2.2079e-04, mse_f: 1.8989e-03, total loss: 2.1333e-03, Error u,v: 3.7161e-04, 2.2053e-04
It: 3400, Time: 4.22, mse_0: 2.1175e-04, mse_f: 1.8504e-03, total loss: 2.0755e-03, Error u,v: 3.6642e-04, 2.0550e-04
It: 3500, Time: 4.05, mse_0: 2.0633e-04, mse_f: 1.8123e-03, total loss: 2.0308e-03, Error u,v: 3.5285e-04, 1.8941e-04
It: 3600, Time: 3.91, mse_0: 2.0831e-04, mse_f: 1.7746e-03, total loss: 1.9955e-03, Error u,v: 3.5181e-04, 1.8912e-04
It: 3700, Time: 3.83, mse_0: 2.0554e-04, mse_f: 1.7380e-03, total loss: 1.9570e-03, Error u,v: 3.5727e-04, 2.0745e-04
It: 3800, Time: 3.78, mse_0: 2.0731e-04, mse_f: 1.6847e-03, total loss: 1.9040e-03, Error u,v: 3.6530e-04, 2.1058e-04
It: 3900, Time: 3.99, mse_0: 2.0270e-04, mse_f: 1.6452e-03, total loss: 1.8588e-03, Error u,v: 3.6147e-04, 2.0734e-04
It: 4000, Time: 3.92, mse_0: 1.9247e-04, mse_f: 1.6129e-03, total loss: 1.8178e-03, Error u,v: 3.4746e-04, 1.9149e-04
It: 4100, Time: 3.82, mse_0: 1.8786e-04, mse_f: 1.5775e-03, total loss: 1.7772e-03, Error u,v: 3.4925e-04, 1.9686e-04
It: 4200, Time: 3.93, mse_0: 1.8206e-04, mse_f: 1.5232e-03, total loss: 1.7204e-03, Error u,v: 3.6331e-04, 2.0368e-04
It: 4300, Time: 3.98, mse_0: 1.7985e-04, mse_f: 1.4703e-03, total loss: 1.6635e-03, Error u,v: 3.8334e-04, 2.3287e-04
It: 4400, Time: 4.09, mse_0: 1.7997e-04, mse_f: 1.4184e-03, total loss: 1.6105e-03, Error u,v: 3.7628e-04, 2.1398e-04
It: 4500, Time: 3.89, mse_0: 1.7993e-04, mse_f: 1.3760e-03, total loss: 1.5676e-03, Error u,v: 3.6326e-04, 1.8785e-04
It: 4600, Time: 4.05, mse_0: 1.8016e-04, mse_f: 1.3324e-03, total loss: 1.5237e-03, Error u,v: 3.6392e-04, 1.9345e-04
It: 4700, Time: 3.92, mse_0: 1.7966e-04, mse_f: 1.2876e-03, total loss: 1.4790e-03, Error u,v: 3.6575e-04, 1.9512e-04
It: 4800, Time: 3.85, mse_0: 1.7657e-04, mse_f: 1.2467e-03, total loss: 1.4345e-03, Error u,v: 3.8615e-04, 2.1028e-04
It: 4900, Time: 3.96, mse_0: 1.7843e-04, mse_f: 1.1994e-03, total loss: 1.3898e-03, Error u,v: 4.0032e-04, 2.1543e-04
It: 5000, Time: 3.74, mse_0: 1.7011e-04, mse_f: 1.1677e-03, total loss: 1.3500e-03, Error u,v: 4.0153e-04, 2.2137e-04
It: 5100, Time: 3.99, mse_0: 1.7198e-04, mse_f: 1.1214e-03, total loss: 1.3035e-03, Error u,v: 4.0624e-04, 2.0650e-04
It: 5200, Time: 4.05, mse_0: 1.6916e-04, mse_f: 1.0975e-03, total loss: 1.2758e-03, Error u,v: 3.9763e-04, 1.7859e-04
It: 5300, Time: 3.85, mse_0: 1.6636e-04, mse_f: 1.0754e-03, total loss: 1.2511e-03, Error u,v: 4.0165e-04, 1.7616e-04
It: 5400, Time: 4.28, mse_0: 1.6220e-04, mse_f: 1.0492e-03, total loss: 1.2220e-03, Error u,v: 3.9937e-04, 1.7585e-04
It: 5500, Time: 3.97, mse_0: 1.6351e-04, mse_f: 1.0171e-03, total loss: 1.1912e-03, Error u,v: 4.0259e-04, 1.7478e-04
It: 5600, Time: 4.14, mse_0: 1.5866e-04, mse_f: 1.0007e-03, total loss: 1.1699e-03, Error u,v: 4.0270e-04, 1.8307e-04
It: 5700, Time: 4.18, mse_0: 1.5628e-04, mse_f: 9.7876e-04, total loss: 1.1464e-03, Error u,v: 4.0024e-04, 1.7936e-04
It: 5800, Time: 4.05, mse_0: 1.4713e-04, mse_f: 9.6954e-04, total loss: 1.1270e-03, Error u,v: 3.9437e-04, 1.8047e-04
It: 5900, Time: 3.90, mse_0: 1.4244e-04, mse_f: 9.5748e-04, total loss: 1.1085e-03, Error u,v: 3.8968e-04, 1.7813e-04
It: 6000, Time: 3.83, mse_0: 1.3735e-04, mse_f: 9.3937e-04, total loss: 1.0867e-03, Error u,v: 3.8965e-04, 1.7739e-04
Error u: 3.896525e-04
Error v: 1.773908e-04
u3_pred.shape=  (257, 31)
u0_t.shape =  (257,)
Error u: 2.689661e-04
Error v: 1.670804e-04
u_pred.shape after=  (257, 61)
NeuralNet(
  (network): Sequential(
    (0): Linear(in_features=2, out_features=48, bias=True)
    (1): Tanh()
    (2): Linear(in_features=48, out_features=48, bias=True)
    (3): Tanh()
    (4): Linear(in_features=48, out_features=48, bias=True)
    (5): Tanh()
    (6): Linear(in_features=48, out_features=48, bias=True)
    (7): Tanh()
    (8): Linear(in_features=48, out_features=2, bias=True)
  )
)
starting Adam training
It: 100, Time: 2.19, mse_0: 6.1381e+02, mse_f: 5.0637e+02, total loss: 1.3468e+03, Error u,v: 3.2497e-01, 7.5942e-01
It: 200, Time: 2.27, mse_0: 3.4830e+02, mse_f: 1.6478e+02, total loss: 5.5337e+02, Error u,v: 2.9340e-01, 8.3493e-01
It: 300, Time: 2.38, mse_0: 2.5327e+02, mse_f: 1.5835e+02, total loss: 4.1863e+02, Error u,v: 2.8802e-01, 8.5528e-01
It: 400, Time: 2.57, mse_0: 2.0979e+02, mse_f: 1.1403e+02, total loss: 3.2759e+02, Error u,v: 2.7168e-01, 8.7398e-01
It: 500, Time: 2.25, mse_0: 1.6712e+02, mse_f: 1.1127e+02, total loss: 2.8256e+02, Error u,v: 2.6693e-01, 8.8948e-01
It: 600, Time: 2.18, mse_0: 1.3787e+02, mse_f: 1.0573e+02, total loss: 2.4504e+02, Error u,v: 2.6020e-01, 8.9273e-01
It: 700, Time: 2.25, mse_0: 1.1291e+02, mse_f: 9.4969e+01, total loss: 2.0902e+02, Error u,v: 2.5636e-01, 8.9046e-01
It: 800, Time: 2.15, mse_0: 9.3844e+01, mse_f: 8.4269e+01, total loss: 1.7835e+02, Error u,v: 2.5090e-01, 8.9087e-01
It: 900, Time: 2.16, mse_0: 7.8608e+01, mse_f: 6.9664e+01, total loss: 1.4852e+02, Error u,v: 2.4612e-01, 8.8375e-01
It: 1000, Time: 2.09, mse_0: 6.4054e+01, mse_f: 5.7349e+01, total loss: 1.2156e+02, Error u,v: 2.4096e-01, 8.6955e-01
It: 1100, Time: 2.12, mse_0: 5.3362e+01, mse_f: 4.6875e+01, total loss: 1.0043e+02, Error u,v: 2.3728e-01, 8.4949e-01
It: 1200, Time: 2.16, mse_0: 4.2618e+01, mse_f: 4.0045e+01, total loss: 8.2761e+01, Error u,v: 2.3271e-01, 8.2156e-01
It: 1300, Time: 2.25, mse_0: 3.5214e+01, mse_f: 3.3677e+01, total loss: 6.8941e+01, Error u,v: 2.2902e-01, 7.8937e-01
It: 1400, Time: 2.22, mse_0: 2.9169e+01, mse_f: 2.9469e+01, total loss: 5.8674e+01, Error u,v: 2.2671e-01, 7.5500e-01
It: 1500, Time: 2.10, mse_0: 2.4544e+01, mse_f: 2.5706e+01, total loss: 5.0277e+01, Error u,v: 2.2490e-01, 7.1951e-01
It: 1600, Time: 2.22, mse_0: 2.0157e+01, mse_f: 2.2633e+01, total loss: 4.2804e+01, Error u,v: 2.2215e-01, 6.7900e-01
It: 1700, Time: 2.11, mse_0: 1.6530e+01, mse_f: 1.8163e+01, total loss: 3.4711e+01, Error u,v: 2.1773e-01, 6.2832e-01
It: 1800, Time: 2.24, mse_0: 1.3101e+01, mse_f: 1.4078e+01, total loss: 2.7200e+01, Error u,v: 2.1114e-01, 5.6478e-01
It: 1900, Time: 2.22, mse_0: 1.0342e+01, mse_f: 1.1238e+01, total loss: 2.1596e+01, Error u,v: 2.0270e-01, 5.0653e-01
It: 2000, Time: 2.14, mse_0: 7.8851e+00, mse_f: 9.7083e+00, total loss: 1.7614e+01, Error u,v: 1.9264e-01, 4.5439e-01
It: 2100, Time: 2.08, mse_0: 6.3541e+00, mse_f: 8.2686e+00, total loss: 1.4649e+01, Error u,v: 1.8336e-01, 4.1388e-01
It: 2200, Time: 2.22, mse_0: 5.1670e+00, mse_f: 6.8316e+00, total loss: 1.2021e+01, Error u,v: 1.7348e-01, 3.7429e-01
It: 2300, Time: 2.14, mse_0: 3.9331e+00, mse_f: 5.6656e+00, total loss: 9.6168e+00, Error u,v: 1.6078e-01, 3.2882e-01
It: 2400, Time: 2.43, mse_0: 2.9787e+00, mse_f: 4.5900e+00, total loss: 7.5857e+00, Error u,v: 1.4772e-01, 2.8765e-01
It: 2500, Time: 2.36, mse_0: 2.4072e+00, mse_f: 3.5683e+00, total loss: 5.9878e+00, Error u,v: 1.3662e-01, 2.5679e-01
It: 2600, Time: 2.30, mse_0: 1.8814e+00, mse_f: 2.9254e+00, total loss: 4.8170e+00, Error u,v: 1.2643e-01, 2.3066e-01
It: 2700, Time: 2.23, mse_0: 1.4593e+00, mse_f: 2.5158e+00, total loss: 3.9845e+00, Error u,v: 1.1699e-01, 2.0751e-01
It: 2800, Time: 2.25, mse_0: 1.2062e+00, mse_f: 2.1640e+00, total loss: 3.3787e+00, Error u,v: 1.0919e-01, 1.8951e-01
It: 2900, Time: 2.14, mse_0: 1.0220e+00, mse_f: 1.8989e+00, total loss: 2.9284e+00, Error u,v: 1.0270e-01, 1.7540e-01
It: 3000, Time: 2.35, mse_0: 8.6890e-01, mse_f: 1.7046e+00, total loss: 2.5803e+00, Error u,v: 9.7051e-02, 1.6351e-01
It: 3100, Time: 2.30, mse_0: 8.1696e-01, mse_f: 2.2874e+00, total loss: 3.3152e+00, Error u,v: 9.2162e-02, 1.5358e-01
It: 3200, Time: 2.26, mse_0: 6.6515e-01, mse_f: 1.7614e+00, total loss: 2.4733e+00, Error u,v: 8.7946e-02, 1.4477e-01
It: 3300, Time: 2.20, mse_0: 5.6509e-01, mse_f: 1.3399e+00, total loss: 1.9133e+00, Error u,v: 8.3986e-02, 1.3692e-01
It: 3400, Time: 2.63, mse_0: 4.9808e-01, mse_f: 1.2026e+00, total loss: 1.7174e+00, Error u,v: 7.9968e-02, 1.2893e-01
It: 3500, Time: 2.57, mse_0: 4.2369e-01, mse_f: 1.0587e+00, total loss: 1.4911e+00, Error u,v: 7.5865e-02, 1.2102e-01
It: 3600, Time: 2.34, mse_0: 4.2258e-01, mse_f: 2.1454e+00, total loss: 2.6493e+00, Error u,v: 7.2240e-02, 1.1383e-01
It: 3700, Time: 2.42, mse_0: 3.3499e-01, mse_f: 9.3863e-01, total loss: 1.3148e+00, Error u,v: 6.7872e-02, 1.0623e-01
It: 3800, Time: 2.33, mse_0: 2.7480e-01, mse_f: 7.9377e-01, total loss: 1.0871e+00, Error u,v: 6.4105e-02, 9.9321e-02
It: 3900, Time: 2.49, mse_0: 2.5629e-01, mse_f: 8.1655e-01, total loss: 1.1343e+00, Error u,v: 6.0334e-02, 9.2868e-02
It: 4000, Time: 2.44, mse_0: 2.7078e-01, mse_f: 2.5591e+00, total loss: 2.9195e+00, Error u,v: 5.7781e-02, 8.7864e-02
It: 4100, Time: 2.32, mse_0: 1.9136e-01, mse_f: 6.0690e-01, total loss: 8.1093e-01, Error u,v: 5.4126e-02, 8.2428e-02
It: 4200, Time: 2.29, mse_0: 1.7669e-01, mse_f: 6.9991e-01, total loss: 9.0241e-01, Error u,v: 5.1092e-02, 7.7089e-02
It: 4300, Time: 2.39, mse_0: 1.4362e-01, mse_f: 7.0500e-01, total loss: 8.6128e-01, Error u,v: 4.8522e-02, 7.2541e-02
It: 4400, Time: 2.50, mse_0: 1.6435e-01, mse_f: 9.4534e-01, total loss: 1.2054e+00, Error u,v: 4.5813e-02, 6.8232e-02
It: 4500, Time: 2.46, mse_0: 1.1261e-01, mse_f: 4.4832e-01, total loss: 5.8652e-01, Error u,v: 4.2906e-02, 6.3532e-02
It: 4600, Time: 2.52, mse_0: 1.0158e-01, mse_f: 4.4793e-01, total loss: 5.6248e-01, Error u,v: 4.0017e-02, 5.9317e-02
It: 4700, Time: 2.42, mse_0: 1.5659e-01, mse_f: 5.1002e-01, total loss: 8.3400e-01, Error u,v: 3.7923e-02, 5.5722e-02
It: 4800, Time: 2.33, mse_0: 7.1064e-02, mse_f: 4.5937e-01, total loss: 5.5338e-01, Error u,v: 3.5802e-02, 5.1937e-02
It: 4900, Time: 2.40, mse_0: 6.3813e-02, mse_f: 4.3156e-01, total loss: 5.1643e-01, Error u,v: 3.3823e-02, 4.8732e-02
It: 5000, Time: 2.19, mse_0: 1.3064e-01, mse_f: 4.1247e-01, total loss: 6.6276e-01, Error u,v: 3.1565e-02, 4.7024e-02
It: 5100, Time: 2.19, mse_0: 1.1157e-01, mse_f: 6.1776e-01, total loss: 8.8341e-01, Error u,v: 3.0253e-02, 4.3767e-02
It: 5200, Time: 2.24, mse_0: 7.3298e-02, mse_f: 1.0081e+00, total loss: 1.1449e+00, Error u,v: 2.9715e-02, 4.1838e-02
It: 5300, Time: 2.27, mse_0: 8.6911e-02, mse_f: 5.1675e-01, total loss: 7.0432e-01, Error u,v: 2.7486e-02, 4.0175e-02
It: 5400, Time: 2.32, mse_0: 4.1278e-02, mse_f: 3.6578e-01, total loss: 4.1900e-01, Error u,v: 2.5982e-02, 3.7506e-02
It: 5500, Time: 2.45, mse_0: 6.1623e-02, mse_f: 3.6303e-01, total loss: 4.6929e-01, Error u,v: 2.4849e-02, 3.5432e-02
It: 5600, Time: 2.26, mse_0: 5.6462e-02, mse_f: 5.7703e-01, total loss: 6.9868e-01, Error u,v: 2.3528e-02, 3.4274e-02
It: 5700, Time: 2.27, mse_0: 4.0397e-02, mse_f: 4.6103e-01, total loss: 5.1464e-01, Error u,v: 2.2405e-02, 3.2476e-02
It: 5800, Time: 2.53, mse_0: 7.0580e-02, mse_f: 5.9638e-01, total loss: 7.8080e-01, Error u,v: 2.1207e-02, 3.0831e-02
It: 5900, Time: 2.11, mse_0: 9.0343e-02, mse_f: 8.4879e-01, total loss: 1.0587e+00, Error u,v: 2.0946e-02, 3.0300e-02
It: 6000, Time: 2.33, mse_0: 9.4348e-02, mse_f: 4.8782e-01, total loss: 6.9772e-01, Error u,v: 1.9625e-02, 2.9322e-02
It: 6100, Time: 2.18, mse_0: 4.5279e-01, mse_f: 4.2793e+00, total loss: 5.6985e+00, Error u,v: 1.8719e-02, 2.9869e-02
It: 6200, Time: 2.20, mse_0: 9.9893e-02, mse_f: 1.2781e+00, total loss: 1.5427e+00, Error u,v: 2.0633e-02, 2.8732e-02
It: 6300, Time: 2.16, mse_0: 8.0038e-02, mse_f: 6.5720e-01, total loss: 8.0336e-01, Error u,v: 1.9018e-02, 2.7276e-02
It: 6400, Time: 2.25, mse_0: 1.9699e-02, mse_f: 1.4187e-01, total loss: 1.6512e-01, Error u,v: 1.7999e-02, 2.6084e-02
It: 6500, Time: 2.24, mse_0: 4.2915e-01, mse_f: 8.1161e-01, total loss: 2.1686e+00, Error u,v: 1.7568e-02, 2.8354e-02
It: 6600, Time: 2.23, mse_0: 9.6764e-02, mse_f: 3.1283e-01, total loss: 5.8428e-01, Error u,v: 1.6847e-02, 2.5035e-02
It: 6700, Time: 2.22, mse_0: 9.0711e-02, mse_f: 1.6816e+00, total loss: 1.8794e+00, Error u,v: 1.6828e-02, 2.4640e-02
It: 6800, Time: 2.18, mse_0: 3.3080e-02, mse_f: 2.9000e-01, total loss: 3.6537e-01, Error u,v: 1.6276e-02, 2.3510e-02
It: 6900, Time: 2.41, mse_0: 1.3906e-02, mse_f: 9.6895e-02, total loss: 1.1553e-01, Error u,v: 1.5290e-02, 2.1785e-02
It: 7000, Time: 2.54, mse_0: 1.6039e-02, mse_f: 1.2724e-01, total loss: 1.6164e-01, Error u,v: 1.4600e-02, 2.0579e-02
It: 7100, Time: 2.56, mse_0: 7.7315e-02, mse_f: 7.1112e-01, total loss: 9.0770e-01, Error u,v: 1.4720e-02, 2.1186e-02
It: 7200, Time: 2.65, mse_0: 9.7781e-02, mse_f: 2.7733e-01, total loss: 5.3943e-01, Error u,v: 1.4208e-02, 2.0414e-02
It: 7300, Time: 2.75, mse_0: 7.9095e-02, mse_f: 7.8598e-01, total loss: 9.9777e-01, Error u,v: 1.4564e-02, 1.9945e-02
It: 7400, Time: 2.67, mse_0: 3.2995e-02, mse_f: 2.4060e-01, total loss: 3.1120e-01, Error u,v: 1.3156e-02, 1.9903e-02
It: 7500, Time: 2.51, mse_0: 5.2999e-02, mse_f: 6.4702e-01, total loss: 7.6291e-01, Error u,v: 1.4381e-02, 2.0263e-02
starting L-BFGS training
It: 100, Time: 3.72, mse_0: 6.8271e-03, mse_f: 7.4017e-02, total loss: 8.1123e-02, Error u,v: 1.1234e-02, 1.5558e-02
It: 200, Time: 4.94, mse_0: 4.8918e-03, mse_f: 6.5277e-02, total loss: 7.0359e-02, Error u,v: 7.2402e-03, 9.9407e-03
It: 300, Time: 4.87, mse_0: 3.6109e-03, mse_f: 5.4957e-02, total loss: 5.8863e-02, Error u,v: 5.4275e-03, 7.5988e-03
It: 400, Time: 4.19, mse_0: 3.3902e-03, mse_f: 4.4908e-02, total loss: 4.8678e-02, Error u,v: 4.2916e-03, 6.1870e-03
It: 500, Time: 3.90, mse_0: 3.1844e-03, mse_f: 3.7453e-02, total loss: 4.0857e-02, Error u,v: 3.0399e-03, 4.5146e-03
It: 600, Time: 4.10, mse_0: 2.3240e-03, mse_f: 3.2080e-02, total loss: 3.4665e-02, Error u,v: 2.8152e-03, 4.0835e-03
It: 700, Time: 4.77, mse_0: 2.3164e-03, mse_f: 2.8210e-02, total loss: 3.0746e-02, Error u,v: 2.8990e-03, 4.2161e-03
It: 800, Time: 4.63, mse_0: 2.0085e-03, mse_f: 2.5407e-02, total loss: 2.7599e-02, Error u,v: 2.9946e-03, 4.2235e-03
It: 900, Time: 4.48, mse_0: 1.5875e-03, mse_f: 2.2963e-02, total loss: 2.4756e-02, Error u,v: 2.8040e-03, 3.9378e-03
It: 1000, Time: 3.60, mse_0: 1.5913e-03, mse_f: 2.1067e-02, total loss: 2.2803e-02, Error u,v: 2.4223e-03, 3.4222e-03
It: 1100, Time: 3.87, mse_0: 1.5050e-03, mse_f: 1.9711e-02, total loss: 2.1330e-02, Error u,v: 2.2454e-03, 3.2069e-03
It: 1200, Time: 3.69, mse_0: 1.3150e-03, mse_f: 1.8469e-02, total loss: 1.9900e-02, Error u,v: 2.0820e-03, 2.9677e-03
It: 1300, Time: 4.08, mse_0: 1.0664e-03, mse_f: 1.7201e-02, total loss: 1.8357e-02, Error u,v: 2.0309e-03, 2.9140e-03
It: 1400, Time: 4.11, mse_0: 8.9857e-04, mse_f: 1.6073e-02, total loss: 1.7049e-02, Error u,v: 1.9176e-03, 2.7578e-03
It: 1500, Time: 4.32, mse_0: 7.5908e-04, mse_f: 1.5117e-02, total loss: 1.5974e-02, Error u,v: 1.8379e-03, 2.6762e-03
It: 1600, Time: 4.41, mse_0: 6.1221e-04, mse_f: 1.4056e-02, total loss: 1.4725e-02, Error u,v: 1.5434e-03, 2.2880e-03
It: 1700, Time: 4.53, mse_0: 5.5164e-04, mse_f: 1.2909e-02, total loss: 1.3544e-02, Error u,v: 1.4113e-03, 2.1628e-03
It: 1800, Time: 4.47, mse_0: 4.9144e-04, mse_f: 1.2178e-02, total loss: 1.2725e-02, Error u,v: 1.2261e-03, 1.9060e-03
It: 1900, Time: 4.01, mse_0: 4.8011e-04, mse_f: 1.1471e-02, total loss: 1.2018e-02, Error u,v: 9.6703e-04, 1.5968e-03
It: 2000, Time: 4.09, mse_0: 4.9999e-04, mse_f: 1.0801e-02, total loss: 1.1362e-02, Error u,v: 9.7762e-04, 1.6364e-03
It: 2100, Time: 4.25, mse_0: 4.9138e-04, mse_f: 1.0117e-02, total loss: 1.0671e-02, Error u,v: 9.2243e-04, 1.5407e-03
It: 2200, Time: 3.81, mse_0: 4.7933e-04, mse_f: 9.4888e-03, total loss: 1.0053e-02, Error u,v: 8.2767e-04, 1.4611e-03
It: 2300, Time: 4.16, mse_0: 4.8095e-04, mse_f: 8.9557e-03, total loss: 9.5073e-03, Error u,v: 8.6884e-04, 1.5267e-03
It: 2400, Time: 4.00, mse_0: 5.0031e-04, mse_f: 8.4437e-03, total loss: 9.0223e-03, Error u,v: 9.1472e-04, 1.6041e-03
It: 2500, Time: 4.47, mse_0: 4.7507e-04, mse_f: 7.8552e-03, total loss: 8.4156e-03, Error u,v: 9.5264e-04, 1.6890e-03
It: 2600, Time: 3.78, mse_0: 4.4174e-04, mse_f: 7.4450e-03, total loss: 7.9570e-03, Error u,v: 8.0880e-04, 1.5102e-03
It: 2700, Time: 3.85, mse_0: 4.1364e-04, mse_f: 7.0016e-03, total loss: 7.4791e-03, Error u,v: 6.8164e-04, 1.3700e-03
It: 2800, Time: 4.02, mse_0: 4.0308e-04, mse_f: 6.5911e-03, total loss: 7.0609e-03, Error u,v: 5.7714e-04, 1.2467e-03
It: 2900, Time: 3.97, mse_0: 3.9789e-04, mse_f: 6.3323e-03, total loss: 6.7944e-03, Error u,v: 6.0141e-04, 1.2720e-03
It: 3000, Time: 4.18, mse_0: 3.7631e-04, mse_f: 6.0260e-03, total loss: 6.4580e-03, Error u,v: 6.8904e-04, 1.3990e-03
It: 3100, Time: 3.86, mse_0: 3.7657e-04, mse_f: 5.7671e-03, total loss: 6.1912e-03, Error u,v: 7.0932e-04, 1.4266e-03
It: 3200, Time: 3.82, mse_0: 3.8121e-04, mse_f: 5.4201e-03, total loss: 5.8419e-03, Error u,v: 7.1291e-04, 1.4320e-03
It: 3300, Time: 3.99, mse_0: 3.5794e-04, mse_f: 5.0984e-03, total loss: 5.4984e-03, Error u,v: 7.0962e-04, 1.3989e-03
It: 3400, Time: 3.96, mse_0: 3.4440e-04, mse_f: 4.7832e-03, total loss: 5.1705e-03, Error u,v: 7.0374e-04, 1.3655e-03
It: 3500, Time: 4.10, mse_0: 3.7242e-04, mse_f: 4.4586e-03, total loss: 4.8778e-03, Error u,v: 7.9279e-04, 1.4544e-03
It: 3600, Time: 3.95, mse_0: 3.7260e-04, mse_f: 4.1838e-03, total loss: 4.5949e-03, Error u,v: 8.2383e-04, 1.5444e-03
It: 3700, Time: 4.25, mse_0: 3.6847e-04, mse_f: 3.8533e-03, total loss: 4.2599e-03, Error u,v: 8.0208e-04, 1.5207e-03
It: 3800, Time: 4.41, mse_0: 3.6811e-04, mse_f: 3.6406e-03, total loss: 4.0476e-03, Error u,v: 7.0338e-04, 1.3812e-03
It: 3900, Time: 4.17, mse_0: 3.7052e-04, mse_f: 3.4896e-03, total loss: 3.9003e-03, Error u,v: 6.1459e-04, 1.2882e-03
It: 4000, Time: 4.17, mse_0: 3.5229e-04, mse_f: 3.3042e-03, total loss: 3.7051e-03, Error u,v: 6.2624e-04, 1.3041e-03
It: 4100, Time: 4.28, mse_0: 3.4044e-04, mse_f: 3.1715e-03, total loss: 3.5619e-03, Error u,v: 6.7925e-04, 1.3660e-03
It: 4200, Time: 4.20, mse_0: 3.3408e-04, mse_f: 3.0566e-03, total loss: 3.4384e-03, Error u,v: 6.9505e-04, 1.3698e-03
It: 4300, Time: 4.06, mse_0: 3.2334e-04, mse_f: 2.9391e-03, total loss: 3.3077e-03, Error u,v: 6.9662e-04, 1.4136e-03
It: 4400, Time: 4.11, mse_0: 3.2142e-04, mse_f: 2.8322e-03, total loss: 3.1970e-03, Error u,v: 6.4480e-04, 1.3703e-03
It: 4500, Time: 4.25, mse_0: 2.9836e-04, mse_f: 2.7507e-03, total loss: 3.0923e-03, Error u,v: 5.3154e-04, 1.2317e-03
It: 4600, Time: 4.41, mse_0: 2.9991e-04, mse_f: 2.6543e-03, total loss: 2.9996e-03, Error u,v: 4.2986e-04, 1.1351e-03
It: 4700, Time: 4.00, mse_0: 2.8813e-04, mse_f: 2.5554e-03, total loss: 2.8935e-03, Error u,v: 4.2044e-04, 1.1041e-03
It: 4800, Time: 4.00, mse_0: 2.9170e-04, mse_f: 2.4798e-03, total loss: 2.8115e-03, Error u,v: 4.5188e-04, 1.1205e-03
It: 4900, Time: 4.13, mse_0: 2.7915e-04, mse_f: 2.3995e-03, total loss: 2.7209e-03, Error u,v: 5.2483e-04, 1.1954e-03
It: 5000, Time: 3.78, mse_0: 2.7645e-04, mse_f: 2.3117e-03, total loss: 2.6275e-03, Error u,v: 5.5686e-04, 1.2461e-03
It: 5100, Time: 4.13, mse_0: 2.5785e-04, mse_f: 2.2463e-03, total loss: 2.5452e-03, Error u,v: 4.7132e-04, 1.1618e-03
It: 5200, Time: 4.07, mse_0: 2.5126e-04, mse_f: 2.1827e-03, total loss: 2.4730e-03, Error u,v: 4.1459e-04, 1.0748e-03
It: 5300, Time: 4.21, mse_0: 2.4609e-04, mse_f: 2.1068e-03, total loss: 2.3917e-03, Error u,v: 4.1529e-04, 1.0900e-03
It: 5400, Time: 4.33, mse_0: 2.2254e-04, mse_f: 2.0215e-03, total loss: 2.2857e-03, Error u,v: 4.5400e-04, 1.1186e-03
It: 5500, Time: 4.23, mse_0: 2.2322e-04, mse_f: 1.9491e-03, total loss: 2.2139e-03, Error u,v: 4.5438e-04, 1.0985e-03
It: 5600, Time: 4.01, mse_0: 2.1068e-04, mse_f: 1.9050e-03, total loss: 2.1536e-03, Error u,v: 4.7917e-04, 1.1133e-03
It: 5700, Time: 3.89, mse_0: 2.0670e-04, mse_f: 1.8439e-03, total loss: 2.0869e-03, Error u,v: 5.0876e-04, 1.1428e-03
It: 5800, Time: 3.87, mse_0: 2.0490e-04, mse_f: 1.7823e-03, total loss: 2.0272e-03, Error u,v: 4.9497e-04, 1.1496e-03
It: 5900, Time: 3.85, mse_0: 2.0399e-04, mse_f: 1.7293e-03, total loss: 1.9703e-03, Error u,v: 4.7217e-04, 1.1082e-03
It: 6000, Time: 4.03, mse_0: 2.0056e-04, mse_f: 1.6787e-03, total loss: 1.9156e-03, Error u,v: 4.4671e-04, 1.0806e-03
It: 6100, Time: 3.76, mse_0: 1.9010e-04, mse_f: 1.6363e-03, total loss: 1.8653e-03, Error u,v: 4.1475e-04, 1.0503e-03
It: 6200, Time: 3.97, mse_0: 1.8493e-04, mse_f: 1.5941e-03, total loss: 1.8146e-03, Error u,v: 4.0238e-04, 1.0368e-03
It: 6300, Time: 3.80, mse_0: 1.7271e-04, mse_f: 1.5519e-03, total loss: 1.7591e-03, Error u,v: 4.1023e-04, 1.0335e-03
It: 6400, Time: 3.83, mse_0: 1.7164e-04, mse_f: 1.5051e-03, total loss: 1.7088e-03, Error u,v: 4.0835e-04, 1.0048e-03
It: 6500, Time: 3.91, mse_0: 1.6357e-04, mse_f: 1.4687e-03, total loss: 1.6637e-03, Error u,v: 4.2103e-04, 1.0333e-03
It: 6600, Time: 3.83, mse_0: 1.6179e-04, mse_f: 1.4293e-03, total loss: 1.6183e-03, Error u,v: 4.1565e-04, 1.0244e-03
It: 6700, Time: 4.00, mse_0: 1.6194e-04, mse_f: 1.3779e-03, total loss: 1.5702e-03, Error u,v: 4.3109e-04, 1.0410e-03
It: 6800, Time: 3.93, mse_0: 1.6059e-04, mse_f: 1.3393e-03, total loss: 1.5253e-03, Error u,v: 4.1609e-04, 1.0343e-03
It: 6900, Time: 4.29, mse_0: 1.5609e-04, mse_f: 1.3054e-03, total loss: 1.4849e-03, Error u,v: 4.1775e-04, 1.0360e-03
It: 7000, Time: 4.18, mse_0: 1.6115e-04, mse_f: 1.2694e-03, total loss: 1.4507e-03, Error u,v: 4.0496e-04, 1.0178e-03
It: 7100, Time: 3.66, mse_0: 1.5714e-04, mse_f: 1.2373e-03, total loss: 1.4142e-03, Error u,v: 4.1871e-04, 1.0226e-03
It: 7200, Time: 4.02, mse_0: 1.5299e-04, mse_f: 1.2081e-03, total loss: 1.3792e-03, Error u,v: 4.2644e-04, 1.0428e-03
It: 7300, Time: 3.94, mse_0: 1.5802e-04, mse_f: 1.1735e-03, total loss: 1.3480e-03, Error u,v: 4.0711e-04, 1.0280e-03
It: 7400, Time: 4.12, mse_0: 1.6159e-04, mse_f: 1.1370e-03, total loss: 1.3146e-03, Error u,v: 4.0922e-04, 1.0247e-03
It: 7500, Time: 3.98, mse_0: 1.6415e-04, mse_f: 1.1029e-03, total loss: 1.2820e-03, Error u,v: 4.1291e-04, 1.0334e-03
It: 7600, Time: 3.81, mse_0: 1.5973e-04, mse_f: 1.0829e-03, total loss: 1.2577e-03, Error u,v: 4.2300e-04, 1.0316e-03
It: 7700, Time: 3.78, mse_0: 1.5405e-04, mse_f: 1.0637e-03, total loss: 1.2329e-03, Error u,v: 4.4113e-04, 1.0508e-03
It: 7800, Time: 4.05, mse_0: 1.5059e-04, mse_f: 1.0388e-03, total loss: 1.2039e-03, Error u,v: 4.4510e-04, 1.0476e-03
It: 7900, Time: 4.11, mse_0: 1.4498e-04, mse_f: 1.0200e-03, total loss: 1.1786e-03, Error u,v: 4.5753e-04, 1.0654e-03
It: 8000, Time: 3.89, mse_0: 1.3848e-04, mse_f: 1.0002e-03, total loss: 1.1505e-03, Error u,v: 4.7738e-04, 1.0758e-03
It: 8100, Time: 4.42, mse_0: 1.3942e-04, mse_f: 9.7168e-04, total loss: 1.1224e-03, Error u,v: 4.8457e-04, 1.0741e-03
It: 8200, Time: 4.26, mse_0: 1.3914e-04, mse_f: 9.4245e-04, total loss: 1.0925e-03, Error u,v: 5.1585e-04, 1.1157e-03
It: 8300, Time: 4.44, mse_0: 1.3348e-04, mse_f: 9.2310e-04, total loss: 1.0680e-03, Error u,v: 5.3423e-04, 1.1390e-03
It: 8400, Time: 4.31, mse_0: 1.2768e-04, mse_f: 9.1088e-04, total loss: 1.0500e-03, Error u,v: 5.3451e-04, 1.1315e-03
It: 8500, Time: 4.12, mse_0: 1.2596e-04, mse_f: 8.9368e-04, total loss: 1.0305e-03, Error u,v: 5.2970e-04, 1.1201e-03
It: 8600, Time: 3.89, mse_0: 1.2633e-04, mse_f: 8.7574e-04, total loss: 1.0120e-03, Error u,v: 5.1498e-04, 1.1053e-03
It: 8700, Time: 3.92, mse_0: 1.2285e-04, mse_f: 8.5549e-04, total loss: 9.8850e-04, Error u,v: 4.9952e-04, 1.0933e-03
It: 8800, Time: 3.85, mse_0: 1.2209e-04, mse_f: 8.3499e-04, total loss: 9.6680e-04, Error u,v: 4.7592e-04, 1.0576e-03
It: 8900, Time: 3.88, mse_0: 1.2059e-04, mse_f: 8.2202e-04, total loss: 9.5155e-04, Error u,v: 4.7972e-04, 1.0720e-03
It: 9000, Time: 3.66, mse_0: 1.2236e-04, mse_f: 8.0666e-04, total loss: 9.3759e-04, Error u,v: 4.7776e-04, 1.0670e-03
It: 9100, Time: 3.72, mse_0: 1.2092e-04, mse_f: 7.9576e-04, total loss: 9.2552e-04, Error u,v: 4.6657e-04, 1.0678e-03
It: 9200, Time: 3.86, mse_0: 1.1779e-04, mse_f: 7.8512e-04, total loss: 9.1151e-04, Error u,v: 4.5724e-04, 1.0587e-03
It: 9300, Time: 3.69, mse_0: 1.1775e-04, mse_f: 7.6994e-04, total loss: 8.9631e-04, Error u,v: 4.3123e-04, 1.0305e-03
It: 9400, Time: 4.00, mse_0: 1.1597e-04, mse_f: 7.5560e-04, total loss: 8.7968e-04, Error u,v: 4.3326e-04, 1.0266e-03
It: 9500, Time: 3.83, mse_0: 1.1404e-04, mse_f: 7.3926e-04, total loss: 8.6132e-04, Error u,v: 4.6172e-04, 1.0604e-03
It: 9600, Time: 3.66, mse_0: 1.1455e-04, mse_f: 7.2427e-04, total loss: 8.4604e-04, Error u,v: 4.8498e-04, 1.0855e-03
It: 9700, Time: 3.81, mse_0: 1.1251e-04, mse_f: 7.1214e-04, total loss: 8.3271e-04, Error u,v: 4.8908e-04, 1.0879e-03
It: 9800, Time: 4.10, mse_0: 1.0723e-04, mse_f: 7.0183e-04, total loss: 8.1704e-04, Error u,v: 5.0173e-04, 1.1021e-03
It: 9900, Time: 4.12, mse_0: 1.0457e-04, mse_f: 6.9042e-04, total loss: 8.0266e-04, Error u,v: 4.8449e-04, 1.0858e-03
It: 10000, Time: 4.34, mse_0: 1.0430e-04, mse_f: 6.7597e-04, total loss: 7.8843e-04, Error u,v: 4.5304e-04, 1.0451e-03
It: 10100, Time: 3.81, mse_0: 1.0597e-04, mse_f: 6.6502e-04, total loss: 7.7925e-04, Error u,v: 4.3750e-04, 1.0329e-03
It: 10200, Time: 4.11, mse_0: 1.0305e-04, mse_f: 6.5895e-04, total loss: 7.6999e-04, Error u,v: 4.2857e-04, 1.0192e-03
It: 10300, Time: 4.08, mse_0: 1.0120e-04, mse_f: 6.5096e-04, total loss: 7.5956e-04, Error u,v: 4.3875e-04, 1.0230e-03
It: 10400, Time: 4.16, mse_0: 1.0069e-04, mse_f: 6.3909e-04, total loss: 7.4785e-04, Error u,v: 4.4052e-04, 1.0269e-03
It: 10500, Time: 4.04, mse_0: 1.0331e-04, mse_f: 6.2578e-04, total loss: 7.3709e-04, Error u,v: 4.4570e-04, 1.0284e-03
Error u: 4.456990e-04
Error v: 1.028441e-03
u3_pred.shape=  (257, 31)
u0_t.shape =  (257,)
Error u: 3.741840e-04
Error v: 3.899230e-04
u_pred.shape after=  (257, 91)
NeuralNet(
  (network): Sequential(
    (0): Linear(in_features=2, out_features=48, bias=True)
    (1): Tanh()
    (2): Linear(in_features=48, out_features=48, bias=True)
    (3): Tanh()
    (4): Linear(in_features=48, out_features=48, bias=True)
    (5): Tanh()
    (6): Linear(in_features=48, out_features=48, bias=True)
    (7): Tanh()
    (8): Linear(in_features=48, out_features=2, bias=True)
  )
)
starting Adam training
It: 100, Time: 2.20, mse_0: 4.7435e+02, mse_f: 8.4693e+02, total loss: 1.4423e+03, Error u,v: 2.9693e-01, 2.2595e-01
It: 200, Time: 2.23, mse_0: 1.0900e+02, mse_f: 2.0104e+02, total loss: 3.4578e+02, Error u,v: 2.4402e-01, 2.5346e-01
It: 300, Time: 2.20, mse_0: 6.4697e+01, mse_f: 1.2080e+02, total loss: 2.1683e+02, Error u,v: 1.6183e-01, 1.8659e-01
It: 400, Time: 2.19, mse_0: 2.7036e+01, mse_f: 4.7932e+01, total loss: 8.4450e+01, Error u,v: 1.2724e-01, 1.6406e-01
It: 500, Time: 2.20, mse_0: 8.3253e+00, mse_f: 4.0186e+01, total loss: 5.1465e+01, Error u,v: 8.3618e-02, 1.1750e-01
It: 600, Time: 2.22, mse_0: 6.2909e+00, mse_f: 1.5918e+01, total loss: 2.3437e+01, Error u,v: 6.6473e-02, 8.2707e-02
It: 700, Time: 2.26, mse_0: 3.2668e+00, mse_f: 8.5065e+00, total loss: 1.2162e+01, Error u,v: 5.1638e-02, 6.6704e-02
It: 800, Time: 2.22, mse_0: 1.1705e+00, mse_f: 4.5497e+00, total loss: 5.7993e+00, Error u,v: 3.9626e-02, 5.5036e-02
It: 900, Time: 2.70, mse_0: 9.2167e-01, mse_f: 3.2491e+00, total loss: 4.2250e+00, Error u,v: 3.1384e-02, 4.2008e-02
It: 1000, Time: 2.77, mse_0: 5.3449e-01, mse_f: 2.1542e+00, total loss: 2.7109e+00, Error u,v: 2.5539e-02, 3.4401e-02
It: 1100, Time: 2.68, mse_0: 3.6243e-01, mse_f: 1.6787e+00, total loss: 2.0620e+00, Error u,v: 2.1328e-02, 2.7962e-02
It: 1200, Time: 2.70, mse_0: 2.4559e-01, mse_f: 1.3949e+00, total loss: 1.6537e+00, Error u,v: 1.8288e-02, 2.3753e-02
It: 1300, Time: 2.43, mse_0: 2.0454e-01, mse_f: 1.1398e+00, total loss: 1.3540e+00, Error u,v: 1.6112e-02, 2.0501e-02
It: 1400, Time: 2.34, mse_0: 1.5303e-01, mse_f: 9.6486e-01, total loss: 1.1256e+00, Error u,v: 1.4234e-02, 1.8073e-02
It: 1500, Time: 2.64, mse_0: 1.2260e-01, mse_f: 8.1891e-01, total loss: 9.4718e-01, Error u,v: 1.2582e-02, 1.5531e-02
It: 1600, Time: 2.32, mse_0: 9.7815e-02, mse_f: 7.0459e-01, total loss: 8.0817e-01, Error u,v: 1.1071e-02, 1.3414e-02
It: 1700, Time: 2.45, mse_0: 8.1828e-02, mse_f: 6.1071e-01, total loss: 6.9748e-01, Error u,v: 9.8378e-03, 1.1628e-02
It: 1800, Time: 2.17, mse_0: 6.7021e-02, mse_f: 5.3774e-01, total loss: 6.0907e-01, Error u,v: 8.6700e-03, 9.9852e-03
It: 1900, Time: 2.25, mse_0: 5.5420e-02, mse_f: 4.7787e-01, total loss: 5.3716e-01, Error u,v: 7.6874e-03, 8.6262e-03
It: 2000, Time: 2.38, mse_0: 4.6987e-02, mse_f: 4.2730e-01, total loss: 4.7781e-01, Error u,v: 6.8358e-03, 7.4069e-03
It: 2100, Time: 2.33, mse_0: 4.0294e-02, mse_f: 3.8445e-01, total loss: 4.2800e-01, Error u,v: 6.1118e-03, 6.3781e-03
It: 2200, Time: 2.24, mse_0: 3.5093e-02, mse_f: 3.4757e-01, total loss: 3.8569e-01, Error u,v: 5.4963e-03, 5.5075e-03
It: 2300, Time: 2.27, mse_0: 3.1001e-02, mse_f: 3.1547e-01, total loss: 3.4934e-01, Error u,v: 4.9926e-03, 4.7864e-03
It: 2400, Time: 2.36, mse_0: 2.7679e-02, mse_f: 2.8743e-01, total loss: 3.1780e-01, Error u,v: 4.5685e-03, 4.1873e-03
It: 2500, Time: 2.46, mse_0: 2.4933e-02, mse_f: 2.6275e-01, total loss: 2.9022e-01, Error u,v: 4.2159e-03, 3.6976e-03
It: 2600, Time: 2.42, mse_0: 2.2646e-02, mse_f: 2.4087e-01, total loss: 2.6593e-01, Error u,v: 3.9174e-03, 3.2914e-03
It: 2700, Time: 2.22, mse_0: 2.0693e-02, mse_f: 2.2140e-01, total loss: 2.4439e-01, Error u,v: 3.6629e-03, 2.9566e-03
It: 2800, Time: 2.33, mse_0: 1.9004e-02, mse_f: 2.0397e-01, total loss: 2.2518e-01, Error u,v: 3.4427e-03, 2.6775e-03
It: 2900, Time: 2.49, mse_0: 1.7516e-02, mse_f: 1.8834e-01, total loss: 2.0796e-01, Error u,v: 3.2484e-03, 2.4433e-03
It: 3000, Time: 2.43, mse_0: 1.6192e-02, mse_f: 1.7424e-01, total loss: 1.9246e-01, Error u,v: 3.0744e-03, 2.2448e-03
It: 3100, Time: 2.33, mse_0: 1.5001e-02, mse_f: 1.6150e-01, total loss: 1.7844e-01, Error u,v: 2.9173e-03, 2.0752e-03
It: 3200, Time: 2.30, mse_0: 1.3923e-02, mse_f: 1.4993e-01, total loss: 1.6572e-01, Error u,v: 2.7732e-03, 1.9288e-03
It: 3300, Time: 2.24, mse_0: 1.2939e-02, mse_f: 1.3940e-01, total loss: 1.5414e-01, Error u,v: 2.6401e-03, 1.8010e-03
It: 3400, Time: 2.24, mse_0: 1.2040e-02, mse_f: 1.2978e-01, total loss: 1.4355e-01, Error u,v: 2.5162e-03, 1.6886e-03
It: 3500, Time: 2.26, mse_0: 1.1210e-02, mse_f: 1.2098e-01, total loss: 1.3386e-01, Error u,v: 2.4002e-03, 1.5884e-03
It: 3600, Time: 2.28, mse_0: 1.0446e-02, mse_f: 1.1291e-01, total loss: 1.2496e-01, Error u,v: 2.2913e-03, 1.4988e-03
It: 3700, Time: 2.14, mse_0: 9.7369e-03, mse_f: 1.0548e-01, total loss: 1.1676e-01, Error u,v: 2.1883e-03, 1.4178e-03
It: 3800, Time: 2.37, mse_0: 9.0779e-03, mse_f: 9.8638e-02, total loss: 1.0920e-01, Error u,v: 2.0910e-03, 1.3442e-03
It: 3900, Time: 2.24, mse_0: 8.4632e-03, mse_f: 9.2321e-02, total loss: 1.0221e-01, Error u,v: 1.9988e-03, 1.2769e-03
It: 4000, Time: 2.29, mse_0: 7.8867e-03, mse_f: 8.6478e-02, total loss: 9.5731e-02, Error u,v: 1.9114e-03, 1.2150e-03
It: 4100, Time: 2.83, mse_0: 7.3487e-03, mse_f: 8.1069e-02, total loss: 8.9725e-02, Error u,v: 1.8287e-03, 1.1583e-03
It: 4200, Time: 2.71, mse_0: 6.8428e-03, mse_f: 7.6051e-02, total loss: 8.4143e-02, Error u,v: 1.7504e-03, 1.1058e-03
It: 4300, Time: 2.50, mse_0: 6.3662e-03, mse_f: 7.1393e-02, total loss: 7.8954e-02, Error u,v: 1.6768e-03, 1.0578e-03
It: 4400, Time: 2.82, mse_0: 5.9210e-03, mse_f: 6.7061e-02, total loss: 7.4119e-02, Error u,v: 1.6074e-03, 1.0134e-03
It: 4500, Time: 2.71, mse_0: 5.4988e-03, mse_f: 6.3030e-02, total loss: 6.9612e-02, Error u,v: 1.5418e-03, 9.7256e-04
It: 4600, Time: 2.42, mse_0: 5.1028e-03, mse_f: 5.9276e-02, total loss: 6.5407e-02, Error u,v: 1.4809e-03, 9.3516e-04
It: 4700, Time: 2.52, mse_0: 4.7318e-03, mse_f: 5.5777e-02, total loss: 6.1480e-02, Error u,v: 1.4240e-03, 9.0106e-04
It: 4800, Time: 2.62, mse_0: 4.3805e-03, mse_f: 5.2508e-02, total loss: 5.7813e-02, Error u,v: 1.3704e-03, 8.6948e-04
It: 4900, Time: 2.49, mse_0: 4.0528e-03, mse_f: 4.9463e-02, total loss: 5.4383e-02, Error u,v: 1.3218e-03, 8.4128e-04
It: 5000, Time: 2.65, mse_0: 8.4810e-03, mse_f: 6.6938e-02, total loss: 8.1495e-02, Error u,v: 1.2732e-03, 1.1980e-03
It: 5100, Time: 2.52, mse_0: 1.8137e-01, mse_f: 4.7043e-01, total loss: 1.0090e+00, Error u,v: 1.6369e-03, 8.7912e-04
It: 5200, Time: 2.77, mse_0: 8.9830e-03, mse_f: 7.0617e-02, total loss: 8.9650e-02, Error u,v: 2.0386e-03, 1.9481e-03
It: 5300, Time: 2.60, mse_0: 2.6902e-02, mse_f: 1.1199e-01, total loss: 1.7925e-01, Error u,v: 1.6236e-03, 1.5259e-03
It: 5400, Time: 2.62, mse_0: 4.3590e-03, mse_f: 4.4534e-02, total loss: 5.4161e-02, Error u,v: 1.7112e-03, 1.0993e-03
It: 5500, Time: 2.45, mse_0: 3.3581e-03, mse_f: 4.0810e-02, total loss: 4.6829e-02, Error u,v: 1.3828e-03, 8.8252e-04
It: 5600, Time: 2.54, mse_0: 3.8721e-03, mse_f: 4.1885e-02, total loss: 4.9265e-02, Error u,v: 1.1809e-03, 7.1620e-04
It: 5700, Time: 2.25, mse_0: 1.8304e-02, mse_f: 1.9823e-01, total loss: 2.7992e-01, Error u,v: 4.0177e-03, 1.2339e-03
It: 5800, Time: 2.27, mse_0: 1.4447e-02, mse_f: 1.3818e-01, total loss: 2.0926e-01, Error u,v: 2.8536e-03, 7.6089e-04
It: 5900, Time: 2.22, mse_0: 1.7625e-02, mse_f: 5.1586e-02, total loss: 1.2083e-01, Error u,v: 2.4379e-03, 1.1062e-03
It: 6000, Time: 2.44, mse_0: 3.7309e-03, mse_f: 3.5646e-02, total loss: 4.4873e-02, Error u,v: 1.5574e-03, 8.5098e-04
starting L-BFGS training
It: 100, Time: 3.24, mse_0: 1.7193e-03, mse_f: 2.8744e-02, total loss: 3.0713e-02, Error u,v: 1.0230e-03, 6.8786e-04
It: 200, Time: 4.04, mse_0: 1.6535e-03, mse_f: 2.5034e-02, total loss: 2.6893e-02, Error u,v: 1.1342e-03, 8.2209e-04
It: 300, Time: 4.24, mse_0: 1.5017e-03, mse_f: 2.2010e-02, total loss: 2.3773e-02, Error u,v: 1.1943e-03, 9.5720e-04
It: 400, Time: 3.93, mse_0: 1.2685e-03, mse_f: 2.0256e-02, total loss: 2.1769e-02, Error u,v: 1.1308e-03, 8.4778e-04
It: 500, Time: 3.80, mse_0: 1.1088e-03, mse_f: 1.8788e-02, total loss: 2.0195e-02, Error u,v: 1.2170e-03, 8.5191e-04
It: 600, Time: 3.70, mse_0: 9.2392e-04, mse_f: 1.7390e-02, total loss: 1.8569e-02, Error u,v: 1.1168e-03, 8.1698e-04
It: 700, Time: 4.09, mse_0: 7.5136e-04, mse_f: 1.6190e-02, total loss: 1.7165e-02, Error u,v: 1.0616e-03, 7.6178e-04
It: 800, Time: 4.04, mse_0: 7.0150e-04, mse_f: 1.4949e-02, total loss: 1.5864e-02, Error u,v: 1.1626e-03, 8.2899e-04
It: 900, Time: 3.91, mse_0: 6.5247e-04, mse_f: 1.3852e-02, total loss: 1.4691e-02, Error u,v: 1.1597e-03, 8.2886e-04
It: 1000, Time: 4.05, mse_0: 5.3621e-04, mse_f: 1.2967e-02, total loss: 1.3616e-02, Error u,v: 1.1871e-03, 8.6740e-04
It: 1100, Time: 3.99, mse_0: 4.6593e-04, mse_f: 1.2021e-02, total loss: 1.2578e-02, Error u,v: 1.1734e-03, 8.7000e-04
It: 1200, Time: 3.99, mse_0: 4.4466e-04, mse_f: 1.0909e-02, total loss: 1.1471e-02, Error u,v: 1.1331e-03, 8.4667e-04
It: 1300, Time: 4.29, mse_0: 4.6516e-04, mse_f: 9.9098e-03, total loss: 1.0503e-02, Error u,v: 1.1079e-03, 8.0821e-04
It: 1400, Time: 4.25, mse_0: 4.4176e-04, mse_f: 9.2240e-03, total loss: 9.7777e-03, Error u,v: 1.0573e-03, 7.6247e-04
It: 1500, Time: 4.13, mse_0: 4.7230e-04, mse_f: 8.5877e-03, total loss: 9.1622e-03, Error u,v: 1.0490e-03, 7.3222e-04
It: 1600, Time: 3.83, mse_0: 4.1264e-04, mse_f: 8.0737e-03, total loss: 8.5656e-03, Error u,v: 1.0296e-03, 7.2530e-04
It: 1700, Time: 4.13, mse_0: 4.6717e-04, mse_f: 7.4772e-03, total loss: 7.9824e-03, Error u,v: 1.0343e-03, 7.3230e-04
It: 1800, Time: 4.32, mse_0: 4.3663e-04, mse_f: 7.0368e-03, total loss: 7.5112e-03, Error u,v: 9.8769e-04, 7.2089e-04
It: 1900, Time: 4.20, mse_0: 4.7564e-04, mse_f: 6.6198e-03, total loss: 7.1343e-03, Error u,v: 9.9984e-04, 7.3871e-04
It: 2000, Time: 3.99, mse_0: 4.5606e-04, mse_f: 6.2265e-03, total loss: 6.7239e-03, Error u,v: 9.3379e-04, 6.6572e-04
It: 2100, Time: 3.92, mse_0: 4.3524e-04, mse_f: 5.8718e-03, total loss: 6.3508e-03, Error u,v: 9.4754e-04, 6.6893e-04
It: 2200, Time: 3.96, mse_0: 4.0263e-04, mse_f: 5.5999e-03, total loss: 6.0444e-03, Error u,v: 9.2884e-04, 6.6239e-04
It: 2300, Time: 4.07, mse_0: 3.8632e-04, mse_f: 5.3908e-03, total loss: 5.8265e-03, Error u,v: 9.6274e-04, 6.9389e-04
It: 2400, Time: 4.11, mse_0: 3.4782e-04, mse_f: 5.1592e-03, total loss: 5.5570e-03, Error u,v: 9.4897e-04, 6.8573e-04
It: 2500, Time: 4.10, mse_0: 3.4022e-04, mse_f: 4.9299e-03, total loss: 5.3152e-03, Error u,v: 9.6677e-04, 6.9818e-04
It: 2600, Time: 4.04, mse_0: 3.4136e-04, mse_f: 4.7334e-03, total loss: 5.1228e-03, Error u,v: 9.5398e-04, 6.7797e-04
It: 2700, Time: 4.17, mse_0: 3.3537e-04, mse_f: 4.5409e-03, total loss: 4.9267e-03, Error u,v: 9.8680e-04, 7.1856e-04
It: 2800, Time: 3.89, mse_0: 3.3587e-04, mse_f: 4.3889e-03, total loss: 4.7751e-03, Error u,v: 9.5184e-04, 6.7214e-04
It: 2900, Time: 3.70, mse_0: 3.4890e-04, mse_f: 4.1909e-03, total loss: 4.5966e-03, Error u,v: 9.6424e-04, 6.7349e-04
It: 3000, Time: 3.86, mse_0: 3.3177e-04, mse_f: 3.9727e-03, total loss: 4.3647e-03, Error u,v: 9.3141e-04, 6.5820e-04
It: 3100, Time: 3.56, mse_0: 3.1130e-04, mse_f: 3.8260e-03, total loss: 4.1856e-03, Error u,v: 9.3527e-04, 6.7540e-04
It: 3200, Time: 3.84, mse_0: 2.8748e-04, mse_f: 3.7397e-03, total loss: 4.0711e-03, Error u,v: 9.2851e-04, 6.5391e-04
It: 3300, Time: 4.02, mse_0: 2.6765e-04, mse_f: 3.6627e-03, total loss: 3.9760e-03, Error u,v: 9.1569e-04, 6.6397e-04
It: 3400, Time: 3.75, mse_0: 2.6188e-04, mse_f: 3.5794e-03, total loss: 3.8785e-03, Error u,v: 9.4317e-04, 7.0352e-04
It: 3500, Time: 3.85, mse_0: 2.5722e-04, mse_f: 3.4664e-03, total loss: 3.7628e-03, Error u,v: 9.1066e-04, 6.6523e-04
It: 3600, Time: 3.95, mse_0: 2.3934e-04, mse_f: 3.3855e-03, total loss: 3.6572e-03, Error u,v: 9.4724e-04, 6.8104e-04
It: 3700, Time: 4.02, mse_0: 2.3401e-04, mse_f: 3.2955e-03, total loss: 3.5598e-03, Error u,v: 9.4554e-04, 6.7333e-04
It: 3800, Time: 3.60, mse_0: 2.3200e-04, mse_f: 3.2046e-03, total loss: 3.4652e-03, Error u,v: 9.3834e-04, 6.5002e-04
It: 3900, Time: 3.95, mse_0: 2.2993e-04, mse_f: 3.0951e-03, total loss: 3.3536e-03, Error u,v: 9.5794e-04, 6.3472e-04
It: 4000, Time: 4.04, mse_0: 2.2283e-04, mse_f: 2.9983e-03, total loss: 3.2506e-03, Error u,v: 9.6272e-04, 6.5054e-04
It: 4100, Time: 3.95, mse_0: 2.1638e-04, mse_f: 2.8669e-03, total loss: 3.1123e-03, Error u,v: 9.4330e-04, 6.2772e-04
It: 4200, Time: 4.06, mse_0: 2.2345e-04, mse_f: 2.7581e-03, total loss: 3.0130e-03, Error u,v: 9.7412e-04, 6.5198e-04
It: 4300, Time: 4.17, mse_0: 2.2910e-04, mse_f: 2.6304e-03, total loss: 2.8904e-03, Error u,v: 9.4793e-04, 6.3282e-04
It: 4400, Time: 3.98, mse_0: 2.3427e-04, mse_f: 2.5165e-03, total loss: 2.7831e-03, Error u,v: 9.4739e-04, 6.4318e-04
It: 4500, Time: 4.37, mse_0: 2.3803e-04, mse_f: 2.3916e-03, total loss: 2.6602e-03, Error u,v: 9.3838e-04, 6.3807e-04
It: 4600, Time: 4.02, mse_0: 2.3541e-04, mse_f: 2.2629e-03, total loss: 2.5274e-03, Error u,v: 9.4283e-04, 6.5777e-04
It: 4700, Time: 3.88, mse_0: 2.1848e-04, mse_f: 2.1963e-03, total loss: 2.4438e-03, Error u,v: 9.4664e-04, 6.7459e-04
It: 4800, Time: 3.98, mse_0: 2.0771e-04, mse_f: 2.1313e-03, total loss: 2.3696e-03, Error u,v: 9.4071e-04, 6.3674e-04
It: 4900, Time: 4.26, mse_0: 2.1395e-04, mse_f: 2.0422e-03, total loss: 2.2839e-03, Error u,v: 9.6290e-04, 6.4618e-04
It: 5000, Time: 4.33, mse_0: 1.9855e-04, mse_f: 1.9834e-03, total loss: 2.2069e-03, Error u,v: 9.5617e-04, 6.3155e-04
It: 5100, Time: 3.95, mse_0: 1.9469e-04, mse_f: 1.9179e-03, total loss: 2.1392e-03, Error u,v: 9.6771e-04, 6.5480e-04
It: 5200, Time: 3.97, mse_0: 1.8871e-04, mse_f: 1.8710e-03, total loss: 2.0821e-03, Error u,v: 9.6231e-04, 6.4708e-04
It: 5300, Time: 3.76, mse_0: 1.8381e-04, mse_f: 1.8234e-03, total loss: 2.0299e-03, Error u,v: 9.5790e-04, 6.4135e-04
It: 5400, Time: 3.95, mse_0: 1.7666e-04, mse_f: 1.7886e-03, total loss: 1.9837e-03, Error u,v: 9.5181e-04, 6.3831e-04
It: 5500, Time: 3.83, mse_0: 1.7654e-04, mse_f: 1.7425e-03, total loss: 1.9343e-03, Error u,v: 9.5262e-04, 6.3641e-04
It: 5600, Time: 3.72, mse_0: 1.7205e-04, mse_f: 1.6951e-03, total loss: 1.8823e-03, Error u,v: 9.6192e-04, 6.5331e-04
It: 5700, Time: 3.94, mse_0: 1.6773e-04, mse_f: 1.6418e-03, total loss: 1.8276e-03, Error u,v: 9.6901e-04, 6.4894e-04
It: 5800, Time: 4.31, mse_0: 1.7243e-04, mse_f: 1.5923e-03, total loss: 1.7808e-03, Error u,v: 9.7642e-04, 6.6342e-04
It: 5900, Time: 3.91, mse_0: 1.7640e-04, mse_f: 1.5456e-03, total loss: 1.7404e-03, Error u,v: 9.7857e-04, 6.6631e-04
It: 6000, Time: 3.98, mse_0: 1.7506e-04, mse_f: 1.5102e-03, total loss: 1.7024e-03, Error u,v: 9.7961e-04, 6.7089e-04
It: 6100, Time: 3.87, mse_0: 1.7156e-04, mse_f: 1.4565e-03, total loss: 1.6469e-03, Error u,v: 9.9271e-04, 6.7511e-04
It: 6200, Time: 3.88, mse_0: 1.7573e-04, mse_f: 1.4090e-03, total loss: 1.6023e-03, Error u,v: 9.8127e-04, 6.5807e-04
It: 6300, Time: 4.12, mse_0: 1.6925e-04, mse_f: 1.3774e-03, total loss: 1.5631e-03, Error u,v: 9.9743e-04, 6.5991e-04
It: 6400, Time: 4.05, mse_0: 1.6637e-04, mse_f: 1.3404e-03, total loss: 1.5240e-03, Error u,v: 1.0054e-03, 6.6811e-04
It: 6500, Time: 4.04, mse_0: 1.6254e-04, mse_f: 1.3113e-03, total loss: 1.4908e-03, Error u,v: 1.0169e-03, 6.8566e-04
It: 6600, Time: 3.97, mse_0: 1.6290e-04, mse_f: 1.2706e-03, total loss: 1.4504e-03, Error u,v: 1.0018e-03, 6.7036e-04
It: 6700, Time: 4.31, mse_0: 1.6197e-04, mse_f: 1.2346e-03, total loss: 1.4113e-03, Error u,v: 1.0296e-03, 6.9074e-04
It: 6800, Time: 4.16, mse_0: 1.4666e-04, mse_f: 1.2064e-03, total loss: 1.3673e-03, Error u,v: 1.0340e-03, 6.8840e-04
It: 6900, Time: 4.33, mse_0: 1.3748e-04, mse_f: 1.1632e-03, total loss: 1.3162e-03, Error u,v: 1.0312e-03, 6.8605e-04
It: 7000, Time: 3.65, mse_0: 1.3780e-04, mse_f: 1.1201e-03, total loss: 1.2744e-03, Error u,v: 1.0398e-03, 6.9592e-04
It: 7100, Time: 3.87, mse_0: 1.3477e-04, mse_f: 1.0773e-03, total loss: 1.2296e-03, Error u,v: 1.0284e-03, 6.8021e-04
It: 7200, Time: 3.99, mse_0: 1.3148e-04, mse_f: 1.0416e-03, total loss: 1.1877e-03, Error u,v: 1.0246e-03, 6.8507e-04
It: 7300, Time: 3.82, mse_0: 1.2697e-04, mse_f: 1.0107e-03, total loss: 1.1556e-03, Error u,v: 1.0200e-03, 6.8562e-04
It: 7400, Time: 3.88, mse_0: 1.2559e-04, mse_f: 9.8644e-04, total loss: 1.1293e-03, Error u,v: 1.0123e-03, 6.7012e-04
It: 7500, Time: 4.09, mse_0: 1.2751e-04, mse_f: 9.6118e-04, total loss: 1.1034e-03, Error u,v: 1.0100e-03, 6.6386e-04
It: 7600, Time: 4.08, mse_0: 1.2719e-04, mse_f: 9.3451e-04, total loss: 1.0768e-03, Error u,v: 1.0008e-03, 6.5979e-04
It: 7700, Time: 3.96, mse_0: 1.2811e-04, mse_f: 9.1446e-04, total loss: 1.0553e-03, Error u,v: 1.0009e-03, 6.6004e-04
It: 7800, Time: 3.65, mse_0: 1.2442e-04, mse_f: 8.9820e-04, total loss: 1.0344e-03, Error u,v: 9.9015e-04, 6.4497e-04
It: 7900, Time: 3.75, mse_0: 1.2301e-04, mse_f: 8.8112e-04, total loss: 1.0152e-03, Error u,v: 1.0002e-03, 6.5084e-04
It: 8000, Time: 4.13, mse_0: 1.2041e-04, mse_f: 8.6733e-04, total loss: 9.9884e-04, Error u,v: 9.9722e-04, 6.5871e-04
It: 8100, Time: 3.69, mse_0: 1.2105e-04, mse_f: 8.4926e-04, total loss: 9.8083e-04, Error u,v: 9.9925e-04, 6.5766e-04
It: 8200, Time: 3.91, mse_0: 1.1909e-04, mse_f: 8.3383e-04, total loss: 9.6402e-04, Error u,v: 9.9255e-04, 6.4447e-04
It: 8300, Time: 3.89, mse_0: 1.1998e-04, mse_f: 8.1449e-04, total loss: 9.4733e-04, Error u,v: 9.8490e-04, 6.3841e-04
It: 8400, Time: 4.00, mse_0: 1.2415e-04, mse_f: 8.0078e-04, total loss: 9.3718e-04, Error u,v: 9.7840e-04, 6.3774e-04
It: 8500, Time: 4.10, mse_0: 1.2152e-04, mse_f: 7.8906e-04, total loss: 9.2315e-04, Error u,v: 9.7457e-04, 6.2643e-04
Error u: 9.745715e-04
Error v: 6.264292e-04
u3_pred.shape=  (257, 31)
u0_t.shape =  (257,)
Error u: 5.223191e-04
Error v: 4.796219e-04
u_pred.shape after=  (257, 121)
NeuralNet(
  (network): Sequential(
    (0): Linear(in_features=2, out_features=48, bias=True)
    (1): Tanh()
    (2): Linear(in_features=48, out_features=48, bias=True)
    (3): Tanh()
    (4): Linear(in_features=48, out_features=48, bias=True)
    (5): Tanh()
    (6): Linear(in_features=48, out_features=48, bias=True)
    (7): Tanh()
    (8): Linear(in_features=48, out_features=2, bias=True)
  )
)
starting Adam training
It: 100, Time: 2.43, mse_0: 5.2161e+02, mse_f: 7.8492e+02, total loss: 1.4894e+03, Error u,v: 2.3806e-01, 2.3421e-01
It: 200, Time: 2.47, mse_0: 1.6264e+02, mse_f: 2.4599e+02, total loss: 4.4721e+02, Error u,v: 1.9343e-01, 1.2824e-01
It: 300, Time: 2.34, mse_0: 5.5156e+01, mse_f: 1.2152e+02, total loss: 1.9607e+02, Error u,v: 1.8246e-01, 9.5260e-02
It: 400, Time: 2.24, mse_0: 1.5694e+01, mse_f: 6.8734e+01, total loss: 1.0320e+02, Error u,v: 1.5376e-01, 7.5262e-02
It: 500, Time: 2.16, mse_0: 1.4240e+01, mse_f: 3.8348e+01, total loss: 5.5276e+01, Error u,v: 6.0024e-02, 3.9560e-02
It: 600, Time: 2.12, mse_0: 2.4342e+00, mse_f: 2.3205e+01, total loss: 2.6850e+01, Error u,v: 4.8250e-02, 2.9976e-02
It: 700, Time: 2.13, mse_0: 1.9321e+00, mse_f: 1.4361e+01, total loss: 1.7109e+01, Error u,v: 4.1739e-02, 2.3327e-02
It: 800, Time: 2.21, mse_0: 9.4686e-01, mse_f: 8.8410e+00, total loss: 1.0138e+01, Error u,v: 3.8973e-02, 1.7540e-02
It: 900, Time: 2.25, mse_0: 6.6967e-01, mse_f: 5.4408e+00, total loss: 6.2964e+00, Error u,v: 2.4901e-02, 1.2118e-02
It: 1000, Time: 2.26, mse_0: 4.0787e-01, mse_f: 3.6986e+00, total loss: 4.1878e+00, Error u,v: 2.2686e-02, 1.1332e-02
It: 1100, Time: 2.17, mse_0: 2.1297e-01, mse_f: 2.8324e+00, total loss: 3.1184e+00, Error u,v: 1.8664e-02, 8.9405e-03
It: 1200, Time: 2.22, mse_0: 2.0666e-01, mse_f: 2.1360e+00, total loss: 2.3816e+00, Error u,v: 1.6206e-02, 7.5101e-03
It: 1300, Time: 2.20, mse_0: 1.7363e-01, mse_f: 1.6760e+00, total loss: 1.8788e+00, Error u,v: 1.4967e-02, 6.9276e-03
It: 1400, Time: 2.11, mse_0: 1.3485e-01, mse_f: 1.3585e+00, total loss: 1.5185e+00, Error u,v: 1.3301e-02, 6.1641e-03
It: 1500, Time: 2.12, mse_0: 1.1308e-01, mse_f: 1.1220e+00, total loss: 1.2561e+00, Error u,v: 1.1976e-02, 5.6318e-03
It: 1600, Time: 2.14, mse_0: 9.3771e-02, mse_f: 9.5155e-01, total loss: 1.0616e+00, Error u,v: 1.0871e-02, 5.2134e-03
It: 1700, Time: 2.33, mse_0: 7.6018e-02, mse_f: 8.2294e-01, total loss: 9.1294e-01, Error u,v: 9.8134e-03, 4.7410e-03
It: 1800, Time: 2.43, mse_0: 6.3227e-02, mse_f: 7.2180e-01, total loss: 7.9664e-01, Error u,v: 8.9364e-03, 4.3209e-03
It: 1900, Time: 2.47, mse_0: 5.1992e-02, mse_f: 6.4174e-01, total loss: 7.0385e-01, Error u,v: 8.1654e-03, 3.9544e-03
It: 2000, Time: 2.35, mse_0: 4.3056e-02, mse_f: 5.7616e-01, total loss: 6.2816e-01, Error u,v: 7.4610e-03, 3.6162e-03
It: 2100, Time: 2.46, mse_0: 3.6290e-02, mse_f: 5.2075e-01, total loss: 5.6499e-01, Error u,v: 6.8284e-03, 3.3314e-03
It: 2200, Time: 2.32, mse_0: 3.0886e-02, mse_f: 4.7315e-01, total loss: 5.1121e-01, Error u,v: 6.3003e-03, 3.0845e-03
It: 2300, Time: 2.53, mse_0: 2.6720e-02, mse_f: 4.3138e-01, total loss: 4.6455e-01, Error u,v: 5.8338e-03, 2.8650e-03
It: 2400, Time: 2.39, mse_0: 2.3376e-02, mse_f: 3.9428e-01, total loss: 4.2345e-01, Error u,v: 5.4311e-03, 2.6746e-03
It: 2500, Time: 2.27, mse_0: 2.0676e-02, mse_f: 3.6094e-01, total loss: 3.8683e-01, Error u,v: 5.0709e-03, 2.5040e-03
It: 2600, Time: 2.44, mse_0: 1.8409e-02, mse_f: 3.3085e-01, total loss: 3.5393e-01, Error u,v: 4.7489e-03, 2.3506e-03
It: 2700, Time: 2.52, mse_0: 1.6500e-02, mse_f: 3.0353e-01, total loss: 3.2424e-01, Error u,v: 4.4647e-03, 2.2149e-03
It: 2800, Time: 2.53, mse_0: 1.4893e-02, mse_f: 2.7869e-01, total loss: 2.9737e-01, Error u,v: 4.2169e-03, 2.0948e-03
It: 2900, Time: 2.49, mse_0: 1.3524e-02, mse_f: 2.5611e-01, total loss: 2.7304e-01, Error u,v: 3.9999e-03, 1.9880e-03
It: 3000, Time: 2.25, mse_0: 1.2345e-02, mse_f: 2.3563e-01, total loss: 2.5105e-01, Error u,v: 3.8097e-03, 1.8921e-03
It: 3100, Time: 2.41, mse_0: 1.1316e-02, mse_f: 2.1712e-01, total loss: 2.3120e-01, Error u,v: 3.6409e-03, 1.8048e-03
It: 3200, Time: 2.43, mse_0: 1.0408e-02, mse_f: 2.0045e-01, total loss: 2.1335e-01, Error u,v: 3.4890e-03, 1.7242e-03
It: 3300, Time: 2.47, mse_0: 9.6003e-03, mse_f: 1.8548e-01, total loss: 1.9733e-01, Error u,v: 3.3501e-03, 1.6500e-03
It: 3400, Time: 2.36, mse_0: 8.8664e-03, mse_f: 1.7208e-01, total loss: 1.8298e-01, Error u,v: 3.2217e-03, 1.5815e-03
It: 3500, Time: 2.42, mse_0: 8.1964e-03, mse_f: 1.6007e-01, total loss: 1.7011e-01, Error u,v: 3.1020e-03, 1.5187e-03
It: 3600, Time: 2.38, mse_0: 7.5827e-03, mse_f: 1.4932e-01, total loss: 1.5857e-01, Error u,v: 2.9908e-03, 1.4614e-03
It: 3700, Time: 2.30, mse_0: 7.0225e-03, mse_f: 1.3965e-01, total loss: 1.4820e-01, Error u,v: 2.8880e-03, 1.4098e-03
It: 3800, Time: 2.39, mse_0: 6.5095e-03, mse_f: 1.3092e-01, total loss: 1.3882e-01, Error u,v: 2.7937e-03, 1.3639e-03
It: 3900, Time: 2.41, mse_0: 6.0399e-03, mse_f: 1.2299e-01, total loss: 1.3032e-01, Error u,v: 2.7074e-03, 1.3233e-03
It: 4000, Time: 2.45, mse_0: 5.6117e-03, mse_f: 1.1575e-01, total loss: 1.2254e-01, Error u,v: 2.6286e-03, 1.2877e-03
It: 4100, Time: 2.35, mse_0: 5.2156e-03, mse_f: 1.0909e-01, total loss: 1.1541e-01, Error u,v: 2.5571e-03, 1.2569e-03
It: 4200, Time: 2.38, mse_0: 4.8520e-03, mse_f: 1.0295e-01, total loss: 1.0882e-01, Error u,v: 2.4921e-03, 1.2300e-03
It: 4300, Time: 2.45, mse_0: 4.5093e-03, mse_f: 9.7257e-02, total loss: 1.0272e-01, Error u,v: 2.4324e-03, 1.2065e-03
It: 4400, Time: 2.51, mse_0: 4.1902e-03, mse_f: 9.1956e-02, total loss: 9.7037e-02, Error u,v: 2.3773e-03, 1.1855e-03
It: 4500, Time: 2.53, mse_0: 3.8943e-03, mse_f: 8.6998e-02, total loss: 9.1724e-02, Error u,v: 2.3260e-03, 1.1668e-03
It: 4600, Time: 2.82, mse_0: 3.6173e-03, mse_f: 8.2343e-02, total loss: 8.6739e-02, Error u,v: 2.2780e-03, 1.1500e-03
It: 4700, Time: 2.61, mse_0: 3.3596e-03, mse_f: 7.7961e-02, total loss: 8.2051e-02, Error u,v: 2.2335e-03, 1.1350e-03
It: 4800, Time: 2.75, mse_0: 3.1221e-03, mse_f: 7.3826e-02, total loss: 7.7635e-02, Error u,v: 2.1918e-03, 1.1220e-03
It: 4900, Time: 2.68, mse_0: 2.9821e-03, mse_f: 7.1400e-02, total loss: 7.5336e-02, Error u,v: 2.1448e-03, 1.1197e-03
It: 5000, Time: 2.72, mse_0: 2.0190e-02, mse_f: 2.4813e-01, total loss: 4.1991e-01, Error u,v: 2.2121e-03, 2.4412e-03
It: 5100, Time: 2.66, mse_0: 8.7957e-03, mse_f: 1.3144e-01, total loss: 1.9980e-01, Error u,v: 2.0957e-03, 1.6101e-03
It: 5200, Time: 2.52, mse_0: 9.2424e-03, mse_f: 1.0763e-01, total loss: 1.5705e-01, Error u,v: 2.0721e-03, 1.5817e-03
It: 5300, Time: 2.39, mse_0: 4.3372e-03, mse_f: 6.9708e-02, total loss: 8.4867e-02, Error u,v: 2.0482e-03, 1.4173e-03
It: 5400, Time: 2.42, mse_0: 1.3871e-02, mse_f: 1.4530e-01, total loss: 2.3420e-01, Error u,v: 2.0437e-03, 1.7797e-03
It: 5500, Time: 2.42, mse_0: 1.8458e-02, mse_f: 1.5161e-01, total loss: 2.5440e-01, Error u,v: 2.0939e-03, 2.1287e-03
It: 5600, Time: 2.30, mse_0: 7.4358e-03, mse_f: 8.4902e-02, total loss: 1.1393e-01, Error u,v: 2.0081e-03, 1.7202e-03
It: 5700, Time: 2.37, mse_0: 3.5351e-03, mse_f: 5.9956e-02, total loss: 7.3353e-02, Error u,v: 1.9828e-03, 1.5988e-03
It: 5800, Time: 2.36, mse_0: 1.0479e-02, mse_f: 1.2805e-01, total loss: 2.0201e-01, Error u,v: 2.0620e-03, 2.3371e-03
It: 5900, Time: 2.26, mse_0: 5.6881e-03, mse_f: 7.6567e-02, total loss: 1.0942e-01, Error u,v: 2.0133e-03, 2.0063e-03
It: 6000, Time: 2.44, mse_0: 6.6033e-03, mse_f: 1.0968e-01, total loss: 1.4742e-01, Error u,v: 1.9983e-03, 1.8327e-03
starting L-BFGS training
It: 100, Time: 3.07, mse_0: 1.8715e-03, mse_f: 4.1669e-02, total loss: 4.3993e-02, Error u,v: 1.9928e-03, 1.0758e-03
It: 200, Time: 4.16, mse_0: 1.6708e-03, mse_f: 3.5674e-02, total loss: 3.7700e-02, Error u,v: 1.9318e-03, 1.0501e-03
It: 300, Time: 4.45, mse_0: 1.6125e-03, mse_f: 3.0805e-02, total loss: 3.2827e-02, Error u,v: 1.8250e-03, 1.0710e-03
It: 400, Time: 4.11, mse_0: 1.7076e-03, mse_f: 2.6984e-02, total loss: 2.9132e-02, Error u,v: 1.8385e-03, 1.0278e-03
It: 500, Time: 4.01, mse_0: 1.7941e-03, mse_f: 2.3702e-02, total loss: 2.5750e-02, Error u,v: 1.6706e-03, 9.6523e-04
It: 600, Time: 4.23, mse_0: 2.0025e-03, mse_f: 2.0434e-02, total loss: 2.2697e-02, Error u,v: 1.7274e-03, 1.0450e-03
It: 700, Time: 4.36, mse_0: 2.0983e-03, mse_f: 1.8358e-02, total loss: 2.0702e-02, Error u,v: 1.6869e-03, 1.0505e-03
It: 800, Time: 4.38, mse_0: 1.9114e-03, mse_f: 1.6594e-02, total loss: 1.8751e-02, Error u,v: 1.6435e-03, 1.0026e-03
It: 900, Time: 4.11, mse_0: 1.8274e-03, mse_f: 1.5279e-02, total loss: 1.7317e-02, Error u,v: 1.5781e-03, 9.5914e-04
It: 1000, Time: 4.02, mse_0: 1.5164e-03, mse_f: 1.4369e-02, total loss: 1.6100e-02, Error u,v: 1.6515e-03, 9.7744e-04
It: 1100, Time: 3.92, mse_0: 1.3668e-03, mse_f: 1.3395e-02, total loss: 1.4928e-02, Error u,v: 1.6869e-03, 1.0118e-03
It: 1200, Time: 3.97, mse_0: 1.2122e-03, mse_f: 1.2655e-02, total loss: 1.3982e-02, Error u,v: 1.7189e-03, 9.9904e-04
It: 1300, Time: 3.99, mse_0: 1.1302e-03, mse_f: 1.2154e-02, total loss: 1.3391e-02, Error u,v: 1.7220e-03, 1.0082e-03
It: 1400, Time: 4.32, mse_0: 1.0960e-03, mse_f: 1.1592e-02, total loss: 1.2778e-02, Error u,v: 1.6904e-03, 9.8872e-04
It: 1500, Time: 4.09, mse_0: 9.5443e-04, mse_f: 1.1179e-02, total loss: 1.2238e-02, Error u,v: 1.6752e-03, 1.0071e-03
It: 1600, Time: 4.01, mse_0: 9.9674e-04, mse_f: 1.0487e-02, total loss: 1.1585e-02, Error u,v: 1.6911e-03, 9.9118e-04
It: 1700, Time: 3.94, mse_0: 9.5389e-04, mse_f: 9.7279e-03, total loss: 1.0811e-02, Error u,v: 1.6412e-03, 9.7584e-04
It: 1800, Time: 4.01, mse_0: 9.0921e-04, mse_f: 9.0373e-03, total loss: 1.0083e-02, Error u,v: 1.6601e-03, 9.6923e-04
It: 1900, Time: 3.99, mse_0: 8.8416e-04, mse_f: 8.3492e-03, total loss: 9.3766e-03, Error u,v: 1.6126e-03, 9.6869e-04
It: 2000, Time: 4.08, mse_0: 8.1544e-04, mse_f: 7.9568e-03, total loss: 8.9230e-03, Error u,v: 1.5913e-03, 9.7284e-04
It: 2100, Time: 4.13, mse_0: 7.4965e-04, mse_f: 7.5587e-03, total loss: 8.4415e-03, Error u,v: 1.6618e-03, 1.0017e-03
It: 2200, Time: 4.20, mse_0: 7.1872e-04, mse_f: 7.0597e-03, total loss: 7.8966e-03, Error u,v: 1.6566e-03, 9.9145e-04
It: 2300, Time: 4.12, mse_0: 6.9415e-04, mse_f: 6.6486e-03, total loss: 7.4678e-03, Error u,v: 1.6398e-03, 9.7445e-04
It: 2400, Time: 4.22, mse_0: 6.9731e-04, mse_f: 6.2600e-03, total loss: 7.0731e-03, Error u,v: 1.6754e-03, 9.8465e-04
It: 2500, Time: 4.05, mse_0: 6.8974e-04, mse_f: 5.8558e-03, total loss: 6.6496e-03, Error u,v: 1.6755e-03, 9.7823e-04
It: 2600, Time: 4.10, mse_0: 6.7138e-04, mse_f: 5.5416e-03, total loss: 6.3176e-03, Error u,v: 1.7064e-03, 9.9582e-04
It: 2700, Time: 4.41, mse_0: 6.3154e-04, mse_f: 5.3612e-03, total loss: 6.0780e-03, Error u,v: 1.6877e-03, 9.8705e-04
It: 2800, Time: 4.35, mse_0: 6.1307e-04, mse_f: 5.1005e-03, total loss: 5.7860e-03, Error u,v: 1.7137e-03, 1.0108e-03
It: 2900, Time: 4.37, mse_0: 5.4774e-04, mse_f: 4.9049e-03, total loss: 5.5438e-03, Error u,v: 1.6938e-03, 9.8720e-04
It: 3000, Time: 4.24, mse_0: 5.1908e-04, mse_f: 4.7783e-03, total loss: 5.3865e-03, Error u,v: 1.7147e-03, 1.0014e-03
It: 3100, Time: 4.23, mse_0: 5.5816e-04, mse_f: 4.5290e-03, total loss: 5.1540e-03, Error u,v: 1.6990e-03, 9.9664e-04
It: 3200, Time: 4.22, mse_0: 5.3578e-04, mse_f: 4.3303e-03, total loss: 4.9287e-03, Error u,v: 1.6942e-03, 9.8001e-04
It: 3300, Time: 4.05, mse_0: 5.0425e-04, mse_f: 4.1505e-03, total loss: 4.7179e-03, Error u,v: 1.7099e-03, 9.8753e-04
It: 3400, Time: 4.18, mse_0: 4.9169e-04, mse_f: 3.9788e-03, total loss: 4.5357e-03, Error u,v: 1.7035e-03, 9.8654e-04
It: 3500, Time: 4.16, mse_0: 4.9552e-04, mse_f: 3.8573e-03, total loss: 4.4147e-03, Error u,v: 1.7261e-03, 9.8331e-04
It: 3600, Time: 3.97, mse_0: 4.7543e-04, mse_f: 3.7478e-03, total loss: 4.2786e-03, Error u,v: 1.7142e-03, 9.7650e-04
It: 3700, Time: 4.01, mse_0: 4.4686e-04, mse_f: 3.6551e-03, total loss: 4.1586e-03, Error u,v: 1.6988e-03, 9.6841e-04
It: 3800, Time: 4.05, mse_0: 4.0085e-04, mse_f: 3.5316e-03, total loss: 3.9931e-03, Error u,v: 1.7071e-03, 9.7862e-04
It: 3900, Time: 4.29, mse_0: 3.9281e-04, mse_f: 3.4114e-03, total loss: 3.8608e-03, Error u,v: 1.6864e-03, 9.7505e-04
It: 4000, Time: 4.59, mse_0: 3.9643e-04, mse_f: 3.2664e-03, total loss: 3.7073e-03, Error u,v: 1.7054e-03, 9.8249e-04
It: 4100, Time: 4.32, mse_0: 3.7669e-04, mse_f: 3.1731e-03, total loss: 3.5927e-03, Error u,v: 1.6925e-03, 9.7292e-04
It: 4200, Time: 4.11, mse_0: 3.5089e-04, mse_f: 3.0990e-03, total loss: 3.4838e-03, Error u,v: 1.7282e-03, 9.8317e-04
It: 4300, Time: 4.18, mse_0: 3.5273e-04, mse_f: 2.9613e-03, total loss: 3.3477e-03, Error u,v: 1.7278e-03, 9.9180e-04
It: 4400, Time: 3.88, mse_0: 3.3422e-04, mse_f: 2.8726e-03, total loss: 3.2421e-03, Error u,v: 1.7374e-03, 9.9719e-04
It: 4500, Time: 4.19, mse_0: 3.2492e-04, mse_f: 2.7759e-03, total loss: 3.1401e-03, Error u,v: 1.7469e-03, 1.0025e-03
It: 4600, Time: 3.89, mse_0: 3.3935e-04, mse_f: 2.6578e-03, total loss: 3.0332e-03, Error u,v: 1.7470e-03, 9.9410e-04
It: 4700, Time: 3.71, mse_0: 3.2152e-04, mse_f: 2.5677e-03, total loss: 2.9254e-03, Error u,v: 1.7581e-03, 1.0054e-03
It: 4800, Time: 3.87, mse_0: 2.9865e-04, mse_f: 2.5019e-03, total loss: 2.8371e-03, Error u,v: 1.7920e-03, 1.0248e-03
It: 4900, Time: 4.06, mse_0: 2.7632e-04, mse_f: 2.4267e-03, total loss: 2.7395e-03, Error u,v: 1.8087e-03, 1.0315e-03
It: 5000, Time: 3.78, mse_0: 2.5379e-04, mse_f: 2.3420e-03, total loss: 2.6255e-03, Error u,v: 1.8234e-03, 1.0410e-03
It: 5100, Time: 4.02, mse_0: 2.3208e-04, mse_f: 2.2706e-03, total loss: 2.5291e-03, Error u,v: 1.8633e-03, 1.0625e-03
It: 5200, Time: 3.95, mse_0: 2.2140e-04, mse_f: 2.2190e-03, total loss: 2.4660e-03, Error u,v: 1.8721e-03, 1.0554e-03
It: 5300, Time: 4.09, mse_0: 2.1961e-04, mse_f: 2.1509e-03, total loss: 2.3979e-03, Error u,v: 1.8752e-03, 1.0516e-03
It: 5400, Time: 4.02, mse_0: 2.1741e-04, mse_f: 2.0776e-03, total loss: 2.3146e-03, Error u,v: 1.8576e-03, 1.0327e-03
It: 5500, Time: 4.17, mse_0: 2.1480e-04, mse_f: 2.0099e-03, total loss: 2.2398e-03, Error u,v: 1.8615e-03, 1.0313e-03
It: 5600, Time: 4.16, mse_0: 2.0137e-04, mse_f: 1.9551e-03, total loss: 2.1714e-03, Error u,v: 1.8693e-03, 1.0444e-03
It: 5700, Time: 4.18, mse_0: 1.9733e-04, mse_f: 1.9095e-03, total loss: 2.1191e-03, Error u,v: 1.8650e-03, 1.0463e-03
It: 5800, Time: 4.32, mse_0: 1.8613e-04, mse_f: 1.8793e-03, total loss: 2.0770e-03, Error u,v: 1.8736e-03, 1.0491e-03
It: 5900, Time: 4.15, mse_0: 1.8275e-04, mse_f: 1.8397e-03, total loss: 2.0353e-03, Error u,v: 1.8980e-03, 1.0616e-03
It: 6000, Time: 4.08, mse_0: 1.8393e-04, mse_f: 1.7979e-03, total loss: 1.9939e-03, Error u,v: 1.8785e-03, 1.0611e-03
It: 6100, Time: 3.89, mse_0: 1.8155e-04, mse_f: 1.7422e-03, total loss: 1.9405e-03, Error u,v: 1.8853e-03, 1.0654e-03
It: 6200, Time: 4.02, mse_0: 1.8009e-04, mse_f: 1.6940e-03, total loss: 1.8917e-03, Error u,v: 1.8975e-03, 1.0705e-03
It: 6300, Time: 3.91, mse_0: 1.7595e-04, mse_f: 1.6601e-03, total loss: 1.8543e-03, Error u,v: 1.8910e-03, 1.0611e-03
It: 6400, Time: 3.86, mse_0: 1.6772e-04, mse_f: 1.6311e-03, total loss: 1.8177e-03, Error u,v: 1.9066e-03, 1.0708e-03
It: 6500, Time: 4.05, mse_0: 1.6435e-04, mse_f: 1.5976e-03, total loss: 1.7819e-03, Error u,v: 1.8963e-03, 1.0689e-03
It: 6600, Time: 3.77, mse_0: 1.7287e-04, mse_f: 1.5384e-03, total loss: 1.7356e-03, Error u,v: 1.8775e-03, 1.0642e-03
It: 6700, Time: 3.89, mse_0: 1.8031e-04, mse_f: 1.4882e-03, total loss: 1.6962e-03, Error u,v: 1.8818e-03, 1.0695e-03
It: 6800, Time: 4.20, mse_0: 1.8705e-04, mse_f: 1.4461e-03, total loss: 1.6611e-03, Error u,v: 1.8862e-03, 1.0784e-03
It: 6900, Time: 4.09, mse_0: 1.9451e-04, mse_f: 1.4012e-03, total loss: 1.6240e-03, Error u,v: 1.8776e-03, 1.0707e-03
It: 7000, Time: 4.01, mse_0: 1.9368e-04, mse_f: 1.3727e-03, total loss: 1.5911e-03, Error u,v: 1.8737e-03, 1.0669e-03
It: 7100, Time: 4.02, mse_0: 1.8948e-04, mse_f: 1.3510e-03, total loss: 1.5666e-03, Error u,v: 1.8748e-03, 1.0633e-03
It: 7200, Time: 3.82, mse_0: 1.8853e-04, mse_f: 1.3262e-03, total loss: 1.5411e-03, Error u,v: 1.8750e-03, 1.0630e-03
It: 7300, Time: 4.13, mse_0: 1.8805e-04, mse_f: 1.3070e-03, total loss: 1.5205e-03, Error u,v: 1.8803e-03, 1.0704e-03
It: 7400, Time: 4.04, mse_0: 1.8443e-04, mse_f: 1.2862e-03, total loss: 1.4964e-03, Error u,v: 1.8732e-03, 1.0649e-03
It: 7500, Time: 3.78, mse_0: 1.8346e-04, mse_f: 1.2621e-03, total loss: 1.4719e-03, Error u,v: 1.8693e-03, 1.0613e-03
Error u: 1.869298e-03
Error v: 1.061321e-03
Error u: 9.404360e-04
Error v: 6.511776e-04
u_pred.shape after=  (257, 151)
