Model: "sequential"
_________________________________________________________________
Layer (type)                 Output Shape              Param #   
=================================================================
dense (Dense)                (None, 48)                144       
_________________________________________________________________
dense_1 (Dense)              (None, 48)                2352      
_________________________________________________________________
dense_2 (Dense)              (None, 48)                2352      
_________________________________________________________________
dense_3 (Dense)              (None, 48)                2352      
_________________________________________________________________
dense_4 (Dense)              (None, 1)                 49        
=================================================================
Total params: 7,249
Trainable params: 7,249
Non-trainable params: 0
_________________________________________________________________
starting Adam training
It: 100, Time: 147.67, mse_0: 5.0160e+03, mse_f: 1.5243e+05, total loss: 1.5762e+05, error u: 1.0013e+00
It: 200, Time: 3.91, mse_0: 4.9850e+03, mse_f: 1.5233e+05, total loss: 1.5763e+05, error u: 9.9443e-01
It: 300, Time: 3.94, mse_0: 5.0396e+03, mse_f: 1.5281e+05, total loss: 1.5818e+05, error u: 9.8444e-01
It: 400, Time: 3.89, mse_0: 5.4576e+03, mse_f: 1.2093e+05, total loss: 1.2738e+05, error u: 9.7267e-01
It: 500, Time: 3.94, mse_0: 7.6990e+03, mse_f: 4.3881e+04, total loss: 5.2628e+04, error u: 1.0381e+00
It: 600, Time: 3.88, mse_0: 8.2455e+03, mse_f: 7.6505e+03, total loss: 1.6770e+04, error u: 9.5270e-01
It: 700, Time: 3.88, mse_0: 2.3856e+03, mse_f: 3.3241e+03, total loss: 6.1477e+03, error u: 4.5594e-01
It: 800, Time: 3.89, mse_0: 3.1703e+02, mse_f: 9.4106e+02, total loss: 1.5401e+03, error u: 1.7351e-01
It: 900, Time: 3.88, mse_0: 6.3804e+01, mse_f: 3.2806e+02, total loss: 4.3407e+02, error u: 8.9466e-02
It: 1000, Time: 3.89, mse_0: 3.4864e+01, mse_f: 1.1323e+02, total loss: 1.6080e+02, error u: 5.9397e-02
It: 1100, Time: 3.86, mse_0: 1.1992e+01, mse_f: 4.7414e+01, total loss: 6.6533e+01, error u: 3.1458e-02
It: 1200, Time: 3.91, mse_0: 6.5064e+00, mse_f: 2.6896e+01, total loss: 3.5367e+01, error u: 1.8711e-02
It: 1300, Time: 3.86, mse_0: 4.0846e+00, mse_f: 1.4941e+01, total loss: 2.0444e+01, error u: 1.4937e-02
It: 1400, Time: 3.91, mse_0: 2.9808e+00, mse_f: 1.0036e+01, total loss: 1.4184e+01, error u: 1.3466e-02
It: 1500, Time: 3.91, mse_0: 2.1992e+00, mse_f: 7.8361e+00, total loss: 1.1324e+01, error u: 1.1729e-02
It: 1600, Time: 3.88, mse_0: 1.9609e+00, mse_f: 6.5295e+00, total loss: 9.5602e+00, error u: 1.0530e-02
It: 1700, Time: 4.17, mse_0: 1.6038e+00, mse_f: 5.7335e+00, total loss: 8.4089e+00, error u: 9.8881e-03
It: 1800, Time: 4.02, mse_0: 1.4225e+00, mse_f: 5.1407e+00, total loss: 7.5652e+00, error u: 9.6399e-03
It: 1900, Time: 3.91, mse_0: 1.2523e+00, mse_f: 4.6791e+00, total loss: 6.8841e+00, error u: 9.3944e-03
It: 2000, Time: 4.12, mse_0: 1.1370e+00, mse_f: 4.2557e+00, total loss: 6.3175e+00, error u: 9.1816e-03
It: 2100, Time: 4.02, mse_0: 1.0445e+00, mse_f: 3.8902e+00, total loss: 5.8288e+00, error u: 9.0285e-03
It: 2200, Time: 3.89, mse_0: 9.5785e-01, mse_f: 3.5737e+00, total loss: 5.4003e+00, error u: 8.9331e-03
It: 2300, Time: 3.88, mse_0: 8.8443e-01, mse_f: 3.2923e+00, total loss: 5.0215e+00, error u: 8.8159e-03
It: 2400, Time: 3.88, mse_0: 8.1635e-01, mse_f: 3.0457e+00, total loss: 4.6852e+00, error u: 8.6965e-03
It: 2500, Time: 3.91, mse_0: 1.0835e+00, mse_f: 3.1430e+00, total loss: 6.2444e+00, error u: 2.0685e-02
It: 2600, Time: 3.86, mse_0: 1.7733e+00, mse_f: 4.7128e+00, total loss: 8.2780e+00, error u: 1.0442e-02
It: 2700, Time: 3.95, mse_0: 9.2195e-01, mse_f: 2.7367e+00, total loss: 4.8265e+00, error u: 1.1167e-02
It: 2800, Time: 3.86, mse_0: 7.1939e-01, mse_f: 2.5251e+00, total loss: 3.9850e+00, error u: 9.8441e-03
It: 2900, Time: 3.88, mse_0: 6.3909e-01, mse_f: 2.2794e+00, total loss: 3.9062e+00, error u: 8.7435e-03
It: 3000, Time: 3.87, mse_0: 5.6326e-01, mse_f: 2.1064e+00, total loss: 3.4508e+00, error u: 8.6818e-03
It: 3100, Time: 3.91, mse_0: 5.4556e-01, mse_f: 2.0717e+00, total loss: 3.3351e+00, error u: 8.1975e-03
It: 3200, Time: 3.92, mse_0: 5.2593e-01, mse_f: 1.8642e+00, total loss: 3.1243e+00, error u: 1.0526e-02
It: 3300, Time: 3.87, mse_0: 5.1689e-01, mse_f: 1.8140e+00, total loss: 3.0029e+00, error u: 1.0162e-02
It: 3400, Time: 4.05, mse_0: 5.2049e-01, mse_f: 2.4296e+00, total loss: 3.8023e+00, error u: 9.0147e-03
It: 3500, Time: 3.92, mse_0: 5.6110e-01, mse_f: 3.5414e+00, total loss: 5.3631e+00, error u: 9.0013e-03
It: 3600, Time: 3.92, mse_0: 1.1744e+00, mse_f: 2.3926e+00, total loss: 6.7739e+00, error u: 1.9872e-02
It: 3700, Time: 3.86, mse_0: 9.2056e-01, mse_f: 4.6095e+00, total loss: 7.7272e+00, error u: 1.1930e-02
It: 3800, Time: 3.91, mse_0: 4.8551e-01, mse_f: 1.5445e+00, total loss: 2.7334e+00, error u: 8.1762e-03
It: 3900, Time: 3.87, mse_0: 6.3957e-01, mse_f: 6.1798e+00, total loss: 8.6184e+00, error u: 8.2286e-03
It: 4000, Time: 3.88, mse_0: 1.1207e+00, mse_f: 2.7403e+00, total loss: 5.7605e+00, error u: 1.0854e-02
It: 4100, Time: 3.89, mse_0: 7.7946e-01, mse_f: 2.7436e+00, total loss: 4.8505e+00, error u: 9.3255e-03
It: 4200, Time: 3.92, mse_0: 5.6202e-01, mse_f: 1.9127e+00, total loss: 3.1416e+00, error u: 8.1031e-03
It: 4300, Time: 3.94, mse_0: 3.8405e-01, mse_f: 1.5536e+00, total loss: 2.5809e+00, error u: 6.9973e-03
It: 4400, Time: 3.89, mse_0: 5.5662e-01, mse_f: 2.1752e+00, total loss: 4.0325e+00, error u: 1.1063e-02
It: 4500, Time: 3.91, mse_0: 6.0392e-01, mse_f: 1.7811e+00, total loss: 3.1059e+00, error u: 9.4208e-03
It: 4600, Time: 3.92, mse_0: 4.0768e-01, mse_f: 2.8726e+00, total loss: 4.1623e+00, error u: 7.9393e-03
It: 4700, Time: 3.91, mse_0: 7.4878e-01, mse_f: 1.6345e+00, total loss: 4.3549e+00, error u: 1.3492e-02
It: 4800, Time: 3.89, mse_0: 6.1284e-01, mse_f: 2.4746e+00, total loss: 3.7555e+00, error u: 8.5646e-03
It: 4900, Time: 3.91, mse_0: 5.0045e-01, mse_f: 2.4888e+00, total loss: 4.0781e+00, error u: 8.5443e-03
It: 5000, Time: 3.91, mse_0: 6.2054e-01, mse_f: 1.9525e+00, total loss: 3.2019e+00, error u: 8.4769e-03
Starting L-BFGS training
Step: 100 time: 7.45 loss: 1.6152e+00 error u: 5.7647e-03
Step: 200 time: 8.02 loss: 1.4755e+00 error u: 4.7464e-03
Step: 300 time: 7.89 loss: 1.3041e+00 error u: 4.0944e-03
Step: 400 time: 7.92 loss: 1.1507e+00 error u: 3.7779e-03
Step: 500 time: 7.92 loss: 1.0311e+00 error u: 3.5398e-03
Step: 600 time: 7.89 loss: 9.3599e-01 error u: 3.1747e-03
Step: 700 time: 7.92 loss: 8.5909e-01 error u: 2.9725e-03
Step: 800 time: 7.91 loss: 7.9731e-01 error u: 2.9247e-03
Step: 900 time: 7.89 loss: 7.4374e-01 error u: 2.7103e-03
Step: 1000 time: 7.89 loss: 7.0762e-01 error u: 2.4779e-03
Step: 1100 time: 7.92 loss: 6.6952e-01 error u: 2.3707e-03
Step: 1200 time: 7.88 loss: 6.3285e-01 error u: 2.3313e-03
Step: 1300 time: 7.89 loss: 6.0137e-01 error u: 2.2203e-03
Step: 1400 time: 7.94 loss: 5.7041e-01 error u: 2.1377e-03
Step: 1500 time: 7.94 loss: 5.3789e-01 error u: 2.1040e-03
Step: 1600 time: 7.86 loss: 5.0551e-01 error u: 2.1504e-03
Step: 1700 time: 7.95 loss: 4.8309e-01 error u: 2.1337e-03
Step: 1800 time: 7.92 loss: 4.5666e-01 error u: 2.0078e-03
Step: 1900 time: 7.89 loss: 4.3256e-01 error u: 1.9479e-03
Step: 2000 time: 7.87 loss: 4.0721e-01 error u: 1.9051e-03
Step: 2100 time: 7.92 loss: 3.8651e-01 error u: 1.7644e-03
Step: 2200 time: 7.92 loss: 3.6126e-01 error u: 1.6631e-03
Step: 2300 time: 7.89 loss: 3.4396e-01 error u: 1.6280e-03
Step: 2400 time: 7.91 loss: 3.2814e-01 error u: 1.6588e-03
Step: 2500 time: 7.99 loss: 3.0968e-01 error u: 1.6295e-03
Step: 2600 time: 7.94 loss: 2.9502e-01 error u: 1.5942e-03
Step: 2700 time: 7.92 loss: 2.8125e-01 error u: 1.5335e-03
Step: 2800 time: 7.91 loss: 2.7095e-01 error u: 1.4980e-03
Step: 2900 time: 7.89 loss: 2.5868e-01 error u: 1.5227e-03
Step: 3000 time: 7.89 loss: 2.4788e-01 error u: 1.5175e-03
Step: 3100 time: 7.91 loss: 2.3671e-01 error u: 1.4807e-03
Step: 3200 time: 7.94 loss: 2.2604e-01 error u: 1.4485e-03
Step: 3300 time: 7.92 loss: 2.1869e-01 error u: 1.4211e-03
Step: 3400 time: 7.91 loss: 2.1004e-01 error u: 1.4082e-03
Step: 3500 time: 7.92 loss: 2.0345e-01 error u: 1.3991e-03
Step: 3600 time: 7.94 loss: 1.9822e-01 error u: 1.3653e-03
Step: 3700 time: 7.84 loss: 1.9296e-01 error u: 1.3793e-03
Step: 3800 time: 7.88 loss: 1.8776e-01 error u: 1.3991e-03
Step: 3900 time: 7.94 loss: 1.8218e-01 error u: 1.4014e-03
Step: 4000 time: 7.94 loss: 1.7786e-01 error u: 1.4035e-03
Step: 4100 time: 7.87 loss: 1.7258e-01 error u: 1.3898e-03
Step: 4200 time: 7.91 loss: 1.6747e-01 error u: 1.3773e-03
Step: 4300 time: 7.91 loss: 1.6224e-01 error u: 1.3364e-03
Step: 4400 time: 7.91 loss: 1.5925e-01 error u: 1.3290e-03
Step: 4500 time: 7.86 loss: 1.5565e-01 error u: 1.3101e-03
Step: 4600 time: 7.87 loss: 1.5225e-01 error u: 1.3012e-03
Step: 4700 time: 7.92 loss: 1.4883e-01 error u: 1.2587e-03
Step: 4800 time: 7.89 loss: 1.4538e-01 error u: 1.2253e-03
Step: 4900 time: 7.92 loss: 1.4229e-01 error u: 1.2138e-03
Step: 5000 time: 7.91 loss: 1.3888e-01 error u: 1.1987e-03
Step: 5100 time: 7.89 loss: 1.3585e-01 error u: 1.1934e-03
Step: 5200 time: 7.94 loss: 1.3245e-01 error u: 1.2131e-03
Step: 5300 time: 7.92 loss: 1.2968e-01 error u: 1.2062e-03
Step: 5400 time: 7.92 loss: 1.2664e-01 error u: 1.2059e-03
Step: 5500 time: 7.94 loss: 1.2362e-01 error u: 1.1830e-03
Step: 5600 time: 7.92 loss: 1.2100e-01 error u: 1.1673e-03
Step: 5700 time: 7.92 loss: 1.1859e-01 error u: 1.1435e-03
Step: 5800 time: 7.95 loss: 1.1637e-01 error u: 1.1168e-03
Step: 5900 time: 7.91 loss: 1.1421e-01 error u: 1.1042e-03
Step: 6000 time: 7.89 loss: 1.1153e-01 error u: 1.1223e-03
Step: 6100 time: 7.88 loss: 1.0857e-01 error u: 1.1016e-03
Step: 6200 time: 7.88 loss: 1.0555e-01 error u: 1.0707e-03
Step: 6300 time: 7.91 loss: 1.0321e-01 error u: 1.0382e-03
Step: 6400 time: 7.91 loss: 1.0125e-01 error u: 1.0253e-03
Step: 6500 time: 7.88 loss: 9.9714e-02 error u: 1.0161e-03
Step: 6600 time: 7.91 loss: 9.7590e-02 error u: 1.0043e-03
Step: 6700 time: 7.86 loss: 9.5769e-02 error u: 9.9162e-04
Step: 6800 time: 7.81 loss: 9.4127e-02 error u: 9.8645e-04
Step: 6900 time: 7.95 loss: 9.2321e-02 error u: 9.7587e-04
Step: 7000 time: 7.98 loss: 9.0277e-02 error u: 9.7598e-04
Step: 7100 time: 7.84 loss: 8.8556e-02 error u: 9.8223e-04
Step: 7200 time: 7.91 loss: 8.7018e-02 error u: 9.8411e-04
Step: 7300 time: 7.81 loss: 8.5062e-02 error u: 9.7945e-04
Step: 7400 time: 7.86 loss: 8.3120e-02 error u: 9.6317e-04
Step: 7500 time: 7.88 loss: 8.1467e-02 error u: 9.4166e-04
Step: 7600 time: 7.84 loss: 7.9219e-02 error u: 9.1852e-04
Step: 7700 time: 7.87 loss: 7.7465e-02 error u: 9.0452e-04
Step: 7800 time: 7.88 loss: 7.5439e-02 error u: 8.9569e-04
Step: 7900 time: 7.87 loss: 7.4135e-02 error u: 8.9427e-04
Step: 8000 time: 7.86 loss: 7.2816e-02 error u: 8.8669e-04
Step: 8100 time: 7.81 loss: 7.1258e-02 error u: 8.8107e-04
Step: 8200 time: 8.89 loss: 7.0204e-02 error u: 8.8101e-04
Step: 8300 time: 9.07 loss: 6.8991e-02 error u: 8.7365e-04
Step: 8400 time: 7.94 loss: 6.7857e-02 error u: 8.6351e-04
Step: 8500 time: 8.31 loss: 6.6787e-02 error u: 8.6566e-04
Step: 8600 time: 7.95 loss: 6.5541e-02 error u: 8.7641e-04
Step: 8700 time: 8.33 loss: 6.4479e-02 error u: 8.6888e-04
Step: 8800 time: 7.89 loss: 6.3648e-02 error u: 8.6305e-04
Step: 8900 time: 7.89 loss: 6.2840e-02 error u: 8.6396e-04
Step: 9000 time: 7.89 loss: 6.1812e-02 error u: 8.6417e-04
Step: 9100 time: 7.86 loss: 6.0643e-02 error u: 8.5022e-04
Step: 9200 time: 7.91 loss: 5.9507e-02 error u: 8.4076e-04
Step: 9300 time: 7.95 loss: 5.8495e-02 error u: 8.3450e-04
Step: 9400 time: 8.17 loss: 5.7486e-02 error u: 8.2330e-04
Step: 9500 time: 7.89 loss: 5.6650e-02 error u: 8.0901e-04
Step: 9600 time: 7.91 loss: 5.5806e-02 error u: 7.9390e-04
Step: 9700 time: 7.91 loss: 5.4918e-02 error u: 7.8471e-04
Step: 9800 time: 7.84 loss: 5.4050e-02 error u: 7.8145e-04
Step: 9900 time: 7.89 loss: 5.3196e-02 error u: 7.8154e-04
Step: 10000 time: 8.03 loss: 5.2327e-02 error u: 7.8332e-04
Step: 10100 time: 7.95 loss: 5.1362e-02 error u: 7.8739e-04
Step: 10200 time: 7.87 loss: 5.0433e-02 error u: 7.7469e-04
Step: 10300 time: 7.94 loss: 4.9692e-02 error u: 7.6754e-04
Step: 10400 time: 7.87 loss: 4.9055e-02 error u: 7.6395e-04
Step: 10500 time: 7.84 loss: 4.8371e-02 error u: 7.6181e-04
Step: 10600 time: 7.89 loss: 4.7750e-02 error u: 7.5598e-04
Step: 10700 time: 7.87 loss: 4.7169e-02 error u: 7.4574e-04
Step: 10800 time: 7.86 loss: 4.6727e-02 error u: 7.3775e-04
Step: 10900 time: 7.89 loss: 4.6196e-02 error u: 7.3122e-04
Step: 11000 time: 7.89 loss: 4.5822e-02 error u: 7.3133e-04
Step: 11100 time: 7.84 loss: 4.5379e-02 error u: 7.3102e-04
Step: 11200 time: 7.86 loss: 4.5019e-02 error u: 7.3193e-04
Step: 11300 time: 7.91 loss: 4.4390e-02 error u: 7.3528e-04
Step: 11400 time: 7.88 loss: 4.3725e-02 error u: 7.4056e-04
Step: 11500 time: 7.92 loss: 4.3225e-02 error u: 7.3873e-04
Step: 11600 time: 7.89 loss: 4.2754e-02 error u: 7.3825e-04
Step: 11700 time: 7.89 loss: 4.2341e-02 error u: 7.4145e-04
Step: 11800 time: 7.92 loss: 4.1739e-02 error u: 7.3606e-04
Step: 11900 time: 7.86 loss: 4.1123e-02 error u: 7.3196e-04
Step: 12000 time: 7.89 loss: 4.0461e-02 error u: 7.1764e-04
Step: 12100 time: 7.94 loss: 3.9933e-02 error u: 7.0870e-04
Step: 12200 time: 7.89 loss: 3.9423e-02 error u: 7.0637e-04
Step: 12300 time: 7.95 loss: 3.8673e-02 error u: 7.0562e-04
Step: 12400 time: 7.84 loss: 3.7996e-02 error u: 7.0462e-04
Step: 12500 time: 7.92 loss: 3.7383e-02 error u: 7.0807e-04
Step: 12600 time: 7.84 loss: 3.6967e-02 error u: 7.0333e-04
Step: 12700 time: 7.94 loss: 3.6595e-02 error u: 7.0667e-04
Step: 12800 time: 7.87 loss: 3.6229e-02 error u: 7.1147e-04
Step: 12900 time: 7.89 loss: 3.5898e-02 error u: 7.1012e-04
Step: 13000 time: 7.84 loss: 3.5502e-02 error u: 7.0755e-04
Step: 13100 time: 7.92 loss: 3.5077e-02 error u: 7.0034e-04
Step: 13200 time: 7.86 loss: 3.4688e-02 error u: 6.8968e-04
Step: 13300 time: 7.91 loss: 3.4381e-02 error u: 6.8338e-04
Step: 13400 time: 7.87 loss: 3.4093e-02 error u: 6.7744e-04
Step: 13500 time: 7.86 loss: 3.3666e-02 error u: 6.7165e-04
Step: 13600 time: 7.86 loss: 3.3388e-02 error u: 6.6659e-04
Step: 13700 time: 7.86 loss: 3.2999e-02 error u: 6.6599e-04
Step: 13800 time: 7.86 loss: 3.2643e-02 error u: 6.6582e-04
Step: 13900 time: 7.84 loss: 3.2312e-02 error u: 6.6453e-04
Step: 14000 time: 7.91 loss: 3.1978e-02 error u: 6.7082e-04
Step: 14100 time: 7.97 loss: 3.1639e-02 error u: 6.7588e-04
Step: 14200 time: 7.88 loss: 3.1352e-02 error u: 6.8306e-04
Step: 14300 time: 7.95 loss: 3.1005e-02 error u: 6.9572e-04
Step: 14400 time: 7.88 loss: 3.0640e-02 error u: 7.0304e-04
Step: 14500 time: 7.91 loss: 3.0323e-02 error u: 7.0005e-04
Step: 14600 time: 7.92 loss: 2.9999e-02 error u: 7.0740e-04
Step: 14700 time: 7.91 loss: 2.9686e-02 error u: 7.0995e-04
Step: 14800 time: 7.86 loss: 2.9397e-02 error u: 7.1138e-04
Step: 14900 time: 7.92 loss: 2.9014e-02 error u: 7.0756e-04
Step: 15000 time: 7.91 loss: 2.8743e-02 error u: 6.9519e-04
Step: 15100 time: 7.86 loss: 2.8480e-02 error u: 6.8464e-04
Step: 15200 time: 7.84 loss: 2.8204e-02 error u: 6.7523e-04
Step: 15300 time: 7.91 loss: 2.7897e-02 error u: 6.6248e-04
Step: 15400 time: 7.92 loss: 2.7641e-02 error u: 6.5630e-04
Step: 15500 time: 7.88 loss: 2.7386e-02 error u: 6.4851e-04
Step: 15600 time: 7.89 loss: 2.7111e-02 error u: 6.4173e-04
Step: 15700 time: 7.91 loss: 2.6913e-02 error u: 6.3651e-04
Step: 15800 time: 7.89 loss: 2.6723e-02 error u: 6.3052e-04
Step: 15900 time: 7.86 loss: 2.6559e-02 error u: 6.2723e-04
Step: 16000 time: 7.86 loss: 2.6363e-02 error u: 6.2405e-04
Step: 16100 time: 7.95 loss: 2.6202e-02 error u: 6.2099e-04
Step: 16200 time: 7.83 loss: 2.6010e-02 error u: 6.1588e-04
Step: 16300 time: 7.86 loss: 2.5807e-02 error u: 6.1363e-04
Step: 16400 time: 7.86 loss: 2.5574e-02 error u: 6.1669e-04
Step: 16500 time: 7.88 loss: 2.5365e-02 error u: 6.1560e-04
Step: 16600 time: 7.84 loss: 2.5212e-02 error u: 6.1540e-04
Step: 16700 time: 7.88 loss: 2.4984e-02 error u: 6.1538e-04
Step: 16800 time: 7.86 loss: 2.4785e-02 error u: 6.1418e-04
Step: 16900 time: 7.86 loss: 2.4570e-02 error u: 6.1496e-04
Step: 17000 time: 8.63 loss: 2.4337e-02 error u: 6.1097e-04
Step: 17100 time: 7.87 loss: 2.4118e-02 error u: 6.0663e-04
Step: 17200 time: 7.87 loss: 2.3815e-02 error u: 5.9586e-04
Step: 17300 time: 7.89 loss: 2.3492e-02 error u: 5.9213e-04
Step: 17400 time: 7.91 loss: 2.3220e-02 error u: 5.8958e-04
Step: 17500 time: 7.91 loss: 2.2974e-02 error u: 5.8742e-04
Step: 17600 time: 7.91 loss: 2.2721e-02 error u: 5.8538e-04
Step: 17700 time: 7.92 loss: 2.2532e-02 error u: 5.8339e-04
Step: 17800 time: 7.86 loss: 2.2334e-02 error u: 5.8122e-04
Step: 17900 time: 7.87 loss: 2.2133e-02 error u: 5.7788e-04
Step: 18000 time: 7.92 loss: 2.1943e-02 error u: 5.7680e-04
Step: 18100 time: 7.97 loss: 2.1767e-02 error u: 5.7867e-04
Step: 18200 time: 7.88 loss: 2.1548e-02 error u: 5.7631e-04
Step: 18300 time: 7.91 loss: 2.1318e-02 error u: 5.7133e-04
Step: 18400 time: 7.95 loss: 2.1122e-02 error u: 5.6760e-04
Step: 18500 time: 7.92 loss: 2.0963e-02 error u: 5.6423e-04
Step: 18600 time: 7.94 loss: 2.0803e-02 error u: 5.6317e-04
Step: 18700 time: 7.94 loss: 2.0595e-02 error u: 5.6497e-04
Step: 18800 time: 7.94 loss: 2.0370e-02 error u: 5.6558e-04
Step: 18900 time: 7.94 loss: 2.0158e-02 error u: 5.5988e-04
Step: 19000 time: 7.89 loss: 1.9920e-02 error u: 5.5744e-04
Step: 19100 time: 7.92 loss: 1.9764e-02 error u: 5.5636e-04
Step: 19200 time: 7.92 loss: 1.9628e-02 error u: 5.5474e-04
Step: 19300 time: 7.89 loss: 1.9506e-02 error u: 5.5341e-04
Step: 19400 time: 7.89 loss: 1.9368e-02 error u: 5.5356e-04
Step: 19500 time: 7.84 loss: 1.9207e-02 error u: 5.5185e-04
Step: 19600 time: 7.89 loss: 1.9039e-02 error u: 5.4931e-04
Step: 19700 time: 7.95 loss: 1.8861e-02 error u: 5.4693e-04
Step: 19800 time: 7.91 loss: 1.8728e-02 error u: 5.4484e-04
Step: 19900 time: 7.89 loss: 1.8570e-02 error u: 5.4427e-04
Step: 20000 time: 7.98 loss: 1.8455e-02 error u: 5.4121e-04
Step: 20100 time: 7.95 loss: 1.8321e-02 error u: 5.3719e-04
Step: 20200 time: 7.87 loss: 1.8202e-02 error u: 5.3535e-04
Step: 20300 time: 7.91 loss: 1.8102e-02 error u: 5.3529e-04
Step: 20400 time: 7.91 loss: 1.7981e-02 error u: 5.3673e-04
Step: 20500 time: 7.89 loss: 1.7859e-02 error u: 5.3747e-04
Step: 20600 time: 7.92 loss: 1.7718e-02 error u: 5.3913e-04
Step: 20700 time: 7.95 loss: 1.7611e-02 error u: 5.4045e-04
Step: 20800 time: 7.94 loss: 1.7506e-02 error u: 5.3772e-04
Step: 20900 time: 7.91 loss: 1.7367e-02 error u: 5.3442e-04
Step: 21000 time: 7.87 loss: 1.7221e-02 error u: 5.3018e-04
Step: 21100 time: 7.92 loss: 1.7080e-02 error u: 5.2786e-04
Step: 21200 time: 7.92 loss: 1.6960e-02 error u: 5.2331e-04
Step: 21300 time: 7.88 loss: 1.6870e-02 error u: 5.1883e-04
Step: 21400 time: 7.95 loss: 1.6798e-02 error u: 5.1635e-04
Step: 21500 time: 7.89 loss: 1.6700e-02 error u: 5.1344e-04
Step: 21600 time: 7.89 loss: 1.6611e-02 error u: 5.1062e-04
Step: 21700 time: 7.87 loss: 1.6483e-02 error u: 5.0889e-04
Step: 21800 time: 7.86 loss: 1.6346e-02 error u: 5.0694e-04
Step: 21900 time: 7.84 loss: 1.6230e-02 error u: 5.0613e-04
Step: 22000 time: 7.91 loss: 1.6104e-02 error u: 5.0765e-04
Step: 22100 time: 7.97 loss: 1.5968e-02 error u: 5.0718e-04
Step: 22200 time: 7.95 loss: 1.5799e-02 error u: 5.0246e-04
Step: 22300 time: 7.89 loss: 1.5661e-02 error u: 5.0104e-04
Step: 22400 time: 8.32 loss: 1.5527e-02 error u: 4.9730e-04
Step: 22500 time: 8.78 loss: 1.5412e-02 error u: 4.9530e-04
Step: 22600 time: 8.02 loss: 1.5285e-02 error u: 4.9415e-04
Step: 22700 time: 8.03 loss: 1.5186e-02 error u: 4.9386e-04
Step: 22800 time: 8.30 loss: 1.5089e-02 error u: 4.9253e-04
Step: 22900 time: 8.03 loss: 1.4946e-02 error u: 4.9159e-04
Step: 23000 time: 7.97 loss: 1.4813e-02 error u: 4.8966e-04
Step: 23100 time: 7.97 loss: 1.4688e-02 error u: 4.8937e-04
Step: 23200 time: 7.97 loss: 1.4566e-02 error u: 4.8854e-04
Step: 23300 time: 7.98 loss: 1.4422e-02 error u: 4.8604e-04
Step: 23400 time: 7.95 loss: 1.4300e-02 error u: 4.8524e-04
Step: 23500 time: 7.97 loss: 1.4183e-02 error u: 4.8505e-04
Step: 23600 time: 7.95 loss: 1.4082e-02 error u: 4.8676e-04
Step: 23700 time: 8.00 loss: 1.3985e-02 error u: 4.8928e-04
Step: 23800 time: 8.03 loss: 1.3895e-02 error u: 4.9070e-04
Step: 23900 time: 8.19 loss: 1.3803e-02 error u: 4.8846e-04
Step: 24000 time: 8.27 loss: 1.3618e-02 error u: 4.8574e-04
Step: 24100 time: 8.17 loss: 1.3485e-02 error u: 4.8263e-04
Step: 24200 time: 8.03 loss: 1.3338e-02 error u: 4.7808e-04
Step: 24300 time: 7.92 loss: 1.3233e-02 error u: 4.7534e-04
Step: 24400 time: 8.00 loss: 1.3160e-02 error u: 4.7343e-04
Step: 24500 time: 8.02 loss: 1.3078e-02 error u: 4.7166e-04
Step: 24600 time: 8.13 loss: 1.2994e-02 error u: 4.7170e-04
Step: 24700 time: 7.93 loss: 1.2857e-02 error u: 4.6901e-04
Step: 24800 time: 7.89 loss: 1.2778e-02 error u: 4.6553e-04
Step: 24900 time: 7.91 loss: 1.2675e-02 error u: 4.6136e-04
Step: 25000 time: 7.88 loss: 1.2599e-02 error u: 4.5767e-04
Step: 25100 time: 7.87 loss: 1.2504e-02 error u: 4.5723e-04
Step: 25200 time: 7.94 loss: 1.2406e-02 error u: 4.5208e-04
Step: 25300 time: 7.98 loss: 1.2321e-02 error u: 4.5229e-04
Step: 25400 time: 8.06 loss: 1.2244e-02 error u: 4.5005e-04
Step: 25500 time: 8.06 loss: 1.2161e-02 error u: 4.4854e-04
Step: 25600 time: 8.00 loss: 1.2095e-02 error u: 4.4554e-04
Step: 25700 time: 7.95 loss: 1.2005e-02 error u: 4.4324e-04
Step: 25800 time: 8.63 loss: 1.1932e-02 error u: 4.4272e-04
Step: 25900 time: 7.97 loss: 1.1852e-02 error u: 4.4271e-04
Step: 26000 time: 7.97 loss: 1.1771e-02 error u: 4.4156e-04
Step: 26100 time: 8.06 loss: 1.1678e-02 error u: 4.3973e-04
Step: 26200 time: 7.98 loss: 1.1589e-02 error u: 4.3925e-04
Step: 26300 time: 8.19 loss: 1.1491e-02 error u: 4.3798e-04
Step: 26400 time: 8.02 loss: 1.1390e-02 error u: 4.3844e-04
Step: 26500 time: 7.97 loss: 1.1300e-02 error u: 4.3726e-04
Step: 26600 time: 8.08 loss: 1.1215e-02 error u: 4.3675e-04
Step: 26700 time: 7.95 loss: 1.1115e-02 error u: 4.3594e-04
Step: 26800 time: 7.97 loss: 1.1022e-02 error u: 4.3367e-04
Step: 26900 time: 7.98 loss: 1.0956e-02 error u: 4.3266e-04
Step: 27000 time: 7.94 loss: 1.0894e-02 error u: 4.3287e-04
Step: 27100 time: 8.03 loss: 1.0834e-02 error u: 4.3333e-04
Step: 27200 time: 7.97 loss: 1.0784e-02 error u: 4.3489e-04
Step: 27300 time: 8.02 loss: 1.0723e-02 error u: 4.3392e-04
Step: 27400 time: 8.02 loss: 1.0682e-02 error u: 4.3307e-04
Step: 27500 time: 8.23 loss: 1.0640e-02 error u: 4.3312e-04
Step: 27600 time: 8.34 loss: 1.0573e-02 error u: 4.3341e-04
Step: 27700 time: 7.98 loss: 1.0523e-02 error u: 4.3287e-04
Step: 27800 time: 7.95 loss: 1.0475e-02 error u: 4.3272e-04
Step: 27900 time: 7.95 loss: 1.0427e-02 error u: 4.3284e-04
Step: 28000 time: 7.94 loss: 1.0383e-02 error u: 4.3313e-04
Step: 28100 time: 8.08 loss: 1.0339e-02 error u: 4.3285e-04
Step: 28200 time: 7.94 loss: 1.0268e-02 error u: 4.3297e-04
Step: 28300 time: 8.16 loss: 1.0191e-02 error u: 4.3176e-04
Step: 28400 time: 7.89 loss: 1.0133e-02 error u: 4.3029e-04
Step: 28500 time: 7.94 loss: 1.0064e-02 error u: 4.2945e-04
Step: 28600 time: 7.91 loss: 1.0024e-02 error u: 4.2834e-04
Step: 28700 time: 7.88 loss: 9.9662e-03 error u: 4.2947e-04
Step: 28800 time: 7.94 loss: 9.9174e-03 error u: 4.2988e-04
Step: 28900 time: 7.97 loss: 9.8592e-03 error u: 4.3022e-04
Step: 29000 time: 7.95 loss: 9.7787e-03 error u: 4.2953e-04
Step: 29100 time: 7.94 loss: 9.7028e-03 error u: 4.3000e-04
Step: 29200 time: 7.92 loss: 9.6594e-03 error u: 4.2981e-04
Step: 29300 time: 7.94 loss: 9.6194e-03 error u: 4.2885e-04
Step: 29400 time: 8.00 loss: 9.5654e-03 error u: 4.2884e-04
Step: 29500 time: 7.95 loss: 9.5269e-03 error u: 4.2807e-04
Step: 29600 time: 8.00 loss: 9.4782e-03 error u: 4.2745e-04
Step: 29700 time: 7.92 loss: 9.4333e-03 error u: 4.2609e-04
Step: 29800 time: 7.91 loss: 9.3852e-03 error u: 4.2461e-04
Step: 29900 time: 7.94 loss: 9.3411e-03 error u: 4.2290e-04
Step: 30000 time: 7.98 loss: 9.2893e-03 error u: 4.2147e-04
Step: 30100 time: 7.92 loss: 9.2446e-03 error u: 4.2110e-04
Step: 30200 time: 7.89 loss: 9.1855e-03 error u: 4.1973e-04
Step: 30300 time: 7.89 loss: 9.1432e-03 error u: 4.1871e-04
Step: 30400 time: 7.95 loss: 9.0953e-03 error u: 4.1760e-04
Step: 30500 time: 7.95 loss: 9.0412e-03 error u: 4.1554e-04
Step: 30600 time: 7.89 loss: 8.9895e-03 error u: 4.1558e-04
Step: 30700 time: 7.84 loss: 8.9494e-03 error u: 4.1494e-04
Step: 30800 time: 7.92 loss: 8.9101e-03 error u: 4.1479e-04
Step: 30900 time: 7.97 loss: 8.8521e-03 error u: 4.1230e-04
Step: 31000 time: 7.98 loss: 8.8011e-03 error u: 4.1103e-04
Step: 31100 time: 7.97 loss: 8.7539e-03 error u: 4.0869e-04
Step: 31200 time: 8.02 loss: 8.7169e-03 error u: 4.0690e-04
Step: 31300 time: 7.95 loss: 8.6774e-03 error u: 4.0521e-04
Step: 31400 time: 7.94 loss: 8.6348e-03 error u: 4.0418e-04
Step: 31500 time: 8.00 loss: 8.5791e-03 error u: 4.0248e-04
Step: 31600 time: 7.89 loss: 8.5254e-03 error u: 4.0058e-04
Step: 31700 time: 7.91 loss: 8.4704e-03 error u: 3.9873e-04
Step: 31800 time: 7.91 loss: 8.4055e-03 error u: 3.9705e-04
Step: 31900 time: 7.86 loss: 8.3198e-03 error u: 3.9448e-04
Step: 32000 time: 7.95 loss: 8.2151e-03 error u: 3.9106e-04
Step: 32100 time: 8.02 loss: 8.1632e-03 error u: 3.9057e-04
Step: 32200 time: 7.92 loss: 8.1132e-03 error u: 3.8787e-04
Step: 32300 time: 7.92 loss: 8.0750e-03 error u: 3.8612e-04
Step: 32400 time: 7.87 loss: 8.0136e-03 error u: 3.8473e-04
Step: 32500 time: 7.91 loss: 7.9492e-03 error u: 3.8489e-04
Step: 32600 time: 7.86 loss: 7.8877e-03 error u: 3.8245e-04
Step: 32700 time: 8.05 loss: 7.8441e-03 error u: 3.8134e-04
Step: 32800 time: 7.94 loss: 7.7814e-03 error u: 3.7992e-04
Step: 32900 time: 7.92 loss: 7.7198e-03 error u: 3.7888e-04
Step: 33000 time: 7.92 loss: 7.6526e-03 error u: 3.7654e-04
Step: 33100 time: 7.89 loss: 7.5936e-03 error u: 3.7609e-04
Step: 33200 time: 7.83 loss: 7.5486e-03 error u: 3.7534e-04
Step: 33300 time: 7.86 loss: 7.5198e-03 error u: 3.7468e-04
Step: 33400 time: 7.87 loss: 7.4814e-03 error u: 3.7245e-04
Step: 33500 time: 7.91 loss: 7.4505e-03 error u: 3.7164e-04
Step: 33600 time: 7.89 loss: 7.4091e-03 error u: 3.6983e-04
Step: 33700 time: 7.92 loss: 7.3705e-03 error u: 3.6835e-04
Step: 33800 time: 7.91 loss: 7.3348e-03 error u: 3.6810e-04
Step: 33900 time: 7.89 loss: 7.2936e-03 error u: 3.6654e-04
Step: 34000 time: 7.86 loss: 7.2472e-03 error u: 3.6521e-04
Step: 34100 time: 7.97 loss: 7.1954e-03 error u: 3.6484e-04
Step: 34200 time: 8.06 loss: 7.1376e-03 error u: 3.6381e-04
Step: 34300 time: 8.12 loss: 7.0978e-03 error u: 3.6293e-04
Step: 34400 time: 8.00 loss: 7.0576e-03 error u: 3.6278e-04
Step: 34500 time: 8.64 loss: 7.0003e-03 error u: 3.6348e-04
Step: 34600 time: 7.94 loss: 6.9276e-03 error u: 3.6335e-04
Step: 34700 time: 7.87 loss: 6.8551e-03 error u: 3.6150e-04
Step: 34800 time: 8.08 loss: 6.8064e-03 error u: 3.6028e-04
Step: 34900 time: 8.06 loss: 6.7758e-03 error u: 3.5921e-04
Step: 35000 time: 8.00 loss: 6.7284e-03 error u: 3.5786e-04
Step: 35100 time: 7.95 loss: 6.6881e-03 error u: 3.5617e-04
Step: 35200 time: 7.92 loss: 6.6406e-03 error u: 3.5484e-04
Step: 35300 time: 7.98 loss: 6.5850e-03 error u: 3.5475e-04
Step: 35400 time: 7.91 loss: 6.5395e-03 error u: 3.5280e-04
Step: 35500 time: 7.95 loss: 6.4862e-03 error u: 3.5221e-04
Step: 35600 time: 7.97 loss: 6.4349e-03 error u: 3.5283e-04
Step: 35700 time: 7.98 loss: 6.3923e-03 error u: 3.5295e-04
Step: 35800 time: 7.98 loss: 6.3354e-03 error u: 3.5409e-04
Step: 35900 time: 7.95 loss: 6.2696e-03 error u: 3.5296e-04
Step: 36000 time: 7.95 loss: 6.2080e-03 error u: 3.5116e-04
Step: 36100 time: 8.08 loss: 6.1538e-03 error u: 3.4923e-04
Step: 36200 time: 7.88 loss: 6.1027e-03 error u: 3.4777e-04
Step: 36300 time: 7.89 loss: 6.0332e-03 error u: 3.4745e-04
Step: 36400 time: 7.94 loss: 5.9602e-03 error u: 3.4651e-04
Step: 36500 time: 7.92 loss: 5.8904e-03 error u: 3.4486e-04
Step: 36600 time: 7.95 loss: 5.7998e-03 error u: 3.4430e-04
Step: 36700 time: 7.91 loss: 5.7375e-03 error u: 3.4325e-04
Step: 36800 time: 7.91 loss: 5.6935e-03 error u: 3.4401e-04
Step: 36900 time: 7.91 loss: 5.6553e-03 error u: 3.4527e-04
Step: 37000 time: 7.89 loss: 5.6032e-03 error u: 3.4415e-04
Step: 37100 time: 7.89 loss: 5.5556e-03 error u: 3.4357e-04
Step: 37200 time: 7.98 loss: 5.5054e-03 error u: 3.4298e-04
Step: 37300 time: 7.94 loss: 5.4729e-03 error u: 3.4261e-04
Step: 37400 time: 7.92 loss: 5.4358e-03 error u: 3.4249e-04
Step: 37500 time: 7.92 loss: 5.4027e-03 error u: 3.4109e-04
Step: 37600 time: 7.91 loss: 5.3755e-03 error u: 3.3966e-04
Step: 37700 time: 7.89 loss: 5.3373e-03 error u: 3.3798e-04
Step: 37800 time: 7.89 loss: 5.3135e-03 error u: 3.3659e-04
Step: 37900 time: 7.91 loss: 5.2891e-03 error u: 3.3534e-04
Step: 38000 time: 7.89 loss: 5.2492e-03 error u: 3.3424e-04
Step: 38100 time: 8.02 loss: 5.2172e-03 error u: 3.3294e-04
Step: 38200 time: 7.87 loss: 5.1820e-03 error u: 3.3149e-04
Step: 38300 time: 7.89 loss: 5.1496e-03 error u: 3.3001e-04
Step: 38400 time: 7.89 loss: 5.1203e-03 error u: 3.2773e-04
Step: 38500 time: 7.89 loss: 5.0935e-03 error u: 3.2654e-04
Step: 38600 time: 7.86 loss: 5.0657e-03 error u: 3.2427e-04
Step: 38700 time: 7.95 loss: 5.0444e-03 error u: 3.2323e-04
Step: 38800 time: 7.87 loss: 5.0249e-03 error u: 3.2337e-04
Step: 38900 time: 7.91 loss: 5.0013e-03 error u: 3.2229e-04
Step: 39000 time: 7.86 loss: 4.9649e-03 error u: 3.2118e-04
Step: 39100 time: 7.87 loss: 4.9173e-03 error u: 3.1874e-04
Step: 39200 time: 7.86 loss: 4.8892e-03 error u: 3.1706e-04
Step: 39300 time: 7.84 loss: 4.8543e-03 error u: 3.1541e-04
Step: 39400 time: 7.83 loss: 4.8282e-03 error u: 3.1371e-04
Step: 39500 time: 7.88 loss: 4.8040e-03 error u: 3.1280e-04
Step: 39600 time: 7.87 loss: 4.7848e-03 error u: 3.1219e-04
Step: 39700 time: 7.89 loss: 4.7566e-03 error u: 3.1102e-04
Step: 39800 time: 7.88 loss: 4.7325e-03 error u: 3.1035e-04
Step: 39900 time: 7.83 loss: 4.7041e-03 error u: 3.0986e-04
Step: 40000 time: 7.91 loss: 4.6676e-03 error u: 3.0929e-04
Step: 40100 time: 7.94 loss: 4.6304e-03 error u: 3.0822e-04
Step: 40200 time: 7.88 loss: 4.5937e-03 error u: 3.0879e-04
Step: 40300 time: 7.89 loss: 4.5614e-03 error u: 3.0852e-04
Step: 40400 time: 7.88 loss: 4.5277e-03 error u: 3.0838e-04
Step: 40500 time: 7.89 loss: 4.5027e-03 error u: 3.0685e-04
Step: 40600 time: 7.91 loss: 4.4666e-03 error u: 3.0582e-04
Step: 40700 time: 7.89 loss: 4.4329e-03 error u: 3.0511e-04
Step: 40800 time: 7.83 loss: 4.4029e-03 error u: 3.0413e-04
Step: 40900 time: 7.81 loss: 4.3757e-03 error u: 3.0353e-04
Step: 41000 time: 7.83 loss: 4.3498e-03 error u: 3.0385e-04
Step: 41100 time: 7.89 loss: 4.3293e-03 error u: 3.0367e-04
Step: 41200 time: 7.86 loss: 4.3087e-03 error u: 3.0339e-04
Step: 41300 time: 7.89 loss: 4.2882e-03 error u: 3.0268e-04
Step: 41400 time: 7.92 loss: 4.2629e-03 error u: 3.0091e-04
Step: 41500 time: 7.87 loss: 4.2407e-03 error u: 2.9942e-04
Step: 41600 time: 7.88 loss: 4.2201e-03 error u: 2.9847e-04
Step: 41700 time: 7.88 loss: 4.1908e-03 error u: 2.9731e-04
Step: 41800 time: 7.94 loss: 4.1733e-03 error u: 2.9693e-04
Step: 41900 time: 7.89 loss: 4.1536e-03 error u: 2.9576e-04
Step: 42000 time: 7.91 loss: 4.1314e-03 error u: 2.9508e-04
Step: 42100 time: 7.97 loss: 4.0987e-03 error u: 2.9329e-04
Step: 42200 time: 8.00 loss: 4.0623e-03 error u: 2.9264e-04
Step: 42300 time: 7.88 loss: 4.0188e-03 error u: 2.9161e-04
Step: 42400 time: 7.84 loss: 3.9795e-03 error u: 2.8994e-04
Step: 42500 time: 7.87 loss: 3.9406e-03 error u: 2.8938e-04
Step: 42600 time: 7.92 loss: 3.9082e-03 error u: 2.8785e-04
Step: 42700 time: 7.88 loss: 3.8834e-03 error u: 2.8692e-04
Step: 42800 time: 7.88 loss: 3.8638e-03 error u: 2.8606e-04
Step: 42900 time: 7.88 loss: 3.8424e-03 error u: 2.8535e-04
Step: 43000 time: 7.86 loss: 3.8231e-03 error u: 2.8529e-04
Step: 43100 time: 7.91 loss: 3.7982e-03 error u: 2.8419e-04
Step: 43200 time: 7.89 loss: 3.7682e-03 error u: 2.8291e-04
Step: 43300 time: 8.69 loss: 3.7488e-03 error u: 2.8143e-04
Step: 43400 time: 7.94 loss: 3.7306e-03 error u: 2.8032e-04
Step: 43500 time: 7.91 loss: 3.7110e-03 error u: 2.7872e-04
Step: 43600 time: 7.88 loss: 3.6929e-03 error u: 2.7743e-04
Step: 43700 time: 9.17 loss: 3.6721e-03 error u: 2.7708e-04
Step: 43800 time: 8.20 loss: 3.6502e-03 error u: 2.7593e-04
Step: 43900 time: 8.02 loss: 3.6349e-03 error u: 2.7652e-04
Step: 44000 time: 7.89 loss: 3.6128e-03 error u: 2.7595e-04
Step: 44100 time: 8.03 loss: 3.5982e-03 error u: 2.7512e-04
Step: 44200 time: 7.89 loss: 3.5772e-03 error u: 2.7521e-04
Step: 44300 time: 7.92 loss: 3.5576e-03 error u: 2.7537e-04
Step: 44400 time: 7.92 loss: 3.5420e-03 error u: 2.7538e-04
Step: 44500 time: 8.08 loss: 3.5219e-03 error u: 2.7510e-04
Step: 44600 time: 7.97 loss: 3.5029e-03 error u: 2.7395e-04
Step: 44700 time: 7.94 loss: 3.4859e-03 error u: 2.7306e-04
Step: 44800 time: 7.97 loss: 3.4630e-03 error u: 2.7148e-04
Step: 44900 time: 7.94 loss: 3.4482e-03 error u: 2.7022e-04
Step: 45000 time: 8.03 loss: 3.4364e-03 error u: 2.6974e-04
Step: 45100 time: 7.89 loss: 3.4272e-03 error u: 2.6928e-04
Step: 45200 time: 7.94 loss: 3.4165e-03 error u: 2.6874e-04
Step: 45300 time: 7.91 loss: 3.4003e-03 error u: 2.6931e-04
Step: 45400 time: 7.91 loss: 3.3892e-03 error u: 2.6950e-04
Step: 45500 time: 7.89 loss: 3.3717e-03 error u: 2.6911e-04
Step: 45600 time: 7.89 loss: 3.3525e-03 error u: 2.6859e-04
Step: 45700 time: 7.92 loss: 3.3298e-03 error u: 2.6751e-04
Step: 45800 time: 7.91 loss: 3.3044e-03 error u: 2.6610e-04
Step: 45900 time: 7.88 loss: 3.2838e-03 error u: 2.6531e-04
Step: 46000 time: 7.89 loss: 3.2607e-03 error u: 2.6589e-04
Step: 46100 time: 7.97 loss: 3.2400e-03 error u: 2.6579e-04
Step: 46200 time: 7.89 loss: 3.2174e-03 error u: 2.6515e-04
Step: 46300 time: 7.92 loss: 3.1946e-03 error u: 2.6507e-04
Step: 46400 time: 7.91 loss: 3.1757e-03 error u: 2.6497e-04
Step: 46500 time: 7.89 loss: 3.1567e-03 error u: 2.6479e-04
Step: 46600 time: 7.92 loss: 3.1414e-03 error u: 2.6502e-04
Step: 46700 time: 7.94 loss: 3.1273e-03 error u: 2.6453e-04
Step: 46800 time: 7.89 loss: 3.1097e-03 error u: 2.6380e-04
Step: 46900 time: 7.87 loss: 3.0916e-03 error u: 2.6312e-04
Step: 47000 time: 7.91 loss: 3.0733e-03 error u: 2.6333e-04
Step: 47100 time: 7.89 loss: 3.0626e-03 error u: 2.6251e-04
Step: 47200 time: 7.91 loss: 3.0568e-03 error u: 2.6210e-04
Step: 47300 time: 7.86 loss: 3.0479e-03 error u: 2.6204e-04
Step: 47400 time: 7.92 loss: 3.0374e-03 error u: 2.6141e-04
Step: 47500 time: 9.07 loss: 3.0280e-03 error u: 2.6109e-04
Step: 47600 time: 8.03 loss: 3.0184e-03 error u: 2.6093e-04
Step: 47700 time: 8.07 loss: 3.0057e-03 error u: 2.6054e-04
Step: 47800 time: 8.02 loss: 2.9979e-03 error u: 2.6006e-04
Step: 47900 time: 8.11 loss: 2.9906e-03 error u: 2.5998e-04
Step: 48000 time: 7.97 loss: 2.9838e-03 error u: 2.5999e-04
Step: 48100 time: 8.22 loss: 2.9788e-03 error u: 2.5990e-04
Step: 48200 time: 8.06 loss: 2.9716e-03 error u: 2.5981e-04
Step: 48300 time: 8.08 loss: 2.9651e-03 error u: 2.5958e-04
Step: 48400 time: 8.03 loss: 2.9590e-03 error u: 2.5943e-04
Step: 48500 time: 7.95 loss: 2.9526e-03 error u: 2.5938e-04
Step: 48600 time: 7.92 loss: 2.9428e-03 error u: 2.5894e-04
Step: 48700 time: 7.97 loss: 2.9355e-03 error u: 2.5871e-04
Step: 48800 time: 8.06 loss: 2.9290e-03 error u: 2.5868e-04
Step: 48900 time: 8.14 loss: 2.9245e-03 error u: 2.5850e-04
Step: 49000 time: 8.27 loss: 2.9185e-03 error u: 2.5847e-04
Step: 49100 time: 8.06 loss: 2.9150e-03 error u: 2.5865e-04
Step: 49200 time: 7.98 loss: 2.9110e-03 error u: 2.5870e-04
Step: 49300 time: 8.00 loss: 2.9088e-03 error u: 2.5861e-04
Step: 49400 time: 8.06 loss: 2.9012e-03 error u: 2.5857e-04
Step: 49500 time: 8.03 loss: 2.8938e-03 error u: 2.5824e-04
Step: 49600 time: 8.02 loss: 2.8880e-03 error u: 2.5785e-04
Step: 49700 time: 7.97 loss: 2.8829e-03 error u: 2.5743e-04
Step: 49800 time: 7.97 loss: 2.8774e-03 error u: 2.5707e-04
Step: 49900 time: 7.91 loss: 2.8734e-03 error u: 2.5688e-04
Step: 50000 time: 7.92 loss: 2.8677e-03 error u: 2.5638e-04
Step: 50100 time: 8.20 loss: 2.8620e-03 error u: 2.5610e-04
Step: 50200 time: 8.11 loss: 2.8524e-03 error u: 2.5583e-04
Step: 50300 time: 7.97 loss: 2.8453e-03 error u: 2.5580e-04
Step: 50400 time: 8.05 loss: 2.8413e-03 error u: 2.5529e-04
Step: 50500 time: 8.06 loss: 2.8367e-03 error u: 2.5542e-04
Step: 50600 time: 8.00 loss: 2.8279e-03 error u: 2.5520e-04
Step: 50700 time: 8.02 loss: 2.8223e-03 error u: 2.5496e-04
Step: 50800 time: 8.13 loss: 2.8164e-03 error u: 2.5478e-04
Step: 50900 time: 8.13 loss: 2.8120e-03 error u: 2.5449e-04
Step: 51000 time: 8.06 loss: 2.8071e-03 error u: 2.5437e-04
Step: 51100 time: 8.08 loss: 2.8018e-03 error u: 2.5443e-04
Step: 51200 time: 8.11 loss: 2.7977e-03 error u: 2.5425e-04
Step: 51300 time: 8.09 loss: 2.7933e-03 error u: 2.5390e-04
Step: 51400 time: 8.02 loss: 2.7871e-03 error u: 2.5374e-04
Step: 51500 time: 8.16 loss: 2.7796e-03 error u: 2.5381e-04
Step: 51600 time: 8.26 loss: 2.7752e-03 error u: 2.5346e-04
Step: 51700 time: 7.92 loss: 2.7708e-03 error u: 2.5330e-04
Step: 51800 time: 7.86 loss: 2.7687e-03 error u: 2.5336e-04
Step: 51900 time: 7.91 loss: 2.7644e-03 error u: 2.5309e-04
Step: 52000 time: 7.88 loss: 2.7602e-03 error u: 2.5296e-04
Step: 52100 time: 8.00 loss: 2.7577e-03 error u: 2.5299e-04
Step: 52200 time: 8.58 loss: 2.7561e-03 error u: 2.5290e-04
Step: 52300 time: 8.00 loss: 2.7502e-03 error u: 2.5259e-04
Step: 52400 time: 7.91 loss: 2.7461e-03 error u: 2.5228e-04
Step: 52500 time: 7.91 loss: 2.7414e-03 error u: 2.5208e-04
Step: 52600 time: 7.94 loss: 2.7372e-03 error u: 2.5190e-04
Step: 52700 time: 7.89 loss: 2.7330e-03 error u: 2.5167e-04
Step: 52800 time: 7.89 loss: 2.7302e-03 error u: 2.5170e-04
Step: 52900 time: 7.89 loss: 2.7277e-03 error u: 2.5166e-04
Step: 53000 time: 8.00 loss: 2.7260e-03 error u: 2.5150e-04
Step: 53100 time: 7.91 loss: 2.7215e-03 error u: 2.5151e-04
Step: 53200 time: 7.92 loss: 2.7184e-03 error u: 2.5165e-04
Step: 53300 time: 7.91 loss: 2.7166e-03 error u: 2.5151e-04
Step: 53400 time: 7.92 loss: 2.7153e-03 error u: 2.5170e-04
Step: 53500 time: 7.94 loss: 2.7130e-03 error u: 2.5172e-04
Step: 53600 time: 7.94 loss: 2.7100e-03 error u: 2.5176e-04
Step: 53700 time: 7.91 loss: 2.7060e-03 error u: 2.5167e-04
Step: 53800 time: 7.94 loss: 2.7011e-03 error u: 2.5138e-04
Step: 53900 time: 7.95 loss: 2.6957e-03 error u: 2.5149e-04
Step: 54000 time: 7.89 loss: 2.6904e-03 error u: 2.5137e-04
Step: 54100 time: 8.05 loss: 2.6833e-03 error u: 2.5143e-04
Step: 54200 time: 7.89 loss: 2.6775e-03 error u: 2.5143e-04
Step: 54300 time: 7.91 loss: 2.6733e-03 error u: 2.5140e-04
Step: 54400 time: 7.92 loss: 2.6697e-03 error u: 2.5141e-04
Step: 54500 time: 7.97 loss: 2.6653e-03 error u: 2.5166e-04
Step: 54600 time: 7.95 loss: 2.6602e-03 error u: 2.5104e-04
Step: 54700 time: 7.92 loss: 2.6554e-03 error u: 2.5119e-04
Step: 54800 time: 7.92 loss: 2.6537e-03 error u: 2.5121e-04
Step: 54900 time: 7.92 loss: 2.6509e-03 error u: 2.5116e-04
Step: 55000 time: 7.92 loss: 2.6477e-03 error u: 2.5121e-04
Step: 55100 time: 7.91 loss: 2.6458e-03 error u: 2.5140e-04
Step: 55200 time: 7.88 loss: 2.6426e-03 error u: 2.5107e-04
Step: 55300 time: 8.08 loss: 2.6392e-03 error u: 2.5096e-04
Step: 55400 time: 7.94 loss: 2.6373e-03 error u: 2.5110e-04
Step: 55500 time: 7.94 loss: 2.6359e-03 error u: 2.5098e-04
Step: 55600 time: 7.86 loss: 2.6318e-03 error u: 2.5085e-04
Step: 55700 time: 7.94 loss: 2.6271e-03 error u: 2.5078e-04
Step: 55800 time: 7.86 loss: 2.6254e-03 error u: 2.5061e-04
Step: 55900 time: 7.92 loss: 2.6214e-03 error u: 2.5042e-04
Step: 56000 time: 7.91 loss: 2.6204e-03 error u: 2.5042e-04
Step: 56100 time: 8.08 loss: 2.6162e-03 error u: 2.5047e-04
Step: 56200 time: 7.94 loss: 2.6117e-03 error u: 2.5026e-04
Step: 56300 time: 7.89 loss: 2.6068e-03 error u: 2.5021e-04
Step: 56400 time: 7.92 loss: 2.6035e-03 error u: 2.4999e-04
Step: 56500 time: 7.91 loss: 2.6003e-03 error u: 2.4993e-04
Step: 56600 time: 7.91 loss: 2.5990e-03 error u: 2.4992e-04
Step: 56700 time: 7.91 loss: 2.5955e-03 error u: 2.4997e-04
Step: 56800 time: 7.94 loss: 2.5942e-03 error u: 2.4996e-04
Step: 56900 time: 7.92 loss: 2.5896e-03 error u: 2.4997e-04
Step: 57000 time: 7.91 loss: 2.5863e-03 error u: 2.5000e-04
Step: 57100 time: 7.94 loss: 2.5828e-03 error u: 2.5006e-04
Step: 57200 time: 7.92 loss: 2.5796e-03 error u: 2.4991e-04
Step: 57300 time: 7.89 loss: 2.5748e-03 error u: 2.4984e-04
Step: 57400 time: 7.88 loss: 2.5698e-03 error u: 2.4936e-04
Step: 57500 time: 7.87 loss: 2.5663e-03 error u: 2.4916e-04
Step: 57600 time: 7.92 loss: 2.5637e-03 error u: 2.4933e-04
Step: 57700 time: 7.89 loss: 2.5618e-03 error u: 2.4923e-04
Step: 57800 time: 7.86 loss: 2.5595e-03 error u: 2.4924e-04
Step: 57900 time: 7.91 loss: 2.5571e-03 error u: 2.4909e-04
Step: 58000 time: 7.92 loss: 2.5517e-03 error u: 2.4866e-04
Step: 58100 time: 8.03 loss: 2.5478e-03 error u: 2.4858e-04
Step: 58200 time: 7.89 loss: 2.5435e-03 error u: 2.4847e-04
Step: 58300 time: 7.94 loss: 2.5402e-03 error u: 2.4823e-04
Step: 58400 time: 7.86 loss: 2.5387e-03 error u: 2.4829e-04
Step: 58500 time: 7.87 loss: 2.5360e-03 error u: 2.4825e-04
Step: 58600 time: 7.94 loss: 2.5339e-03 error u: 2.4828e-04
Step: 58700 time: 7.94 loss: 2.5276e-03 error u: 2.4818e-04
Step: 58800 time: 7.94 loss: 2.5256e-03 error u: 2.4810e-04
Step: 58900 time: 7.91 loss: 2.5232e-03 error u: 2.4777e-04
Step: 59000 time: 7.92 loss: 2.5200e-03 error u: 2.4787e-04
Step: 59100 time: 7.95 loss: 2.5142e-03 error u: 2.4792e-04
Step: 59200 time: 7.91 loss: 2.5099e-03 error u: 2.4792e-04
Step: 59300 time: 7.88 loss: 2.5065e-03 error u: 2.4791e-04
Step: 59400 time: 7.89 loss: 2.5020e-03 error u: 2.4787e-04
Step: 59500 time: 7.89 loss: 2.4994e-03 error u: 2.4779e-04
Step: 59600 time: 7.92 loss: 2.4950e-03 error u: 2.4768e-04
Step: 59700 time: 7.86 loss: 2.4914e-03 error u: 2.4781e-04
Step: 59800 time: 7.95 loss: 2.4874e-03 error u: 2.4740e-04
Step: 59900 time: 7.91 loss: 2.4853e-03 error u: 2.4722e-04
Step: 60000 time: 7.92 loss: 2.4819e-03 error u: 2.4701e-04
Step: 60100 time: 8.02 loss: 2.4788e-03 error u: 2.4687e-04
Step: 60200 time: 8.03 loss: 2.4752e-03 error u: 2.4666e-04
Step: 60300 time: 7.98 loss: 2.4712e-03 error u: 2.4651e-04
Step: 60400 time: 7.91 loss: 2.4651e-03 error u: 2.4630e-04
Step: 60500 time: 7.92 loss: 2.4598e-03 error u: 2.4583e-04
Step: 60600 time: 7.91 loss: 2.4560e-03 error u: 2.4571e-04
Step: 60700 time: 7.92 loss: 2.4546e-03 error u: 2.4537e-04
Step: 60800 time: 7.86 loss: 2.4500e-03 error u: 2.4533e-04
Step: 60900 time: 7.91 loss: 2.4479e-03 error u: 2.4543e-04
Step: 61000 time: 8.69 loss: 2.4456e-03 error u: 2.4532e-04
Step: 61100 time: 7.86 loss: 2.4433e-03 error u: 2.4527e-04
Step: 61200 time: 7.86 loss: 2.4412e-03 error u: 2.4534e-04
Step: 61300 time: 7.89 loss: 2.4402e-03 error u: 2.4542e-04
Step: 61400 time: 7.88 loss: 2.4364e-03 error u: 2.4517e-04
Step: 61500 time: 7.91 loss: 2.4326e-03 error u: 2.4487e-04
Step: 61600 time: 7.86 loss: 2.4293e-03 error u: 2.4500e-04
Step: 61700 time: 7.80 loss: 2.4265e-03 error u: 2.4487e-04
Step: 61800 time: 7.91 loss: 2.4216e-03 error u: 2.4471e-04
Step: 61900 time: 7.88 loss: 2.4176e-03 error u: 2.4469e-04
Step: 62000 time: 7.91 loss: 2.4120e-03 error u: 2.4479e-04
Step: 62100 time: 8.09 loss: 2.4070e-03 error u: 2.4455e-04
Step: 62200 time: 7.89 loss: 2.4023e-03 error u: 2.4444e-04
Step: 62300 time: 7.94 loss: 2.3973e-03 error u: 2.4466e-04
Step: 62400 time: 7.89 loss: 2.3920e-03 error u: 2.4435e-04
Step: 62500 time: 7.89 loss: 2.3889e-03 error u: 2.4424e-04
Step: 62600 time: 7.92 loss: 2.3863e-03 error u: 2.4431e-04
Step: 62700 time: 7.91 loss: 2.3832e-03 error u: 2.4415e-04
Step: 62800 time: 7.97 loss: 2.3797e-03 error u: 2.4396e-04
Step: 62900 time: 7.89 loss: 2.3772e-03 error u: 2.4378e-04
Step: 63000 time: 7.88 loss: 2.3708e-03 error u: 2.4400e-04
Step: 63100 time: 7.91 loss: 2.3655e-03 error u: 2.4352e-04
Step: 63200 time: 7.94 loss: 2.3612e-03 error u: 2.4356e-04
Step: 63300 time: 7.91 loss: 2.3560e-03 error u: 2.4357e-04
Step: 63400 time: 7.87 loss: 2.3539e-03 error u: 2.4314e-04
Step: 63500 time: 7.91 loss: 2.3463e-03 error u: 2.4299e-04
Step: 63600 time: 7.95 loss: 2.3423e-03 error u: 2.4296e-04
Step: 63700 time: 7.95 loss: 2.3351e-03 error u: 2.4248e-04
Step: 63800 time: 7.92 loss: 2.3308e-03 error u: 2.4244e-04
Step: 63900 time: 7.92 loss: 2.3258e-03 error u: 2.4256e-04
Step: 64000 time: 7.89 loss: 2.3218e-03 error u: 2.4226e-04
Step: 64100 time: 8.08 loss: 2.3180e-03 error u: 2.4207e-04
Step: 64200 time: 7.92 loss: 2.3153e-03 error u: 2.4195e-04
Step: 64300 time: 7.87 loss: 2.3133e-03 error u: 2.4196e-04
Step: 64400 time: 7.94 loss: 2.3113e-03 error u: 2.4195e-04
Step: 64500 time: 7.89 loss: 2.3083e-03 error u: 2.4207e-04
Step: 64600 time: 7.94 loss: 2.3077e-03 error u: 2.4189e-04
Step: 64700 time: 7.91 loss: 2.3046e-03 error u: 2.4181e-04
Step: 64800 time: 7.87 loss: 2.3024e-03 error u: 2.4177e-04
Step: 64900 time: 7.89 loss: 2.2991e-03 error u: 2.4155e-04
Step: 65000 time: 7.94 loss: 2.2999e-03 error u: 2.4167e-04
Step: 65100 time: 8.00 loss: 2.2960e-03 error u: 2.4149e-04
Step: 65200 time: 7.89 loss: 2.2945e-03 error u: 2.4144e-04
Step: 65300 time: 7.88 loss: 2.2910e-03 error u: 2.4118e-04
Step: 65400 time: 7.88 loss: 2.2894e-03 error u: 2.4103e-04
Step: 65500 time: 7.91 loss: 2.2891e-03 error u: 2.4111e-04
Step: 65600 time: 7.92 loss: 2.2857e-03 error u: 2.4082e-04
Step: 65700 time: 7.88 loss: 2.2847e-03 error u: 2.4085e-04
Step: 65800 time: 7.95 loss: 2.2842e-03 error u: 2.4095e-04
Step: 65900 time: 7.92 loss: 2.2818e-03 error u: 2.4088e-04
Step: 66000 time: 7.91 loss: 2.2804e-03 error u: 2.4067e-04
Step: 66100 time: 8.03 loss: 2.2773e-03 error u: 2.4061e-04
Step: 66200 time: 7.89 loss: 2.2742e-03 error u: 2.4080e-04
Step: 66300 time: 7.89 loss: 2.2713e-03 error u: 2.4080e-04
Step: 66400 time: 7.89 loss: 2.2698e-03 error u: 2.4054e-04
Step: 66500 time: 7.83 loss: 2.2673e-03 error u: 2.4050e-04
Step: 66600 time: 7.95 loss: 2.2640e-03 error u: 2.4062e-04
Step: 66700 time: 7.89 loss: 2.2603e-03 error u: 2.4054e-04
Step: 66800 time: 7.88 loss: 2.2600e-03 error u: 2.4051e-04
Step: 66900 time: 7.88 loss: 2.2570e-03 error u: 2.4068e-04
Step: 67000 time: 7.89 loss: 2.2555e-03 error u: 2.4070e-04
Step: 67100 time: 7.88 loss: 2.2539e-03 error u: 2.4077e-04
Step: 67200 time: 7.91 loss: 2.2533e-03 error u: 2.4065e-04
Step: 67300 time: 7.89 loss: 2.2514e-03 error u: 2.4075e-04
Step: 67400 time: 7.94 loss: 2.2512e-03 error u: 2.4069e-04
Step: 67500 time: 7.89 loss: 2.2494e-03 error u: 2.4085e-04
Step: 67600 time: 7.94 loss: 2.2477e-03 error u: 2.4085e-04
Step: 67700 time: 7.94 loss: 2.2448e-03 error u: 2.4086e-04
Step: 67800 time: 7.92 loss: 2.2430e-03 error u: 2.4095e-04
Step: 67900 time: 7.86 loss: 2.2418e-03 error u: 2.4114e-04
Step: 68000 time: 7.86 loss: 2.2394e-03 error u: 2.4106e-04
Step: 68100 time: 8.05 loss: 2.2387e-03 error u: 2.4114e-04
Step: 68200 time: 7.91 loss: 2.2364e-03 error u: 2.4122e-04
Step: 68300 time: 7.94 loss: 2.2360e-03 error u: 2.4109e-04
Step: 68400 time: 7.92 loss: 2.2348e-03 error u: 2.4119e-04
Step: 68500 time: 7.92 loss: 2.2338e-03 error u: 2.4116e-04
Step: 68600 time: 7.87 loss: 2.2319e-03 error u: 2.4103e-04
Step: 68700 time: 7.92 loss: 2.2311e-03 error u: 2.4108e-04
Step: 68800 time: 7.89 loss: 2.2308e-03 error u: 2.4112e-04
Step: 68900 time: 7.97 loss: 2.2280e-03 error u: 2.4113e-04
Step: 69000 time: 7.91 loss: 2.2279e-03 error u: 2.4122e-04
Step: 69100 time: 7.95 loss: 2.2270e-03 error u: 2.4115e-04
Step: 69200 time: 7.89 loss: 2.2268e-03 error u: 2.4124e-04
Step: 69300 time: 7.94 loss: 2.2250e-03 error u: 2.4132e-04
Step: 69400 time: 7.92 loss: 2.2235e-03 error u: 2.4125e-04
Step: 69500 time: 7.88 loss: 2.2228e-03 error u: 2.4125e-04
Step: 69600 time: 7.91 loss: 2.2210e-03 error u: 2.4138e-04
Step: 69700 time: 7.87 loss: 2.2190e-03 error u: 2.4132e-04
Step: 69800 time: 7.94 loss: 2.2177e-03 error u: 2.4137e-04
Step: 69900 time: 8.66 loss: 2.2164e-03 error u: 2.4147e-04
Step: 70000 time: 7.95 loss: 2.2167e-03 error u: 2.4136e-04
Error u: 2.413614e-04
ferru =  0.00027039938
Error u : 2.413614e-04
